###############################################################################
#
# IAR ELF Linker V8.32.3.193/W32 for ARM                  28/Jun/2020  21:42:04
# Copyright 2007-2019 IAR Systems AB.
#
#    Output file  =  
#        D:\CONTROLL\A2015132039CYU\A2015132039CYU_Display\EWARM\STM32F429ZI\Exe\STM32F429ZI.out
#    Map file     =  
#        D:\CONTROLL\A2015132039CYU\A2015132039CYU_Display\EWARM\STM32F429ZI\List\STM32F429ZI.map
#    Command line =  
#        -f C:\Users\ÃÖ¿µ¿î\AppData\Local\Temp\EWA7C3.tmp
#        (D:\CONTROLL\A2015132039CYU\A2015132039CYU_Display\EWARM\STM32F429ZI\Obj\ili9341.o
#        D:\CONTROLL\A2015132039CYU\A2015132039CYU_Display\EWARM\STM32F429ZI\Obj\main.o
#        D:\CONTROLL\A2015132039CYU\A2015132039CYU_Display\EWARM\STM32F429ZI\Obj\startup_stm32f429xx.o
#        D:\CONTROLL\A2015132039CYU\A2015132039CYU_Display\EWARM\STM32F429ZI\Obj\stm32f429i_discovery.o
#        D:\CONTROLL\A2015132039CYU\A2015132039CYU_Display\EWARM\STM32F429ZI\Obj\stm32f429i_discovery_lcd.o
#        D:\CONTROLL\A2015132039CYU\A2015132039CYU_Display\EWARM\STM32F429ZI\Obj\stm32f429i_discovery_sdram.o
#        D:\CONTROLL\A2015132039CYU\A2015132039CYU_Display\EWARM\STM32F429ZI\Obj\stm32f4xx_hal.o
#        D:\CONTROLL\A2015132039CYU\A2015132039CYU_Display\EWARM\STM32F429ZI\Obj\stm32f4xx_hal_cortex.o
#        D:\CONTROLL\A2015132039CYU\A2015132039CYU_Display\EWARM\STM32F429ZI\Obj\stm32f4xx_hal_dma.o
#        D:\CONTROLL\A2015132039CYU\A2015132039CYU_Display\EWARM\STM32F429ZI\Obj\stm32f4xx_hal_dma2d.o
#        D:\CONTROLL\A2015132039CYU\A2015132039CYU_Display\EWARM\STM32F429ZI\Obj\stm32f4xx_hal_dma_ex.o
#        D:\CONTROLL\A2015132039CYU\A2015132039CYU_Display\EWARM\STM32F429ZI\Obj\stm32f4xx_hal_dsi.o
#        D:\CONTROLL\A2015132039CYU\A2015132039CYU_Display\EWARM\STM32F429ZI\Obj\stm32f4xx_hal_exti.o
#        D:\CONTROLL\A2015132039CYU\A2015132039CYU_Display\EWARM\STM32F429ZI\Obj\stm32f4xx_hal_flash.o
#        D:\CONTROLL\A2015132039CYU\A2015132039CYU_Display\EWARM\STM32F429ZI\Obj\stm32f4xx_hal_flash_ex.o
#        D:\CONTROLL\A2015132039CYU\A2015132039CYU_Display\EWARM\STM32F429ZI\Obj\stm32f4xx_hal_flash_ramfunc.o
#        D:\CONTROLL\A2015132039CYU\A2015132039CYU_Display\EWARM\STM32F429ZI\Obj\stm32f4xx_hal_gpio.o
#        D:\CONTROLL\A2015132039CYU\A2015132039CYU_Display\EWARM\STM32F429ZI\Obj\stm32f4xx_hal_i2c.o
#        D:\CONTROLL\A2015132039CYU\A2015132039CYU_Display\EWARM\STM32F429ZI\Obj\stm32f4xx_hal_i2c_ex.o
#        D:\CONTROLL\A2015132039CYU\A2015132039CYU_Display\EWARM\STM32F429ZI\Obj\stm32f4xx_hal_ltdc.o
#        D:\CONTROLL\A2015132039CYU\A2015132039CYU_Display\EWARM\STM32F429ZI\Obj\stm32f4xx_hal_ltdc_ex.o
#        D:\CONTROLL\A2015132039CYU\A2015132039CYU_Display\EWARM\STM32F429ZI\Obj\stm32f4xx_hal_msp.o
#        D:\CONTROLL\A2015132039CYU\A2015132039CYU_Display\EWARM\STM32F429ZI\Obj\stm32f4xx_hal_pwr.o
#        D:\CONTROLL\A2015132039CYU\A2015132039CYU_Display\EWARM\STM32F429ZI\Obj\stm32f4xx_hal_pwr_ex.o
#        D:\CONTROLL\A2015132039CYU\A2015132039CYU_Display\EWARM\STM32F429ZI\Obj\stm32f4xx_hal_rcc.o
#        D:\CONTROLL\A2015132039CYU\A2015132039CYU_Display\EWARM\STM32F429ZI\Obj\stm32f4xx_hal_rcc_ex.o
#        D:\CONTROLL\A2015132039CYU\A2015132039CYU_Display\EWARM\STM32F429ZI\Obj\stm32f4xx_hal_sdram.o
#        D:\CONTROLL\A2015132039CYU\A2015132039CYU_Display\EWARM\STM32F429ZI\Obj\stm32f4xx_hal_spi.o
#        D:\CONTROLL\A2015132039CYU\A2015132039CYU_Display\EWARM\STM32F429ZI\Obj\stm32f4xx_hal_tim.o
#        D:\CONTROLL\A2015132039CYU\A2015132039CYU_Display\EWARM\STM32F429ZI\Obj\stm32f4xx_hal_tim_ex.o
#        D:\CONTROLL\A2015132039CYU\A2015132039CYU_Display\EWARM\STM32F429ZI\Obj\stm32f4xx_it.o
#        D:\CONTROLL\A2015132039CYU\A2015132039CYU_Display\EWARM\STM32F429ZI\Obj\stm32f4xx_ll_fmc.o
#        D:\CONTROLL\A2015132039CYU\A2015132039CYU_Display\EWARM\STM32F429ZI\Obj\system_stm32f4xx.o
#        --redirect _Printf=_PrintfFull --redirect _Scanf=_ScanfFull
#        --no_out_extension -o
#        D:\CONTROLL\A2015132039CYU\A2015132039CYU_Display\EWARM\STM32F429ZI\Exe\STM32F429ZI.out
#        --map
#        D:\CONTROLL\A2015132039CYU\A2015132039CYU_Display\EWARM\STM32F429ZI\List\STM32F429ZI.map
#        --config
#        D:\CONTROLL\A2015132039CYU\A2015132039CYU_Display\EWARM/stm32f429xx_flash.icf
#        --semihosting --entry __iar_program_start --vfe --text_out locale)
#
###############################################################################

*******************************************************************************
*** RUNTIME MODEL ATTRIBUTES
***

CppFlavor       = *
__SystemLibrary = DLib
__dlib_version  = 6


*******************************************************************************
*** HEAP SELECTION
***

The basic heap was selected because some modules are built with
size limitations (and not runtime checking), and --advanced_heap
was not specified.


*******************************************************************************
*** PLACEMENT SUMMARY
***

"A0":  place at 0x800'0000 { ro section .intvec };
"P1":  place in [from 0x800'0000 to 0x81f'ffff] { ro };
define block CSTACK with size = 1K, alignment = 8 { };
define block HEAP with size = 512, alignment = 8 { };
"P2":  place in [from 0x2000'0000 to 0x2002'ffff] {
          rw, block CSTACK, block HEAP };
initialize by copy { rw };

  Section            Kind         Address    Size  Object
  -------            ----         -------    ----  ------
"A0":                                       0x1ac
  .intvec            ro code   0x800'0000   0x1ac  startup_stm32f429xx.o [1]
                             - 0x800'01ac   0x1ac

"P1":                                      0x6a50
  .rodata            const     0x800'01ac  0x1ab8  stm32f429i_discovery_lcd.o [1]
  .rodata            const     0x800'1c64   0xbe0  stm32f429i_discovery_lcd.o [1]
  .text              ro code   0x800'2844   0x6bc  stm32f429i_discovery_lcd.o [1]
  .text              ro code   0x800'2f00   0x234  stm32f4xx_hal_rcc_ex.o [1]
  .text              ro code   0x800'3134   0x270  stm32f4xx_hal_ltdc.o [1]
  .text              ro code   0x800'33a4   0x284  stm32f429i_discovery_sdram.o [1]
  .text              ro code   0x800'3628   0x2aa  stm32f4xx_hal_dma2d.o [1]
  .text              ro code   0x800'38d2    0x3a  zero_init3.o [4]
  .text              ro code   0x800'390c   0x314  stm32f4xx_hal_gpio.o [1]
  .text              ro code   0x800'3c20     0xc  stm32f4xx_hal.o [1]
  .text              ro code   0x800'3c2c   0x3e4  stm32f4xx_hal_msp.o [1]
  .text              ro code   0x800'4010    0x18  ABImemcpy_small.o [4]
  .text              ro code   0x800'4028    0x9c  stm32f4xx_hal_sdram.o [1]
  .text              ro code   0x800'40c4    0x28  stm32f4xx_hal.o [1]
  .text              ro code   0x800'40ec   0x188  stm32f4xx_hal_dma.o [1]
  .text              ro code   0x800'4274    0xc4  stm32f4xx_hal_cortex.o [1]
  .text              ro code   0x800'4338     0x6  ABImemclr4.o [4]
  .text              ro code   0x800'4340   0x14e  stm32f4xx_ll_fmc.o [1]
  .text              ro code   0x800'4490    0x32  ABImemset48.o [4]
  .text              ro code   0x800'44c4   0x660  stm32f4xx_hal_spi.o [1]
  .text              ro code   0x800'4b24   0x516  main.o [1]
  .text              ro code   0x800'503c    0x34  stm32f4xx_hal.o [1]
  .text              ro code   0x800'5070   0x150  stm32f4xx_hal_i2c.o [1]
  .text              ro code   0x800'51c0    0x7a  stm32f4xx_hal_i2c_ex.o [1]
  .text              ro code   0x800'523c    0x22  S32ToDbl.o [3]
  .text              ro code   0x800'5260   0x1a2  DblMul.o [3]
  .text              ro code   0x800'5404   0x246  DblDiv.o [3]
  .text              ro code   0x800'564c    0x12  math_wrappers64.o [3]
  .text              ro code   0x800'5660   0x17a  DblAdd.o [3]
  .text              ro code   0x800'57dc    0x3a  DblToS32.o [3]
  .text              ro code   0x800'5818   0x324  stm32f4xx_hal_rcc.o [1]
  .text              ro code   0x800'5b3c   0x1a0  stm32f4xx_hal_rcc.o [1]
  .text              ro code   0x800'5cdc    0x40  stm32f4xx_hal.o [1]
  .text              ro code   0x800'5d1c   0x440  cos_sin64.o [3]
  .text              ro code   0x800'615c    0xe2  DblSub.o [3]
  .text              ro code   0x800'6240   0x106  I64DivMod_small.o [4]
  .text              ro code   0x800'6348    0x2e  DblCmpLe.o [3]
  .text              ro code   0x800'6378     0x2  I64DivZer.o [4]
  .text              ro code   0x800'637a   0x2a0  ili9341.o [1]
  .text              ro code   0x800'661c   0x20c  stm32f429i_discovery.o [1]
  .rodata            const     0x800'6828    0x68  main.o [1]
  .rodata            const     0x800'6890    0x60  main.o [1]
  .text              ro code   0x800'68f0    0x38  packbits_init_single.o [4]
  .text              ro code   0x800'6928    0x2c  system_stm32f4xx.o [1]
  .text              ro code   0x800'6954    0x28  data_init.o [4]
  .text              ro code   0x800'697c    0x22  fpinit_M.o [3]
  .iar.init_table    const     0x800'69a0    0x20  - Linker created -
  .text              ro code   0x800'69c0    0x1e  cmain.o [4]
  .text              ro code   0x800'69de     0x4  low_level_init.o [2]
  .text              ro code   0x800'69e2     0x4  exit.o [2]
  .text              ro code   0x800'69e8     0xa  cexit.o [4]
  .text              ro code   0x800'69f4    0x14  exit.o [5]
  .text              ro code   0x800'6a08    0x14  stm32f4xx_it.o [1]
  .text              ro code   0x800'6a1c    0x10  stm32f4xx_hal.o [1]
  .text              ro code   0x800'6a2c    0x10  startup_stm32f429xx.o [1]
  .text              ro code   0x800'6a3c     0xc  cstartup_M.o [4]
  .rodata            const     0x800'6a48     0x8  system_stm32f4xx.o [1]
  .text              ro code   0x800'6a50     0x4  startup_stm32f429xx.o [1]
  .text              ro code   0x800'6a54     0x4  startup_stm32f429xx.o [1]
  .text              ro code   0x800'6a58     0x4  startup_stm32f429xx.o [1]
  .text              ro code   0x800'6a5c     0x4  startup_stm32f429xx.o [1]
  .text              ro code   0x800'6a60     0x4  startup_stm32f429xx.o [1]
  .text              ro code   0x800'6a64     0x4  startup_stm32f429xx.o [1]
  .text              ro code   0x800'6a68     0x4  startup_stm32f429xx.o [1]
  .text              ro code   0x800'6a6c     0x4  startup_stm32f429xx.o [1]
  .text              ro code   0x800'6a70     0x4  startup_stm32f429xx.o [1]
  .text              ro code   0x800'6a74     0x4  startup_stm32f429xx.o [1]
  .text              ro code   0x800'6a78     0x4  startup_stm32f429xx.o [1]
  .text              ro code   0x800'6a7c     0x4  startup_stm32f429xx.o [1]
  .text              ro code   0x800'6a80     0x4  startup_stm32f429xx.o [1]
  .text              ro code   0x800'6a84     0x4  startup_stm32f429xx.o [1]
  .text              ro code   0x800'6a88     0x4  startup_stm32f429xx.o [1]
  .text              ro code   0x800'6a8c     0x4  startup_stm32f429xx.o [1]
  .text              ro code   0x800'6a90     0x4  startup_stm32f429xx.o [1]
  .text              ro code   0x800'6a94     0x4  startup_stm32f429xx.o [1]
  .text              ro code   0x800'6a98     0x4  startup_stm32f429xx.o [1]
  .text              ro code   0x800'6a9c     0x4  startup_stm32f429xx.o [1]
  .text              ro code   0x800'6aa0     0x4  startup_stm32f429xx.o [1]
  .text              ro code   0x800'6aa4     0x4  startup_stm32f429xx.o [1]
  .text              ro code   0x800'6aa8     0x4  startup_stm32f429xx.o [1]
  .text              ro code   0x800'6aac     0x4  startup_stm32f429xx.o [1]
  .text              ro code   0x800'6ab0     0x4  startup_stm32f429xx.o [1]
  .text              ro code   0x800'6ab4     0x4  startup_stm32f429xx.o [1]
  .text              ro code   0x800'6ab8     0x4  startup_stm32f429xx.o [1]
  .text              ro code   0x800'6abc     0x4  startup_stm32f429xx.o [1]
  .text              ro code   0x800'6ac0     0x4  startup_stm32f429xx.o [1]
  .text              ro code   0x800'6ac4     0x4  startup_stm32f429xx.o [1]
  .text              ro code   0x800'6ac8     0x4  startup_stm32f429xx.o [1]
  .text              ro code   0x800'6acc     0x4  startup_stm32f429xx.o [1]
  .text              ro code   0x800'6ad0     0x4  startup_stm32f429xx.o [1]
  .text              ro code   0x800'6ad4     0x4  startup_stm32f429xx.o [1]
  .text              ro code   0x800'6ad8     0x4  startup_stm32f429xx.o [1]
  .text              ro code   0x800'6adc     0x4  startup_stm32f429xx.o [1]
  .text              ro code   0x800'6ae0     0x4  startup_stm32f429xx.o [1]
  .text              ro code   0x800'6ae4     0x4  startup_stm32f429xx.o [1]
  .text              ro code   0x800'6ae8     0x4  startup_stm32f429xx.o [1]
  .text              ro code   0x800'6aec     0x4  startup_stm32f429xx.o [1]
  .text              ro code   0x800'6af0     0x4  startup_stm32f429xx.o [1]
  .text              ro code   0x800'6af4     0x4  startup_stm32f429xx.o [1]
  .text              ro code   0x800'6af8     0x4  startup_stm32f429xx.o [1]
  .text              ro code   0x800'6afc     0x4  startup_stm32f429xx.o [1]
  .text              ro code   0x800'6b00     0x4  startup_stm32f429xx.o [1]
  .text              ro code   0x800'6b04     0x4  startup_stm32f429xx.o [1]
  .text              ro code   0x800'6b08     0x4  startup_stm32f429xx.o [1]
  .text              ro code   0x800'6b0c     0x4  startup_stm32f429xx.o [1]
  .text              ro code   0x800'6b10     0x4  startup_stm32f429xx.o [1]
  .text              ro code   0x800'6b14     0x4  startup_stm32f429xx.o [1]
  .text              ro code   0x800'6b18     0x4  startup_stm32f429xx.o [1]
  .text              ro code   0x800'6b1c     0x4  startup_stm32f429xx.o [1]
  .text              ro code   0x800'6b20     0x4  startup_stm32f429xx.o [1]
  .text              ro code   0x800'6b24     0x4  startup_stm32f429xx.o [1]
  .text              ro code   0x800'6b28     0x4  startup_stm32f429xx.o [1]
  .text              ro code   0x800'6b2c     0x4  startup_stm32f429xx.o [1]
  .text              ro code   0x800'6b30     0x4  startup_stm32f429xx.o [1]
  .text              ro code   0x800'6b34     0x4  startup_stm32f429xx.o [1]
  .text              ro code   0x800'6b38     0x4  startup_stm32f429xx.o [1]
  .text              ro code   0x800'6b3c     0x4  startup_stm32f429xx.o [1]
  .text              ro code   0x800'6b40     0x4  startup_stm32f429xx.o [1]
  .text              ro code   0x800'6b44     0x4  startup_stm32f429xx.o [1]
  .text              ro code   0x800'6b48     0x4  startup_stm32f429xx.o [1]
  .text              ro code   0x800'6b4c     0x4  startup_stm32f429xx.o [1]
  .text              ro code   0x800'6b50     0x4  startup_stm32f429xx.o [1]
  .text              ro code   0x800'6b54     0x4  startup_stm32f429xx.o [1]
  .text              ro code   0x800'6b58     0x4  startup_stm32f429xx.o [1]
  .text              ro code   0x800'6b5c     0x4  startup_stm32f429xx.o [1]
  .text              ro code   0x800'6b60     0x4  startup_stm32f429xx.o [1]
  .text              ro code   0x800'6b64     0x4  startup_stm32f429xx.o [1]
  .text              ro code   0x800'6b68     0x4  startup_stm32f429xx.o [1]
  .text              ro code   0x800'6b6c     0x4  startup_stm32f429xx.o [1]
  .text              ro code   0x800'6b70     0x4  startup_stm32f429xx.o [1]
  .text              ro code   0x800'6b74     0x4  startup_stm32f429xx.o [1]
  .text              ro code   0x800'6b78     0x4  startup_stm32f429xx.o [1]
  .text              ro code   0x800'6b7c     0x4  startup_stm32f429xx.o [1]
  .text              ro code   0x800'6b80     0x4  startup_stm32f429xx.o [1]
  .text              ro code   0x800'6b84     0x4  startup_stm32f429xx.o [1]
  .text              ro code   0x800'6b88     0x4  startup_stm32f429xx.o [1]
  .text              ro code   0x800'6b8c     0x4  startup_stm32f429xx.o [1]
  .text              ro code   0x800'6b90     0x4  startup_stm32f429xx.o [1]
  .text              ro code   0x800'6b94     0x4  startup_stm32f429xx.o [1]
  .text              ro code   0x800'6b98     0x4  startup_stm32f429xx.o [1]
  .text              ro code   0x800'6b9c     0x4  startup_stm32f429xx.o [1]
  .text              ro code   0x800'6ba0     0x4  startup_stm32f429xx.o [1]
  .text              ro code   0x800'6ba4     0x4  startup_stm32f429xx.o [1]
  .text              ro code   0x800'6ba8     0x4  startup_stm32f429xx.o [1]
  .text              ro code   0x800'6bac     0x4  startup_stm32f429xx.o [1]
  .text              ro code   0x800'6bb0     0x4  startup_stm32f429xx.o [1]
  .text              ro code   0x800'6bb4     0x4  startup_stm32f429xx.o [1]
  .rodata            const     0x800'6bb8     0x0  zero_init3.o [4]
  .rodata            const     0x800'6bb8     0x0  packbits_init_single.o [4]
  Initializer bytes  const     0x800'6bb8    0x44  <for P2-1>
                             - 0x800'6bfc  0x6a50

"P2", part 1 of 3:                          0x1c0
  P2-1                        0x2000'0000   0x1c0  <Init block>
    .data            inited   0x2000'0000    0x38  ili9341.o [1]
    .data            inited   0x2000'0038    0x5c  stm32f429i_discovery.o [1]
    .data            inited   0x2000'0094    0xb0  stm32f429i_discovery_lcd.o [1]
    .data            inited   0x2000'0144     0x8  stm32f429i_discovery_lcd.o [1]
    .data            inited   0x2000'014c    0x64  stm32f429i_discovery_sdram.o [1]
    .data            inited   0x2000'01b0     0xc  stm32f4xx_hal.o [1]
    .data            inited   0x2000'01bc     0x4  system_stm32f4xx.o [1]
                            - 0x2000'01c0   0x1c0

"P2", part 2 of 3:                          0x2d0
  .bss               zero     0x2000'01c0   0x130  main.o [1]
  .bss               zero     0x2000'02f0    0xa8  main.o [1]
  .bss               zero     0x2000'0398    0x60  stm32f429i_discovery_sdram.o [1]
  .bss               zero     0x2000'03f8    0x5c  stm32f429i_discovery_lcd.o [1]
  .bss               zero     0x2000'0454    0x34  stm32f429i_discovery_lcd.o [1]
  .bss               zero     0x2000'0488     0x4  stm32f4xx_hal_msp.o [1]
  .bss               zero     0x2000'048c     0x1  stm32f429i_discovery.o [1]
                            - 0x2000'048d   0x2cd

"P2", part 3 of 3:                          0x400
  CSTACK                      0x2000'0490   0x400  <Block>
    CSTACK           uninit   0x2000'0490   0x400  <Block tail>
                            - 0x2000'0890   0x400

Unused ranges:

         From           To       Size
         ----           --       ----
   0x800'6bfc   0x81f'ffff  0x1f'9404
  0x2000'0890  0x2002'ffff   0x2'f770


*******************************************************************************
*** INIT TABLE
***

          Address      Size
          -------      ----
Zero (__iar_zero_init3)
    1 destination range, total size 0x2cd:
          0x2000'01c0  0x2cd

Copy/packbits (__iar_packbits_init_single3)
    1 source range, total size 0x44 (15% of destination):
           0x800'6bb8   0x44
    1 destination range, total size 0x1c0:
          0x2000'0000  0x1c0



*******************************************************************************
*** MODULE SUMMARY
***

    Module                        ro code  ro data  rw data
    ------                        -------  -------  -------
command line/config:
    -------------------------------------------------------
    Total:

D:\CONTROLL\A2015132039CYU\A2015132039CYU_Display\EWARM\STM32F429ZI\Obj: [1]
    ili9341.o                         672        8       56
    main.o                          1 302      200      472
    startup_stm32f429xx.o             804
    stm32f429i_discovery.o            524       14       93
    stm32f429i_discovery_lcd.o      1 724    9 908      328
    stm32f429i_discovery_sdram.o      644       15      196
    stm32f4xx_hal.o                   184        2       12
    stm32f4xx_hal_cortex.o            196
    stm32f4xx_hal_dma.o               392
    stm32f4xx_hal_dma2d.o             682
    stm32f4xx_hal_gpio.o              788
    stm32f4xx_hal_i2c.o               336
    stm32f4xx_hal_i2c_ex.o            122
    stm32f4xx_hal_ltdc.o              624
    stm32f4xx_hal_msp.o               996                 4
    stm32f4xx_hal_rcc.o             1 220
    stm32f4xx_hal_rcc_ex.o            564
    stm32f4xx_hal_sdram.o             156
    stm32f4xx_hal_spi.o             1 632
    stm32f4xx_it.o                     20
    stm32f4xx_ll_fmc.o                334
    system_stm32f4xx.o                 44        9        4
    -------------------------------------------------------
    Total:                         13 960   10 156    1 165

dl7M_tlf.a: [2]
    exit.o                              4
    low_level_init.o                    4
    -------------------------------------------------------
    Total:                              8

m7M_tls.a: [3]
    DblAdd.o                          378
    DblCmpLe.o                         46
    DblDiv.o                          582
    DblMul.o                          418
    DblSub.o                          226
    DblToS32.o                         58
    S32ToDbl.o                         34
    cos_sin64.o                     1 088
    fpinit_M.o                         34
    math_wrappers64.o                  18
    -------------------------------------------------------
    Total:                          2 882

rt7M_tl.a: [4]
    ABImemclr4.o                        6
    ABImemcpy_small.o                  24
    ABImemset48.o                      50
    I64DivMod_small.o                 262
    I64DivZer.o                         2
    cexit.o                            10
    cmain.o                            30
    cstartup_M.o                       12
    data_init.o                        40
    packbits_init_single.o             56
    zero_init3.o                       58
    -------------------------------------------------------
    Total:                            550

shb_l.a: [5]
    exit.o                             20
    -------------------------------------------------------
    Total:                             20

    Gaps                               34        2
    Linker created                              32    1 024
-----------------------------------------------------------
    Grand Total:                   17 454   10 190    2 189


*******************************************************************************
*** ENTRY LIST
***

Entry                       Address    Size  Type      Object
-----                       -------    ----  ----      ------
.iar.init_table$$Base    0x800'69a0           --   Gb  - Linker created -
.iar.init_table$$Limit   0x800'69c0           --   Gb  - Linker created -
?main                    0x800'69c1          Code  Gb  cmain.o [4]
AHBPrescTable            0x800'6944    0x10  Data  Gb  system_stm32f4xx.o [1]
APBPrescTable            0x800'6a48     0x8  Data  Gb  system_stm32f4xx.o [1]
ActiveLayer             0x2000'0450     0x4  Data  Lc  stm32f429i_discovery_lcd.o [1]
BSP_LCD_Clear            0x800'2995    0x30  Code  Gb  stm32f429i_discovery_lcd.o [1]
BSP_LCD_DisplayChar      0x800'29c5    0x30  Code  Gb  stm32f429i_discovery_lcd.o [1]
BSP_LCD_DisplayStringAt
                         0x800'29f5    0xb2  Code  Gb  stm32f429i_discovery_lcd.o [1]
BSP_LCD_DrawCircle       0x800'2b57    0xce  Code  Gb  stm32f429i_discovery_lcd.o [1]
BSP_LCD_DrawHLine        0x800'2aa7    0x40  Code  Gb  stm32f429i_discovery_lcd.o [1]
BSP_LCD_DrawPixel        0x800'2c77    0x26  Code  Gb  stm32f429i_discovery_lcd.o [1]
BSP_LCD_DrawRect         0x800'2b25    0x32  Code  Gb  stm32f429i_discovery_lcd.o [1]
BSP_LCD_DrawVLine        0x800'2ae7    0x3e  Code  Gb  stm32f429i_discovery_lcd.o [1]
BSP_LCD_GetXSize         0x800'28cd     0xa  Code  Gb  stm32f429i_discovery_lcd.o [1]
BSP_LCD_GetYSize         0x800'28d7     0xa  Code  Gb  stm32f429i_discovery_lcd.o [1]
BSP_LCD_Init             0x800'2845    0x88  Code  Gb  stm32f429i_discovery_lcd.o [1]
BSP_LCD_LayerDefaultInit
                         0x800'28e1    0x7c  Code  Gb  stm32f429i_discovery_lcd.o [1]
BSP_LCD_SelectLayer      0x800'295d     0x8  Code  Gb  stm32f429i_discovery_lcd.o [1]
BSP_LCD_SetBackColor     0x800'2975    0x10  Code  Gb  stm32f429i_discovery_lcd.o [1]
BSP_LCD_SetFont          0x800'2985    0x10  Code  Gb  stm32f429i_discovery_lcd.o [1]
BSP_LCD_SetTextColor     0x800'2965    0x10  Code  Gb  stm32f429i_discovery_lcd.o [1]
BSP_SDRAM_Init           0x800'33a5    0x6e  Code  Gb  stm32f429i_discovery_sdram.o [1]
BSP_SDRAM_Init::sdramstatus
                        0x2000'014c     0x1  Data  Lc  stm32f429i_discovery_sdram.o [1]
BSP_SDRAM_Initialization_sequence
                         0x800'3413    0x6a  Code  Gb  stm32f429i_discovery_sdram.o [1]
BSP_SDRAM_MspInit::dmaHandle
                        0x2000'0398    0x60  Data  Lc  stm32f429i_discovery_sdram.o [1]
BusFault_Handler         0x800'6a0f     0x2  Code  Gb  stm32f4xx_it.o [1]
CSTACK$$Base            0x2000'0490           --   Gb  - Linker created -
CSTACK$$Limit           0x2000'0890           --   Gb  - Linker created -
Command                 0x2000'01a0    0x10  Data  Lc  stm32f429i_discovery_sdram.o [1]
DMA2D_SetConfig          0x800'384b    0x88  Code  Lc  stm32f4xx_hal_dma2d.o [1]
DMA_CalcBaseAndBitshift
                         0x800'4245    0x26  Code  Lc  stm32f4xx_hal_dma.o [1]
DMA_CalcBaseAndBitshift::flagBitshiftOffset
                         0x800'426c     0x8  Data  Lc  stm32f4xx_hal_dma.o [1]
DebugMon_Handler         0x800'6a15     0x2  Code  Gb  stm32f4xx_it.o [1]
Dma2dHandler            0x2000'03f8    0x40  Data  Lc  stm32f429i_discovery_lcd.o [1]
DrawChar                 0x800'2ca1    0xaa  Code  Lc  stm32f429i_discovery_lcd.o [1]
DrawProp                0x2000'0438    0x18  Data  Lc  stm32f429i_discovery_lcd.o [1]
FMC_Initialized         0x2000'0488     0x4  Data  Lc  stm32f4xx_hal_msp.o [1]
FMC_SDRAM_Init           0x800'4341    0x76  Code  Gb  stm32f4xx_ll_fmc.o [1]
FMC_SDRAM_ProgramRefreshRate
                         0x800'4483     0xc  Code  Gb  stm32f4xx_ll_fmc.o [1]
FMC_SDRAM_SendCommand    0x800'4439    0x4a  Code  Gb  stm32f4xx_ll_fmc.o [1]
FMC_SDRAM_Timing_Init    0x800'43b7    0x7a  Code  Gb  stm32f4xx_ll_fmc.o [1]
FillBuffer               0x800'2d55    0x52  Code  Lc  stm32f429i_discovery_lcd.o [1]
Font16                  0x2000'0144     0x8  Data  Gb  stm32f429i_discovery_lcd.o [1]
Font16_Table             0x800'1c64   0xbe0  Data  Gb  stm32f429i_discovery_lcd.o [1]
Font24                  0x2000'013c     0x8  Data  Gb  stm32f429i_discovery_lcd.o [1]
Font24_Table             0x800'01ac  0x1ab8  Data  Gb  stm32f429i_discovery_lcd.o [1]
HAL_DMA2D_ConfigLayer    0x800'37a9    0x92  Code  Gb  stm32f4xx_hal_dma2d.o [1]
HAL_DMA2D_Init           0x800'3629    0x56  Code  Gb  stm32f4xx_hal_dma2d.o [1]
HAL_DMA2D_MspInit        0x800'3c63    0x2a  Code  Gb  stm32f4xx_hal_msp.o [1]
HAL_DMA2D_PollForTransfer
                         0x800'36bf    0xcc  Code  Gb  stm32f4xx_hal_dma2d.o [1]
HAL_DMA2D_Start          0x800'367f    0x12  Code  Gb  stm32f4xx_hal_dma2d.o [1]
HAL_DMA_DeInit           0x800'41db    0x66  Code  Gb  stm32f4xx_hal_dma.o [1]
HAL_DMA_Init             0x800'40ed    0xee  Code  Gb  stm32f4xx_hal_dma.o [1]
HAL_Delay                0x800'40c5    0x28  Code  Wk  stm32f4xx_hal.o [1]
HAL_FMC_MspInit          0x800'3f09    0x9c  Code  Lc  stm32f4xx_hal_msp.o [1]
HAL_GPIO_DeInit          0x800'3ad3   0x110  Code  Gb  stm32f4xx_hal_gpio.o [1]
HAL_GPIO_Init            0x800'390d   0x1c6  Code  Gb  stm32f4xx_hal_gpio.o [1]
HAL_GPIO_WritePin        0x800'3be3     0x8  Code  Gb  stm32f4xx_hal_gpio.o [1]
HAL_GetTick              0x800'3c21     0xc  Code  Wk  stm32f4xx_hal.o [1]
HAL_I2CEx_ConfigAnalogFilter
                         0x800'51c1    0x30  Code  Gb  stm32f4xx_hal_i2c_ex.o [1]
HAL_I2CEx_ConfigDigitalFilter
                         0x800'51f1    0x2e  Code  Gb  stm32f4xx_hal_i2c_ex.o [1]
HAL_I2C_Init             0x800'5071   0x12c  Code  Gb  stm32f4xx_hal_i2c.o [1]
HAL_I2C_MspInit          0x800'3c8d    0x96  Code  Gb  stm32f4xx_hal_msp.o [1]
HAL_IncTick              0x800'6a1d    0x10  Code  Wk  stm32f4xx_hal.o [1]
HAL_Init                 0x800'503d    0x30  Code  Gb  stm32f4xx_hal.o [1]
HAL_InitTick             0x800'5cdd    0x40  Code  Wk  stm32f4xx_hal.o [1]
HAL_LTDC_ConfigLayer     0x800'321b    0x44  Code  Gb  stm32f4xx_hal_ltdc.o [1]
HAL_LTDC_EnableDither    0x800'325f    0x22  Code  Gb  stm32f4xx_hal_ltdc.o [1]
HAL_LTDC_Init            0x800'3135    0xe6  Code  Gb  stm32f4xx_hal_ltdc.o [1]
HAL_LTDC_MspInit         0x800'3d23   0x128  Code  Gb  stm32f4xx_hal_msp.o [1]
HAL_MspInit              0x800'3c2d    0x36  Code  Gb  stm32f4xx_hal_msp.o [1]
HAL_NVIC_EnableIRQ       0x800'42e3    0x16  Code  Gb  stm32f4xx_hal_cortex.o [1]
HAL_NVIC_SetPriority     0x800'42a9    0x3a  Code  Gb  stm32f4xx_hal_cortex.o [1]
HAL_NVIC_SetPriorityGrouping
                         0x800'428f    0x1a  Code  Gb  stm32f4xx_hal_cortex.o [1]
HAL_RCCEx_PeriphCLKConfig
                         0x800'2f01   0x20a  Code  Gb  stm32f4xx_hal_rcc_ex.o [1]
HAL_RCC_ClockConfig      0x800'5b3d   0x100  Code  Gb  stm32f4xx_hal_rcc.o [1]
HAL_RCC_GetPCLK1Freq     0x800'5c49    0x10  Code  Gb  stm32f4xx_hal_rcc.o [1]
HAL_RCC_OscConfig        0x800'5819   0x324  Code  Wk  stm32f4xx_hal_rcc.o [1]
HAL_SDRAM_Init           0x800'4029    0x3c  Code  Gb  stm32f4xx_hal_sdram.o [1]
HAL_SDRAM_MspInit        0x800'3fcd     0x2  Code  Gb  stm32f4xx_hal_msp.o [1]
HAL_SDRAM_ProgramRefreshRate
                         0x800'4091    0x16  Code  Gb  stm32f4xx_hal_sdram.o [1]
HAL_SDRAM_SendCommand    0x800'4065    0x2c  Code  Gb  stm32f4xx_hal_sdram.o [1]
HAL_SPI_DeInit           0x800'453b    0x28  Code  Gb  stm32f4xx_hal_spi.o [1]
HAL_SPI_GetState         0x800'49c9     0x6  Code  Gb  stm32f4xx_hal_spi.o [1]
HAL_SPI_Init             0x800'44c5    0x76  Code  Gb  stm32f4xx_hal_spi.o [1]
HAL_SPI_MspDeInit        0x800'3eeb    0x1e  Code  Gb  stm32f4xx_hal_msp.o [1]
HAL_SPI_MspInit          0x800'3e7d    0x5a  Code  Gb  stm32f4xx_hal_msp.o [1]
HAL_SPI_Receive          0x800'4689   0x130  Code  Gb  stm32f4xx_hal_spi.o [1]
HAL_SPI_Transmit         0x800'4563   0x126  Code  Gb  stm32f4xx_hal_spi.o [1]
HAL_SPI_TransmitReceive
                         0x800'47c5   0x1a6  Code  Gb  stm32f4xx_hal_spi.o [1]
HAL_SYSTICK_Config       0x800'42f9    0x28  Code  Gb  stm32f4xx_hal_cortex.o [1]
HardFault_Handler        0x800'6a0b     0x2  Code  Gb  stm32f4xx_it.o [1]
Is_LCD_IO_Initialized   0x2000'048c     0x1  Data  Lc  stm32f429i_discovery.o [1]
LCD_Delay                0x800'67f1     0x4  Code  Gb  stm32f429i_discovery.o [1]
LCD_IO_Init              0x800'66d5    0x7e  Code  Gb  stm32f429i_discovery.o [1]
LCD_IO_ReadData          0x800'67a1    0x46  Code  Gb  stm32f429i_discovery.o [1]
LCD_IO_WriteData         0x800'6769     0x8  Code  Gb  stm32f429i_discovery.o [1]
LCD_IO_WriteReg          0x800'6771     0x6  Code  Gb  stm32f429i_discovery.o [1]
LTDC_SetConfig           0x800'329b    0xfa  Code  Lc  stm32f4xx_hal_ltdc.o [1]
LcdDrv                  0x2000'0484     0x4  Data  Gb  stm32f429i_discovery_lcd.o [1]
LcdMaxX                 0x2000'02e0     0x4  Data  Gb  main.o [1]
LcdMaxY                 0x2000'02e4     0x4  Data  Gb  main.o [1]
LtdcHandler             0x2000'0094    0xa8  Data  Gb  stm32f429i_discovery_lcd.o [1]
MX_GPIO_Init             0x800'4f01    0xda  Code  Lc  main.o [1]
MX_LTDC_Init             0x800'4e35    0xc8  Code  Lc  main.o [1]
MemManage_Handler        0x800'6a0d     0x2  Code  Gb  stm32f4xx_it.o [1]
NMI_Handler              0x800'6a09     0x2  Code  Gb  stm32f4xx_it.o [1]
PendSV_Handler           0x800'6a17     0x2  Code  Gb  stm32f4xx_it.o [1]
PeriphClkInitStruct     0x2000'0454    0x30  Data  Lc  stm32f429i_discovery_lcd.o [1]
Region$$Table$$Base      0x800'69a0           --   Gb  - Linker created -
Region$$Table$$Limit     0x800'69c0           --   Gb  - Linker created -
SPI_EndRxTransaction     0x800'4a71    0x50  Code  Lc  stm32f4xx_hal_spi.o [1]
SPI_EndRxTxTransaction   0x800'4ac1    0x50  Code  Lc  stm32f4xx_hal_spi.o [1]
SPI_WaitFlagStateUntilTimeout
                         0x800'49db    0x8a  Code  Lc  stm32f4xx_hal_spi.o [1]
SPIx_Error               0x800'66c7     0xe  Code  Lc  stm32f429i_discovery.o [1]
SPIx_Init                0x800'6627    0x8a  Code  Lc  stm32f429i_discovery.o [1]
SPIx_Write               0x800'66b1    0x16  Code  Lc  stm32f429i_discovery.o [1]
SVC_Handler              0x800'6a13     0x2  Code  Gb  stm32f4xx_it.o [1]
SdramHandle             0x2000'0150    0x34  Data  Lc  stm32f429i_discovery_sdram.o [1]
SpiHandle               0x2000'0038    0x58  Data  Lc  stm32f429i_discovery.o [1]
SpixTimeout             0x2000'0090     0x4  Data  Gb  stm32f429i_discovery.o [1]
SysTick_Handler          0x800'6a19     0x4  Code  Gb  stm32f4xx_it.o [1]
SystemClock_Config       0x800'4d79    0xbc  Code  Gb  main.o [1]
SystemCoreClock         0x2000'01bc     0x4  Data  Gb  system_stm32f4xx.o [1]
SystemInit               0x800'6929    0x14  Code  Gb  system_stm32f4xx.o [1]
Timing                  0x2000'0184    0x1c  Data  Lc  stm32f429i_discovery_sdram.o [1]
UsageFault_Handler       0x800'6a11     0x2  Code  Gb  stm32f4xx_it.o [1]
__NVIC_SetPriority       0x800'4275    0x1a  Code  Lc  stm32f4xx_hal_cortex.o [1]
__aeabi_cdcmple          0x800'6349          Code  Gb  DblCmpLe.o [3]
__aeabi_d2iz             0x800'57dd          Code  Gb  DblToS32.o [3]
__aeabi_dadd             0x800'5661          Code  Gb  DblAdd.o [3]
__aeabi_ddiv             0x800'5405          Code  Gb  DblDiv.o [3]
__aeabi_dmul             0x800'5261          Code  Gb  DblMul.o [3]
__aeabi_dsub             0x800'615d          Code  Gb  DblSub.o [3]
__aeabi_i2d              0x800'523d          Code  Gb  S32ToDbl.o [3]
__aeabi_ldiv0            0x800'6379          Code  Gb  I64DivZer.o [4]
__aeabi_memclr4          0x800'4339          Code  Gb  ABImemclr4.o [4]
__cmain                  0x800'69c1          Code  Gb  cmain.o [4]
__exit                   0x800'69f5    0x14  Code  Gb  exit.o [5]
__iar_Memset4_word       0x800'4491          Code  Gb  ABImemset48.o [4]
__iar_Memset8_word       0x800'4491          Code  Gb  ABImemset48.o [4]
__iar_Sin64              0x800'5d1d   0x3aa  Code  Lc  cos_sin64.o [3]
__iar_dadd               0x800'616d          Code  Gb  DblSub.o [3]
__iar_data_init3         0x800'6955    0x28  Code  Gb  data_init.o [4]
__iar_dsub               0x800'5671          Code  Gb  DblAdd.o [3]
__iar_dsubStart          0x800'5683          Code  Gb  DblAdd.o [3]
__iar_init_vfp           0x800'697d          Code  Gb  fpinit_M.o [3]
__iar_packbits_init_single3
                         0x800'68f1    0x38  Code  Gb  packbits_init_single.o [4]
__iar_program_start      0x800'6a3d          Code  Gb  cstartup_M.o [4]
__iar_sin64              0x800'6159     0x4  Code  Gb  cos_sin64.o [3]
__iar_sin_medium         0x800'6159     0x4  Code  Gb  cos_sin64.o [3]
__iar_sin_medium64       0x800'6159     0x4  Code  Gb  cos_sin64.o [3]
__iar_sin_mediuml        0x800'6159     0x4  Code  Gb  cos_sin64.o [3]
__iar_small_Memcpy       0x800'4015          Code  Gb  ABImemcpy_small.o [4]
__iar_small_memcpy       0x800'4011          Code  Gb  ABImemcpy_small.o [4]
__iar_small_memcpy4      0x800'4011          Code  Gb  ABImemcpy_small.o [4]
__iar_small_memcpy8      0x800'4011          Code  Gb  ABImemcpy_small.o [4]
__iar_small_uldivmod     0x800'6241          Code  Gb  I64DivMod_small.o [4]
__iar_vfp_sin            0x800'5653     0xc  Code  Gb  math_wrappers64.o [3]
__iar_zero_init3         0x800'38d3    0x3a  Code  Gb  zero_init3.o [4]
__low_level_init         0x800'69df     0x4  Code  Gb  low_level_init.o [2]
__vector_table           0x800'0000          Data  Gb  startup_stm32f429xx.o [1]
_call_main               0x800'69cd          Code  Gb  cmain.o [4]
_exit                    0x800'69e9          Code  Gb  cexit.o [4]
_main                    0x800'69db          Code  Gb  cmain.o [4]
exit                     0x800'69e3     0x4  Code  Gb  exit.o [2]
hdma2d                  0x2000'01c0    0x40  Data  Gb  main.o [1]
hi2c3                   0x2000'028c    0x54  Data  Gb  main.o [1]
hltdc                   0x2000'02f0    0xa8  Data  Gb  main.o [1]
hsdram1                 0x2000'0258    0x34  Data  Gb  main.o [1]
hspi5                   0x2000'0200    0x58  Data  Gb  main.o [1]
ili9341_DisplayOff       0x800'6607     0x2  Code  Gb  ili9341.o [1]
ili9341_DisplayOn        0x800'6603     0x4  Code  Gb  ili9341.o [1]
ili9341_GetLcdPixelHeight
                         0x800'6615     0x6  Code  Gb  ili9341.o [1]
ili9341_GetLcdPixelWidth
                         0x800'6611     0x4  Code  Gb  ili9341.o [1]
ili9341_Init             0x800'637b   0x272  Code  Gb  ili9341.o [1]
ili9341_ReadID           0x800'65f1    0x12  Code  Gb  ili9341.o [1]
ili9341_WriteData        0x800'660d     0x4  Code  Gb  ili9341.o [1]
ili9341_WriteReg         0x800'6609     0x4  Code  Gb  ili9341.o [1]
ili9341_drv             0x2000'0000    0x38  Data  Gb  ili9341.o [1]
main                     0x800'4b25   0x240  Code  Gb  main.o [1]
posX                    0x2000'02e8     0x4  Data  Gb  main.o [1]
posY                    0x2000'02ec     0x4  Data  Gb  main.o [1]
sin                      0x800'6159     0x4  Code  Gb  cos_sin64.o [3]
sinl                     0x800'6159     0x4  Code  Gb  cos_sin64.o [3]
uwTick                  0x2000'01b4     0x4  Data  Gb  stm32f4xx_hal.o [1]
uwTickFreq              0x2000'01b0     0x1  Data  Gb  stm32f4xx_hal.o [1]
uwTickPrio              0x2000'01b8     0x4  Data  Gb  stm32f4xx_hal.o [1]


[1] = D:\CONTROLL\A2015132039CYU\A2015132039CYU_Display\EWARM\STM32F429ZI\Obj
[2] = dl7M_tlf.a
[3] = m7M_tls.a
[4] = rt7M_tl.a
[5] = shb_l.a

  17 454 bytes of readonly  code memory
  10 190 bytes of readonly  data memory
   2 189 bytes of readwrite data memory

Errors: none
Warnings: none
