###############################################################################
#
# IAR ELF Linker V8.32.3.193/W32 for ARM                  11/May/2020  12:36:51
# Copyright 2007-2019 IAR Systems AB.
#
#    Output file  =  
#        D:\CONTROLL\A2015132039CYU\A2015132039CYU_Tim3OC\EWARM\A2015132039CYU\Exe\A2015132039CYU.out
#    Map file     =  
#        D:\CONTROLL\A2015132039CYU\A2015132039CYU_Tim3OC\EWARM\A2015132039CYU\List\A2015132039CYU.map
#    Command line =  
#        -f C:\Users\ÃÖ¿µ¿î\AppData\Local\Temp\EW9031.tmp
#        (D:\CONTROLL\A2015132039CYU\A2015132039CYU_Tim3OC\EWARM\A2015132039CYU\Obj\main.o
#        D:\CONTROLL\A2015132039CYU\A2015132039CYU_Tim3OC\EWARM\A2015132039CYU\Obj\startup_stm32f429xx.o
#        D:\CONTROLL\A2015132039CYU\A2015132039CYU_Tim3OC\EWARM\A2015132039CYU\Obj\stm32f4xx_hal.o
#        D:\CONTROLL\A2015132039CYU\A2015132039CYU_Tim3OC\EWARM\A2015132039CYU\Obj\stm32f4xx_hal_cortex.o
#        D:\CONTROLL\A2015132039CYU\A2015132039CYU_Tim3OC\EWARM\A2015132039CYU\Obj\stm32f4xx_hal_dma.o
#        D:\CONTROLL\A2015132039CYU\A2015132039CYU_Tim3OC\EWARM\A2015132039CYU\Obj\stm32f4xx_hal_dma_ex.o
#        D:\CONTROLL\A2015132039CYU\A2015132039CYU_Tim3OC\EWARM\A2015132039CYU\Obj\stm32f4xx_hal_exti.o
#        D:\CONTROLL\A2015132039CYU\A2015132039CYU_Tim3OC\EWARM\A2015132039CYU\Obj\stm32f4xx_hal_flash.o
#        D:\CONTROLL\A2015132039CYU\A2015132039CYU_Tim3OC\EWARM\A2015132039CYU\Obj\stm32f4xx_hal_flash_ex.o
#        D:\CONTROLL\A2015132039CYU\A2015132039CYU_Tim3OC\EWARM\A2015132039CYU\Obj\stm32f4xx_hal_flash_ramfunc.o
#        D:\CONTROLL\A2015132039CYU\A2015132039CYU_Tim3OC\EWARM\A2015132039CYU\Obj\stm32f4xx_hal_gpio.o
#        D:\CONTROLL\A2015132039CYU\A2015132039CYU_Tim3OC\EWARM\A2015132039CYU\Obj\stm32f4xx_hal_msp.o
#        D:\CONTROLL\A2015132039CYU\A2015132039CYU_Tim3OC\EWARM\A2015132039CYU\Obj\stm32f4xx_hal_pwr.o
#        D:\CONTROLL\A2015132039CYU\A2015132039CYU_Tim3OC\EWARM\A2015132039CYU\Obj\stm32f4xx_hal_pwr_ex.o
#        D:\CONTROLL\A2015132039CYU\A2015132039CYU_Tim3OC\EWARM\A2015132039CYU\Obj\stm32f4xx_hal_rcc.o
#        D:\CONTROLL\A2015132039CYU\A2015132039CYU_Tim3OC\EWARM\A2015132039CYU\Obj\stm32f4xx_hal_rcc_ex.o
#        D:\CONTROLL\A2015132039CYU\A2015132039CYU_Tim3OC\EWARM\A2015132039CYU\Obj\stm32f4xx_hal_tim.o
#        D:\CONTROLL\A2015132039CYU\A2015132039CYU_Tim3OC\EWARM\A2015132039CYU\Obj\stm32f4xx_hal_tim_ex.o
#        D:\CONTROLL\A2015132039CYU\A2015132039CYU_Tim3OC\EWARM\A2015132039CYU\Obj\stm32f4xx_it.o
#        D:\CONTROLL\A2015132039CYU\A2015132039CYU_Tim3OC\EWARM\A2015132039CYU\Obj\system_stm32f4xx.o
#        --redirect _Printf=_PrintfFull --redirect _Scanf=_ScanfFull
#        --no_out_extension -o
#        D:\CONTROLL\A2015132039CYU\A2015132039CYU_Tim3OC\EWARM\A2015132039CYU\Exe\A2015132039CYU.out
#        --map
#        D:\CONTROLL\A2015132039CYU\A2015132039CYU_Tim3OC\EWARM\A2015132039CYU\List\A2015132039CYU.map
#        --config
#        D:\CONTROLL\A2015132039CYU\A2015132039CYU_Tim3OC\EWARM/stm32f429xx_flash.icf
#        --semihosting --entry __iar_program_start --vfe --text_out locale)
#
###############################################################################

*******************************************************************************
*** RUNTIME MODEL ATTRIBUTES
***

CppFlavor       = *
__SystemLibrary = DLib
__dlib_version  = 6


*******************************************************************************
*** HEAP SELECTION
***

The basic heap was selected because some modules are built with
size limitations (and not runtime checking), and --advanced_heap
was not specified.


*******************************************************************************
*** PLACEMENT SUMMARY
***

"A0":  place at 0x800'0000 { ro section .intvec };
"P1":  place in [from 0x800'0000 to 0x81f'ffff] { ro };
define block CSTACK with size = 1K, alignment = 8 { };
define block HEAP with size = 512, alignment = 8 { };
"P2":  place in [from 0x2000'0000 to 0x2002'ffff] {
          rw, block CSTACK, block HEAP };
initialize by copy { rw };

  Section            Kind         Address    Size  Object
  -------            ----         -------    ----  ------
"A0":                                       0x1ac
  .intvec            ro code   0x800'0000   0x1ac  startup_stm32f429xx.o [1]
                             - 0x800'01ac   0x1ac

"P1":                                      0x16b9
  .text              ro code   0x800'01ac   0x5b6  stm32f4xx_hal_tim.o [1]
  .text              ro code   0x800'0764    0xec  stm32f4xx_hal_msp.o [1]
  .text              ro code   0x800'0850     0x2  stm32f4xx_hal_tim.o [1]
  .text              ro code   0x800'0852     0x2  stm32f4xx_hal_tim.o [1]
  .text              ro code   0x800'0854     0x2  stm32f4xx_hal_tim.o [1]
  .text              ro code   0x800'0858   0x354  main.o [1]
  .text              ro code   0x800'0bac     0x2  stm32f4xx_hal_tim_ex.o [1]
  .text              ro code   0x800'0bae     0x2  stm32f4xx_hal_tim.o [1]
  .text              ro code   0x800'0bb0     0x2  stm32f4xx_hal_tim_ex.o [1]
  .text              ro code   0x800'0bb2     0x2  stm32f4xx_hal_tim.o [1]
  .text              ro code   0x800'0bb4     0x6  ABImemclr4.o [4]
  .text              ro code   0x800'0bbc   0x228  stm32f4xx_hal_gpio.o [1]
  .text              ro code   0x800'0de4    0x34  stm32f4xx_hal.o [1]
  .text              ro code   0x800'0e18    0xc4  stm32f4xx_hal_cortex.o [1]
  .text              ro code   0x800'0edc   0x324  stm32f4xx_hal_rcc.o [1]
  .text              ro code   0x800'1200   0x180  stm32f4xx_hal_rcc.o [1]
  .text              ro code   0x800'1380    0x8c  stm32f4xx_hal_tim_ex.o [1]
  .text              ro code   0x800'140c    0x32  ABImemset48.o [4]
  .text              ro code   0x800'1440    0x40  stm32f4xx_hal.o [1]
  .text              ro code   0x800'1480     0xc  stm32f4xx_hal.o [1]
  .text              ro code   0x800'148c   0x106  I64DivMod_small.o [4]
  .text              ro code   0x800'1594     0x2  I64DivZer.o [4]
  .text              ro code   0x800'1598    0x38  stm32f4xx_it.o [1]
  .text              ro code   0x800'15d0    0x10  stm32f4xx_hal.o [1]
  .text              ro code   0x800'15e0    0x38  packbits_init_single.o [4]
  .text              ro code   0x800'1618    0x2c  system_stm32f4xx.o [1]
  .text              ro code   0x800'1644    0x28  data_init.o [4]
  .text              ro code   0x800'166c    0x22  fpinit_M.o [3]
  .iar.init_table    const     0x800'1690    0x10  - Linker created -
  .text              ro code   0x800'16a0    0x1e  cmain.o [4]
  .text              ro code   0x800'16be     0x4  low_level_init.o [2]
  .text              ro code   0x800'16c2     0x4  exit.o [2]
  .text              ro code   0x800'16c8     0xa  cexit.o [4]
  .text              ro code   0x800'16d4    0x14  exit.o [5]
  .text              ro code   0x800'16e8    0x10  startup_stm32f429xx.o [1]
  .text              ro code   0x800'16f8     0xc  cstartup_M.o [4]
  .text              ro code   0x800'1704     0x4  startup_stm32f429xx.o [1]
  .text              ro code   0x800'1708     0x4  startup_stm32f429xx.o [1]
  .text              ro code   0x800'170c     0x4  startup_stm32f429xx.o [1]
  .text              ro code   0x800'1710     0x4  startup_stm32f429xx.o [1]
  .text              ro code   0x800'1714     0x4  startup_stm32f429xx.o [1]
  .text              ro code   0x800'1718     0x4  startup_stm32f429xx.o [1]
  .text              ro code   0x800'171c     0x4  startup_stm32f429xx.o [1]
  .text              ro code   0x800'1720     0x4  startup_stm32f429xx.o [1]
  .text              ro code   0x800'1724     0x4  startup_stm32f429xx.o [1]
  .text              ro code   0x800'1728     0x4  startup_stm32f429xx.o [1]
  .text              ro code   0x800'172c     0x4  startup_stm32f429xx.o [1]
  .text              ro code   0x800'1730     0x4  startup_stm32f429xx.o [1]
  .text              ro code   0x800'1734     0x4  startup_stm32f429xx.o [1]
  .text              ro code   0x800'1738     0x4  startup_stm32f429xx.o [1]
  .text              ro code   0x800'173c     0x4  startup_stm32f429xx.o [1]
  .text              ro code   0x800'1740     0x4  startup_stm32f429xx.o [1]
  .text              ro code   0x800'1744     0x4  startup_stm32f429xx.o [1]
  .text              ro code   0x800'1748     0x4  startup_stm32f429xx.o [1]
  .text              ro code   0x800'174c     0x4  startup_stm32f429xx.o [1]
  .text              ro code   0x800'1750     0x4  startup_stm32f429xx.o [1]
  .text              ro code   0x800'1754     0x4  startup_stm32f429xx.o [1]
  .text              ro code   0x800'1758     0x4  startup_stm32f429xx.o [1]
  .text              ro code   0x800'175c     0x4  startup_stm32f429xx.o [1]
  .text              ro code   0x800'1760     0x4  startup_stm32f429xx.o [1]
  .text              ro code   0x800'1764     0x4  startup_stm32f429xx.o [1]
  .text              ro code   0x800'1768     0x4  startup_stm32f429xx.o [1]
  .text              ro code   0x800'176c     0x4  startup_stm32f429xx.o [1]
  .text              ro code   0x800'1770     0x4  startup_stm32f429xx.o [1]
  .text              ro code   0x800'1774     0x4  startup_stm32f429xx.o [1]
  .text              ro code   0x800'1778     0x4  startup_stm32f429xx.o [1]
  .text              ro code   0x800'177c     0x4  startup_stm32f429xx.o [1]
  .text              ro code   0x800'1780     0x4  startup_stm32f429xx.o [1]
  .text              ro code   0x800'1784     0x4  startup_stm32f429xx.o [1]
  .text              ro code   0x800'1788     0x4  startup_stm32f429xx.o [1]
  .text              ro code   0x800'178c     0x4  startup_stm32f429xx.o [1]
  .text              ro code   0x800'1790     0x4  startup_stm32f429xx.o [1]
  .text              ro code   0x800'1794     0x4  startup_stm32f429xx.o [1]
  .text              ro code   0x800'1798     0x4  startup_stm32f429xx.o [1]
  .text              ro code   0x800'179c     0x4  startup_stm32f429xx.o [1]
  .text              ro code   0x800'17a0     0x4  startup_stm32f429xx.o [1]
  .text              ro code   0x800'17a4     0x4  startup_stm32f429xx.o [1]
  .text              ro code   0x800'17a8     0x4  startup_stm32f429xx.o [1]
  .text              ro code   0x800'17ac     0x4  startup_stm32f429xx.o [1]
  .text              ro code   0x800'17b0     0x4  startup_stm32f429xx.o [1]
  .text              ro code   0x800'17b4     0x4  startup_stm32f429xx.o [1]
  .text              ro code   0x800'17b8     0x4  startup_stm32f429xx.o [1]
  .text              ro code   0x800'17bc     0x4  startup_stm32f429xx.o [1]
  .text              ro code   0x800'17c0     0x4  startup_stm32f429xx.o [1]
  .text              ro code   0x800'17c4     0x4  startup_stm32f429xx.o [1]
  .text              ro code   0x800'17c8     0x4  startup_stm32f429xx.o [1]
  .text              ro code   0x800'17cc     0x4  startup_stm32f429xx.o [1]
  .text              ro code   0x800'17d0     0x4  startup_stm32f429xx.o [1]
  .text              ro code   0x800'17d4     0x4  startup_stm32f429xx.o [1]
  .text              ro code   0x800'17d8     0x4  startup_stm32f429xx.o [1]
  .text              ro code   0x800'17dc     0x4  startup_stm32f429xx.o [1]
  .text              ro code   0x800'17e0     0x4  startup_stm32f429xx.o [1]
  .text              ro code   0x800'17e4     0x4  startup_stm32f429xx.o [1]
  .text              ro code   0x800'17e8     0x4  startup_stm32f429xx.o [1]
  .text              ro code   0x800'17ec     0x4  startup_stm32f429xx.o [1]
  .text              ro code   0x800'17f0     0x4  startup_stm32f429xx.o [1]
  .text              ro code   0x800'17f4     0x4  startup_stm32f429xx.o [1]
  .text              ro code   0x800'17f8     0x4  startup_stm32f429xx.o [1]
  .text              ro code   0x800'17fc     0x4  startup_stm32f429xx.o [1]
  .text              ro code   0x800'1800     0x4  startup_stm32f429xx.o [1]
  .text              ro code   0x800'1804     0x4  startup_stm32f429xx.o [1]
  .text              ro code   0x800'1808     0x4  startup_stm32f429xx.o [1]
  .text              ro code   0x800'180c     0x4  startup_stm32f429xx.o [1]
  .text              ro code   0x800'1810     0x4  startup_stm32f429xx.o [1]
  .text              ro code   0x800'1814     0x4  startup_stm32f429xx.o [1]
  .text              ro code   0x800'1818     0x4  startup_stm32f429xx.o [1]
  .text              ro code   0x800'181c     0x4  startup_stm32f429xx.o [1]
  .text              ro code   0x800'1820     0x4  startup_stm32f429xx.o [1]
  .text              ro code   0x800'1824     0x4  startup_stm32f429xx.o [1]
  .text              ro code   0x800'1828     0x4  startup_stm32f429xx.o [1]
  .text              ro code   0x800'182c     0x4  startup_stm32f429xx.o [1]
  .text              ro code   0x800'1830     0x4  startup_stm32f429xx.o [1]
  .text              ro code   0x800'1834     0x4  startup_stm32f429xx.o [1]
  .text              ro code   0x800'1838     0x4  startup_stm32f429xx.o [1]
  .text              ro code   0x800'183c     0x4  startup_stm32f429xx.o [1]
  .text              ro code   0x800'1840     0x4  startup_stm32f429xx.o [1]
  .text              ro code   0x800'1844     0x4  startup_stm32f429xx.o [1]
  .text              ro code   0x800'1848     0x4  startup_stm32f429xx.o [1]
  .text              ro code   0x800'184c     0x4  startup_stm32f429xx.o [1]
  .text              ro code   0x800'1850     0x4  startup_stm32f429xx.o [1]
  .text              ro code   0x800'1854     0x4  startup_stm32f429xx.o [1]
  .rodata            const     0x800'1858     0x0  packbits_init_single.o [4]
  Initializer bytes  const     0x800'1858     0xd  <for P2-1>
                             - 0x800'1865  0x16b9

"P2", part 1 of 2:                           0x50
  P2-1                        0x2000'0000    0x50  <Init block>
    .data            inited   0x2000'0000     0xc  stm32f4xx_hal.o [1]
    .data            inited   0x2000'000c     0x4  system_stm32f4xx.o [1]
    .bss             inited   0x2000'0010    0x40  main.o [1]
                            - 0x2000'0050    0x50

"P2", part 2 of 2:                          0x400
  CSTACK                      0x2000'0050   0x400  <Block>
    CSTACK           uninit   0x2000'0050   0x400  <Block tail>
                            - 0x2000'0450   0x400

Unused ranges:

         From           To       Size
         ----           --       ----
   0x800'1865   0x81f'ffff  0x1f'e79b
  0x2000'0450  0x2002'ffff   0x2'fbb0


*******************************************************************************
*** INIT TABLE
***

          Address      Size
          -------      ----
Copy/packbits (__iar_packbits_init_single3)
    1 source range, total size 0xd (16% of destination):
           0x800'1858   0xd
    1 destination range, total size 0x50:
          0x2000'0000  0x50



*******************************************************************************
*** MODULE SUMMARY
***

    Module                  ro code  ro data  rw data
    ------                  -------  -------  -------
command line/config:
    -------------------------------------------------
    Total:

D:\CONTROLL\A2015132039CYU\A2015132039CYU_Tim3OC\EWARM\A2015132039CYU\Obj: [1]
    main.o                      852       11       64
    startup_stm32f429xx.o       784
    stm32f4xx_hal.o             144        1       12
    stm32f4xx_hal_cortex.o      196
    stm32f4xx_hal_gpio.o        552
    stm32f4xx_hal_msp.o         236
    stm32f4xx_hal_rcc.o       1 188
    stm32f4xx_hal_tim.o       1 472
    stm32f4xx_hal_tim_ex.o      144
    stm32f4xx_it.o               56
    system_stm32f4xx.o           44        1        4
    -------------------------------------------------
    Total:                    5 668       13       80

dl7M_tln.a: [2]
    exit.o                        4
    low_level_init.o              4
    -------------------------------------------------
    Total:                        8

m7M_tls.a: [3]
    fpinit_M.o                   34
    -------------------------------------------------
    Total:                       34

rt7M_tl.a: [4]
    ABImemclr4.o                  6
    ABImemset48.o                50
    I64DivMod_small.o           262
    I64DivZer.o                   2
    cexit.o                      10
    cmain.o                      30
    cstartup_M.o                 12
    data_init.o                  40
    packbits_init_single.o       56
    -------------------------------------------------
    Total:                      468

shb_l.a: [5]
    exit.o                       20
    -------------------------------------------------
    Total:                       20

    Gaps                         16        2
    Linker created                        16    1 024
-----------------------------------------------------
    Grand Total:              6 214       31    1 104


*******************************************************************************
*** ENTRY LIST
***

Entry                       Address   Size  Type      Object
-----                       -------   ----  ----      ------
.iar.init_table$$Base    0x800'1690          --   Gb  - Linker created -
.iar.init_table$$Limit   0x800'16a0          --   Gb  - Linker created -
?main                    0x800'16a1         Code  Gb  cmain.o [4]
AHBPrescTable            0x800'1634   0x10  Data  Gb  system_stm32f4xx.o [1]
BusFault_Handler         0x800'159f    0x2  Code  Gb  stm32f4xx_it.o [1]
CSTACK$$Base            0x2000'0050          --   Gb  - Linker created -
CSTACK$$Limit           0x2000'0450          --   Gb  - Linker created -
DebugMon_Handler         0x800'15a5    0x2  Code  Gb  stm32f4xx_it.o [1]
EXTI0_IRQHandler         0x800'15ad    0x6  Code  Gb  stm32f4xx_it.o [1]
EXTI2_IRQHandler         0x800'15b3    0x6  Code  Gb  stm32f4xx_it.o [1]
EXTI3_IRQHandler         0x800'15b9    0x6  Code  Gb  stm32f4xx_it.o [1]
EXTI4_IRQHandler         0x800'15bf    0x6  Code  Gb  stm32f4xx_it.o [1]
HAL_GPIO_EXTI_Callback   0x800'0b25   0x28  Code  Gb  main.o [1]
HAL_GPIO_EXTI_IRQHandler
                         0x800'0d99   0x10  Code  Gb  stm32f4xx_hal_gpio.o [1]
HAL_GPIO_Init            0x800'0bbd  0x1c6  Code  Gb  stm32f4xx_hal_gpio.o [1]
HAL_GPIO_TogglePin       0x800'0d8b    0xe  Code  Gb  stm32f4xx_hal_gpio.o [1]
HAL_GPIO_WritePin        0x800'0d83    0x8  Code  Gb  stm32f4xx_hal_gpio.o [1]
HAL_GetTick              0x800'1481    0xc  Code  Wk  stm32f4xx_hal.o [1]
HAL_IncTick              0x800'15d1   0x10  Code  Wk  stm32f4xx_hal.o [1]
HAL_Init                 0x800'0de5   0x30  Code  Gb  stm32f4xx_hal.o [1]
HAL_InitTick             0x800'1441   0x40  Code  Wk  stm32f4xx_hal.o [1]
HAL_MspInit              0x800'0765   0x34  Code  Gb  stm32f4xx_hal_msp.o [1]
HAL_NVIC_EnableIRQ       0x800'0e87   0x16  Code  Gb  stm32f4xx_hal_cortex.o [1]
HAL_NVIC_SetPriority     0x800'0e4d   0x3a  Code  Gb  stm32f4xx_hal_cortex.o [1]
HAL_NVIC_SetPriorityGrouping
                         0x800'0e33   0x1a  Code  Gb  stm32f4xx_hal_cortex.o [1]
HAL_RCC_ClockConfig      0x800'1201  0x100  Code  Gb  stm32f4xx_hal_rcc.o [1]
HAL_RCC_OscConfig        0x800'0edd  0x324  Code  Wk  stm32f4xx_hal_rcc.o [1]
HAL_SYSTICK_Config       0x800'0e9d   0x28  Code  Gb  stm32f4xx_hal_cortex.o [1]
HAL_TIMEx_BreakCallback
                         0x800'0bad    0x2  Code  Wk  stm32f4xx_hal_tim_ex.o [1]
HAL_TIMEx_CommutCallback
                         0x800'0bb1    0x2  Code  Wk  stm32f4xx_hal_tim_ex.o [1]
HAL_TIMEx_MasterConfigSynchronization
                         0x800'1381   0x6e  Code  Gb  stm32f4xx_hal_tim_ex.o [1]
HAL_TIM_Base_Init        0x800'01ad   0x1a  Code  Gb  stm32f4xx_hal_tim.o [1]
HAL_TIM_Base_MspInit     0x800'0799   0x26  Code  Gb  stm32f4xx_hal_msp.o [1]
HAL_TIM_Base_Start_IT    0x800'01c7   0x20  Code  Gb  stm32f4xx_hal_tim.o [1]
HAL_TIM_ConfigClockSource
                         0x800'0405   0x90  Code  Gb  stm32f4xx_hal_tim.o [1]
HAL_TIM_IRQHandler       0x800'0275  0x142  Code  Gb  stm32f4xx_hal_tim.o [1]
HAL_TIM_MspPostInit      0x800'07bf   0x7e  Code  Gb  stm32f4xx_hal_msp.o [1]
HAL_TIM_OC_ConfigChannel
                         0x800'03bd   0x48  Code  Gb  stm32f4xx_hal_tim.o [1]
HAL_TIM_OC_Init          0x800'01e7   0x18  Code  Gb  stm32f4xx_hal_tim.o [1]
HAL_TIM_OC_Start         0x800'0213   0x14  Code  Gb  stm32f4xx_hal_tim.o [1]
HAL_TIM_PeriodElapsedCallback
                         0x800'0b4d   0x26  Code  Gb  main.o [1]
HardFault_Handler        0x800'159b    0x2  Code  Gb  stm32f4xx_it.o [1]
MX_GPIO_Init             0x800'0a1b   0xe2  Code  Lc  main.o [1]
MX_TIM3_Init             0x800'0979   0x9a  Code  Lc  main.o [1]
MemManage_Handler        0x800'159d    0x2  Code  Gb  stm32f4xx_it.o [1]
NMI_Handler              0x800'1599    0x2  Code  Gb  stm32f4xx_it.o [1]
PendSV_Handler           0x800'15a7    0x2  Code  Gb  stm32f4xx_it.o [1]
Region$$Table$$Base      0x800'1690          --   Gb  - Linker created -
Region$$Table$$Limit     0x800'16a0          --   Gb  - Linker created -
SVC_Handler              0x800'15a3    0x2  Code  Gb  stm32f4xx_it.o [1]
SysTick_Handler          0x800'15a9    0x4  Code  Gb  stm32f4xx_it.o [1]
SystemClock_Config       0x800'08e3   0x94  Code  Gb  main.o [1]
SystemCoreClock         0x2000'000c    0x4  Data  Gb  system_stm32f4xx.o [1]
SystemInit               0x800'1619   0x14  Code  Gb  system_stm32f4xx.o [1]
TIM3_IRQHandler          0x800'15c5    0x6  Code  Gb  stm32f4xx_it.o [1]
TIM_Base_SetConfig       0x800'04bf   0x96  Code  Gb  stm32f4xx_hal_tim.o [1]
TIM_CCxChannelCmd        0x800'0747   0x16  Code  Gb  stm32f4xx_hal_tim.o [1]
TIM_ETR_SetConfig        0x800'0733   0x14  Code  Gb  stm32f4xx_hal_tim.o [1]
TIM_ITRx_SetConfig       0x800'0723   0x10  Code  Lc  stm32f4xx_hal_tim.o [1]
TIM_OC1_SetConfig        0x800'0555   0x58  Code  Lc  stm32f4xx_hal_tim.o [1]
TIM_OC2_SetConfig        0x800'05ad   0x60  Code  Gb  stm32f4xx_hal_tim.o [1]
TIM_OC3_SetConfig        0x800'060d   0x5e  Code  Lc  stm32f4xx_hal_tim.o [1]
TIM_OC4_SetConfig        0x800'066b   0x46  Code  Lc  stm32f4xx_hal_tim.o [1]
TIM_TI1_ConfigInputStage
                         0x800'06e1   0x1e  Code  Lc  stm32f4xx_hal_tim.o [1]
TIM_TI2_ConfigInputStage
                         0x800'06ff   0x24  Code  Lc  stm32f4xx_hal_tim.o [1]
UsageFault_Handler       0x800'15a1    0x2  Code  Gb  stm32f4xx_it.o [1]
__NVIC_SetPriority       0x800'0e19   0x1a  Code  Lc  stm32f4xx_hal_cortex.o [1]
__aeabi_ldiv0            0x800'1595         Code  Gb  I64DivZer.o [4]
__aeabi_memclr4          0x800'0bb5         Code  Gb  ABImemclr4.o [4]
__cmain                  0x800'16a1         Code  Gb  cmain.o [4]
__exit                   0x800'16d5   0x14  Code  Gb  exit.o [5]
__iar_Memset4_word       0x800'140d         Code  Gb  ABImemset48.o [4]
__iar_Memset8_word       0x800'140d         Code  Gb  ABImemset48.o [4]
__iar_data_init3         0x800'1645   0x28  Code  Gb  data_init.o [4]
__iar_init_vfp           0x800'166d         Code  Gb  fpinit_M.o [3]
__iar_packbits_init_single3
                         0x800'15e1   0x38  Code  Gb  packbits_init_single.o [4]
__iar_program_start      0x800'16f9         Code  Gb  cstartup_M.o [4]
__iar_small_uldivmod     0x800'148d         Code  Gb  I64DivMod_small.o [4]
__low_level_init         0x800'16bf    0x4  Code  Gb  low_level_init.o [2]
__vector_table           0x800'0000         Data  Gb  startup_stm32f429xx.o [1]
_call_main               0x800'16ad         Code  Gb  cmain.o [4]
_exit                    0x800'16c9         Code  Gb  cexit.o [4]
_main                    0x800'16bb         Code  Gb  cmain.o [4]
exit                     0x800'16c3    0x4  Code  Gb  exit.o [2]
htim3                   0x2000'0010   0x40  Data  Gb  main.o [1]
main                     0x800'0859   0x84  Code  Gb  main.o [1]
uwTick                  0x2000'0004    0x4  Data  Gb  stm32f4xx_hal.o [1]
uwTickFreq              0x2000'0000    0x1  Data  Gb  stm32f4xx_hal.o [1]
uwTickPrio              0x2000'0008    0x4  Data  Gb  stm32f4xx_hal.o [1]


[1] = D:\CONTROLL\A2015132039CYU\A2015132039CYU_Tim3OC\EWARM\A2015132039CYU\Obj
[2] = dl7M_tln.a
[3] = m7M_tls.a
[4] = rt7M_tl.a
[5] = shb_l.a

  6 214 bytes of readonly  code memory
     31 bytes of readonly  data memory
  1 104 bytes of readwrite data memory

Errors: none
Warnings: none
