###############################################################################
#
# IAR ELF Linker V8.32.3.193/W32 for ARM                  22/Jun/2020  11:04:39
# Copyright 2007-2019 IAR Systems AB.
#
#    Output file  =  
#        D:\CONTROLL\A2015132039CYU\2015132039CYU\EWARM\STM32F429ZI\Exe\STM32F429ZI.out
#    Map file     =  
#        D:\CONTROLL\A2015132039CYU\2015132039CYU\EWARM\STM32F429ZI\List\STM32F429ZI.map
#    Command line =  
#        -f C:\Users\ÃÖ¿µ¿î\AppData\Local\Temp\EW5CE7.tmp
#        (D:\CONTROLL\A2015132039CYU\2015132039CYU\EWARM\STM32F429ZI\Obj\Dcmotor.o
#        D:\CONTROLL\A2015132039CYU\2015132039CYU\EWARM\STM32F429ZI\Obj\DcmotorExtern.o
#        D:\CONTROLL\A2015132039CYU\2015132039CYU\EWARM\STM32F429ZI\Obj\main.o
#        D:\CONTROLL\A2015132039CYU\2015132039CYU\EWARM\STM32F429ZI\Obj\startup_stm32f429xx.o
#        D:\CONTROLL\A2015132039CYU\2015132039CYU\EWARM\STM32F429ZI\Obj\stm32f4xx_hal.o
#        D:\CONTROLL\A2015132039CYU\2015132039CYU\EWARM\STM32F429ZI\Obj\stm32f4xx_hal_cortex.o
#        D:\CONTROLL\A2015132039CYU\2015132039CYU\EWARM\STM32F429ZI\Obj\stm32f4xx_hal_dma.o
#        D:\CONTROLL\A2015132039CYU\2015132039CYU\EWARM\STM32F429ZI\Obj\stm32f4xx_hal_dma_ex.o
#        D:\CONTROLL\A2015132039CYU\2015132039CYU\EWARM\STM32F429ZI\Obj\stm32f4xx_hal_exti.o
#        D:\CONTROLL\A2015132039CYU\2015132039CYU\EWARM\STM32F429ZI\Obj\stm32f4xx_hal_flash.o
#        D:\CONTROLL\A2015132039CYU\2015132039CYU\EWARM\STM32F429ZI\Obj\stm32f4xx_hal_flash_ex.o
#        D:\CONTROLL\A2015132039CYU\2015132039CYU\EWARM\STM32F429ZI\Obj\stm32f4xx_hal_flash_ramfunc.o
#        D:\CONTROLL\A2015132039CYU\2015132039CYU\EWARM\STM32F429ZI\Obj\stm32f4xx_hal_gpio.o
#        D:\CONTROLL\A2015132039CYU\2015132039CYU\EWARM\STM32F429ZI\Obj\stm32f4xx_hal_msp.o
#        D:\CONTROLL\A2015132039CYU\2015132039CYU\EWARM\STM32F429ZI\Obj\stm32f4xx_hal_pwr.o
#        D:\CONTROLL\A2015132039CYU\2015132039CYU\EWARM\STM32F429ZI\Obj\stm32f4xx_hal_pwr_ex.o
#        D:\CONTROLL\A2015132039CYU\2015132039CYU\EWARM\STM32F429ZI\Obj\stm32f4xx_hal_rcc.o
#        D:\CONTROLL\A2015132039CYU\2015132039CYU\EWARM\STM32F429ZI\Obj\stm32f4xx_hal_rcc_ex.o
#        D:\CONTROLL\A2015132039CYU\2015132039CYU\EWARM\STM32F429ZI\Obj\stm32f4xx_hal_tim.o
#        D:\CONTROLL\A2015132039CYU\2015132039CYU\EWARM\STM32F429ZI\Obj\stm32f4xx_hal_tim_ex.o
#        D:\CONTROLL\A2015132039CYU\2015132039CYU\EWARM\STM32F429ZI\Obj\stm32f4xx_hal_uart.o
#        D:\CONTROLL\A2015132039CYU\2015132039CYU\EWARM\STM32F429ZI\Obj\stm32f4xx_it.o
#        D:\CONTROLL\A2015132039CYU\2015132039CYU\EWARM\STM32F429ZI\Obj\system_stm32f4xx.o
#        --redirect _Printf=_PrintfFull --redirect _Scanf=_ScanfFull
#        --no_out_extension -o
#        D:\CONTROLL\A2015132039CYU\2015132039CYU\EWARM\STM32F429ZI\Exe\STM32F429ZI.out
#        --map
#        D:\CONTROLL\A2015132039CYU\2015132039CYU\EWARM\STM32F429ZI\List\STM32F429ZI.map
#        --config
#        D:\CONTROLL\A2015132039CYU\2015132039CYU\EWARM/stm32f429xx_flash.icf
#        --semihosting --entry __iar_program_start --vfe --text_out locale)
#
###############################################################################

*******************************************************************************
*** RUNTIME MODEL ATTRIBUTES
***

CppFlavor       = *
__SystemLibrary = DLib
__dlib_version  = 6


*******************************************************************************
*** HEAP SELECTION
***

The basic heap was selected because some modules are built with
size limitations (and not runtime checking), and --advanced_heap
was not specified.


*******************************************************************************
*** PLACEMENT SUMMARY
***

"A0":  place at 0x800'0000 { ro section .intvec };
"P1":  place in [from 0x800'0000 to 0x81f'ffff] { ro };
define block CSTACK with size = 1K, alignment = 8 { };
define block HEAP with size = 512, alignment = 8 { };
"P2":  place in [from 0x2000'0000 to 0x2002'ffff] {
          rw, block CSTACK, block HEAP };
initialize by copy { rw };

  Section            Kind         Address    Size  Object
  -------            ----         -------    ----  ------
"A0":                                       0x1ac
  .intvec            ro code   0x800'0000   0x1ac  startup_stm32f429xx.o [1]
                             - 0x800'01ac   0x1ac

"P1":                                      0x39ba
  .text              ro code   0x800'01ac   0xf46  xprintffull.o [2]
  .text              ro code   0x800'10f2    0x7a  lz77_init_single.o [4]
  .text              ro code   0x800'116c    0x78  xlocale_c.o [2]
  .text              ro code   0x800'11e4    0x16  strchr.o [4]
  .text              ro code   0x800'11fa    0x3a  zero_init3.o [4]
  .text              ro code   0x800'1234    0x40  xfail_s.o [2]
  .text              ro code   0x800'1274    0x14  strlen_small.o [4]
  .text              ro code   0x800'1288    0x58  memchr.o [4]
  .text              ro code   0x800'12e0     0xa  xmbcurmax.o [2]
  .text              ro code   0x800'12ea    0x1e  xencoding_8859_1.o [2]
  .text              ro code   0x800'1308    0xa6  ABImemcpy.o [4]
  .text              ro code   0x800'13ae     0xa  xsprout.o [2]
  .text              ro code   0x800'13b8   0x106  I64DivMod_small.o [4]
  .text              ro code   0x800'14c0   0x1a2  DblMul.o [3]
  .text              ro code   0x800'1664    0x70  frexp.o [3]
  .text              ro code   0x800'16d4    0x2e  DblCmpLe.o [3]
  .text              ro code   0x800'1704    0x2e  DblCmpGe.o [3]
  .text              ro code   0x800'1734   0x13a  ldexp.o [3]
  .text              ro code   0x800'1870    0x3a  DblToS32.o [3]
  .text              ro code   0x800'18ac    0x22  S32ToDbl.o [3]
  .text              ro code   0x800'18d0    0xe2  DblSub.o [3]
  .text              ro code   0x800'19b4   0x246  DblDiv.o [3]
  .text              ro code   0x800'1bfc    0x28  DblToU32.o [3]
  .text              ro code   0x800'1c24    0x1a  U32ToDbl.o [3]
  .text              ro code   0x800'1c3e     0x6  abort.o [2]
  .text              ro code   0x800'1c44     0x2  I64DivZer.o [4]
  .text              ro code   0x800'1c48   0x16a  DblAdd.o [3]
  .text              ro code   0x800'1db4    0x14  exit.o [5]
  .text              ro code   0x800'1dc8   0x618  stm32f4xx_hal_tim.o [1]
  .text              ro code   0x800'23e0   0x1d4  stm32f4xx_hal_msp.o [1]
  .text              ro code   0x800'25b4     0x2  stm32f4xx_hal_tim.o [1]
  .text              ro code   0x800'25b6     0x2  stm32f4xx_hal_tim.o [1]
  .text              ro code   0x800'25b8   0x4a8  main.o [1]
  .text              ro code   0x800'2a60     0x2  stm32f4xx_hal_tim_ex.o [1]
  .text              ro code   0x800'2a62     0x2  stm32f4xx_hal_tim.o [1]
  .text              ro code   0x800'2a64     0x2  stm32f4xx_hal_tim_ex.o [1]
  .text              ro code   0x800'2a66     0x2  stm32f4xx_hal_tim.o [1]
  .text              ro code   0x800'2a68    0xc4  stm32f4xx_hal_cortex.o [1]
  .text              ro code   0x800'2b2c   0x228  stm32f4xx_hal_gpio.o [1]
  .text              ro code   0x800'2d54     0x6  ABImemclr4.o [4]
  .text              ro code   0x800'2d5c    0x34  stm32f4xx_hal.o [1]
  .text              ro code   0x800'2d90    0x8c  stm32f4xx_hal_tim_ex.o [1]
  .text              ro code   0x800'2e1c   0x48c  stm32f4xx_hal_uart.o [1]
  .text              ro code   0x800'32a8    0x40  sprintf.o [2]
  .text              ro code   0x800'32e8    0x28  stm32f4xx_hal.o [1]
  .text              ro code   0x800'3310   0x324  stm32f4xx_hal_rcc.o [1]
  .text              ro code   0x800'3634   0x1ac  stm32f4xx_hal_rcc.o [1]
  .text              ro code   0x800'37e0    0x32  ABImemset48.o [4]
  .text              ro code   0x800'3814    0x40  stm32f4xx_hal.o [1]
  .text              ro code   0x800'3854     0xc  stm32f4xx_hal.o [1]
  .text              ro code   0x800'3860    0x24  stm32f4xx_hal_dma.o [1]
  .text              ro code   0x800'3884     0x2  stm32f4xx_hal_uart.o [1]
  .text              ro code   0x800'3886     0x2  stm32f4xx_hal_uart.o [1]
  .text              ro code   0x800'3888     0x2  stm32f4xx_hal_uart.o [1]
  .text              ro code   0x800'388c    0x44  stm32f4xx_it.o [1]
  .text              ro code   0x800'38d0    0x10  stm32f4xx_hal.o [1]
  .text              ro code   0x800'38e0    0x2c  system_stm32f4xx.o [1]
  .text              ro code   0x800'390c    0x28  data_init.o [4]
  .text              ro code   0x800'3934    0x22  fpinit_M.o [3]
  .iar.init_table    const     0x800'3958    0x20  - Linker created -
  .text              ro code   0x800'3978    0x1e  cmain.o [4]
  .text              ro code   0x800'3996     0x4  low_level_init.o [2]
  .text              ro code   0x800'399a     0x4  exit.o [2]
  .text              ro code   0x800'39a0     0xa  cexit.o [4]
  .text              ro code   0x800'39ac    0x10  startup_stm32f429xx.o [1]
  .text              ro code   0x800'39bc     0xc  cstartup_M.o [4]
  .rodata            const     0x800'39c8     0x8  system_stm32f4xx.o [1]
  .rodata            const     0x800'39d0     0x6  xlocale_c.o [2]
  .text              ro code   0x800'39d6     0x4  startup_stm32f429xx.o [1]
  .text              ro code   0x800'39da     0x4  startup_stm32f429xx.o [1]
  .text              ro code   0x800'39de     0x4  startup_stm32f429xx.o [1]
  .text              ro code   0x800'39e2     0x4  startup_stm32f429xx.o [1]
  .text              ro code   0x800'39e6     0x4  startup_stm32f429xx.o [1]
  .text              ro code   0x800'39ea     0x4  startup_stm32f429xx.o [1]
  .text              ro code   0x800'39ee     0x4  startup_stm32f429xx.o [1]
  .text              ro code   0x800'39f2     0x4  startup_stm32f429xx.o [1]
  .text              ro code   0x800'39f6     0x4  startup_stm32f429xx.o [1]
  .text              ro code   0x800'39fa     0x4  startup_stm32f429xx.o [1]
  .text              ro code   0x800'39fe     0x4  startup_stm32f429xx.o [1]
  .text              ro code   0x800'3a02     0x4  startup_stm32f429xx.o [1]
  .text              ro code   0x800'3a06     0x4  startup_stm32f429xx.o [1]
  .text              ro code   0x800'3a0a     0x4  startup_stm32f429xx.o [1]
  .text              ro code   0x800'3a0e     0x4  startup_stm32f429xx.o [1]
  .text              ro code   0x800'3a12     0x4  startup_stm32f429xx.o [1]
  .text              ro code   0x800'3a16     0x4  startup_stm32f429xx.o [1]
  .text              ro code   0x800'3a1a     0x4  startup_stm32f429xx.o [1]
  .text              ro code   0x800'3a1e     0x4  startup_stm32f429xx.o [1]
  .text              ro code   0x800'3a22     0x4  startup_stm32f429xx.o [1]
  .text              ro code   0x800'3a26     0x4  startup_stm32f429xx.o [1]
  .text              ro code   0x800'3a2a     0x4  startup_stm32f429xx.o [1]
  .text              ro code   0x800'3a2e     0x4  startup_stm32f429xx.o [1]
  .text              ro code   0x800'3a32     0x4  startup_stm32f429xx.o [1]
  .text              ro code   0x800'3a36     0x4  startup_stm32f429xx.o [1]
  .text              ro code   0x800'3a3a     0x4  startup_stm32f429xx.o [1]
  .text              ro code   0x800'3a3e     0x4  startup_stm32f429xx.o [1]
  .text              ro code   0x800'3a42     0x4  startup_stm32f429xx.o [1]
  .text              ro code   0x800'3a46     0x4  startup_stm32f429xx.o [1]
  .text              ro code   0x800'3a4a     0x4  startup_stm32f429xx.o [1]
  .text              ro code   0x800'3a4e     0x4  startup_stm32f429xx.o [1]
  .text              ro code   0x800'3a52     0x4  startup_stm32f429xx.o [1]
  .text              ro code   0x800'3a56     0x4  startup_stm32f429xx.o [1]
  .text              ro code   0x800'3a5a     0x4  startup_stm32f429xx.o [1]
  .text              ro code   0x800'3a5e     0x4  startup_stm32f429xx.o [1]
  .text              ro code   0x800'3a62     0x4  startup_stm32f429xx.o [1]
  .text              ro code   0x800'3a66     0x4  startup_stm32f429xx.o [1]
  .text              ro code   0x800'3a6a     0x4  startup_stm32f429xx.o [1]
  .text              ro code   0x800'3a6e     0x4  startup_stm32f429xx.o [1]
  .text              ro code   0x800'3a72     0x4  startup_stm32f429xx.o [1]
  .text              ro code   0x800'3a76     0x4  startup_stm32f429xx.o [1]
  .text              ro code   0x800'3a7a     0x4  startup_stm32f429xx.o [1]
  .text              ro code   0x800'3a7e     0x4  startup_stm32f429xx.o [1]
  .text              ro code   0x800'3a82     0x4  startup_stm32f429xx.o [1]
  .text              ro code   0x800'3a86     0x4  startup_stm32f429xx.o [1]
  .text              ro code   0x800'3a8a     0x4  startup_stm32f429xx.o [1]
  .text              ro code   0x800'3a8e     0x4  startup_stm32f429xx.o [1]
  .text              ro code   0x800'3a92     0x4  startup_stm32f429xx.o [1]
  .text              ro code   0x800'3a96     0x4  startup_stm32f429xx.o [1]
  .text              ro code   0x800'3a9a     0x4  startup_stm32f429xx.o [1]
  .text              ro code   0x800'3a9e     0x4  startup_stm32f429xx.o [1]
  .text              ro code   0x800'3aa2     0x4  startup_stm32f429xx.o [1]
  .text              ro code   0x800'3aa6     0x4  startup_stm32f429xx.o [1]
  .text              ro code   0x800'3aaa     0x4  startup_stm32f429xx.o [1]
  .text              ro code   0x800'3aae     0x4  startup_stm32f429xx.o [1]
  .text              ro code   0x800'3ab2     0x4  startup_stm32f429xx.o [1]
  .text              ro code   0x800'3ab6     0x4  startup_stm32f429xx.o [1]
  .text              ro code   0x800'3aba     0x4  startup_stm32f429xx.o [1]
  .text              ro code   0x800'3abe     0x4  startup_stm32f429xx.o [1]
  .text              ro code   0x800'3ac2     0x4  startup_stm32f429xx.o [1]
  .text              ro code   0x800'3ac6     0x4  startup_stm32f429xx.o [1]
  .text              ro code   0x800'3aca     0x4  startup_stm32f429xx.o [1]
  .text              ro code   0x800'3ace     0x4  startup_stm32f429xx.o [1]
  .text              ro code   0x800'3ad2     0x4  startup_stm32f429xx.o [1]
  .text              ro code   0x800'3ad6     0x4  startup_stm32f429xx.o [1]
  .text              ro code   0x800'3ada     0x4  startup_stm32f429xx.o [1]
  .text              ro code   0x800'3ade     0x4  startup_stm32f429xx.o [1]
  .text              ro code   0x800'3ae2     0x4  startup_stm32f429xx.o [1]
  .text              ro code   0x800'3ae6     0x4  startup_stm32f429xx.o [1]
  .text              ro code   0x800'3aea     0x4  startup_stm32f429xx.o [1]
  .text              ro code   0x800'3aee     0x4  startup_stm32f429xx.o [1]
  .text              ro code   0x800'3af2     0x4  startup_stm32f429xx.o [1]
  .text              ro code   0x800'3af6     0x4  startup_stm32f429xx.o [1]
  .text              ro code   0x800'3afa     0x4  startup_stm32f429xx.o [1]
  .text              ro code   0x800'3afe     0x4  startup_stm32f429xx.o [1]
  .text              ro code   0x800'3b02     0x4  startup_stm32f429xx.o [1]
  .text              ro code   0x800'3b06     0x4  startup_stm32f429xx.o [1]
  .text              ro code   0x800'3b0a     0x4  startup_stm32f429xx.o [1]
  .text              ro code   0x800'3b0e     0x4  startup_stm32f429xx.o [1]
  .text              ro code   0x800'3b12     0x4  startup_stm32f429xx.o [1]
  .text              ro code   0x800'3b16     0x4  startup_stm32f429xx.o [1]
  .text              ro code   0x800'3b1a     0x4  startup_stm32f429xx.o [1]
  .text              ro code   0x800'3b1e     0x4  startup_stm32f429xx.o [1]
  .text              ro code   0x800'3b22     0x4  startup_stm32f429xx.o [1]
  .text              ro code   0x800'3b26     0x4  startup_stm32f429xx.o [1]
  .rodata            const     0x800'3b2a     0x0  zero_init3.o [4]
  .rodata            const     0x800'3b2a     0x0  lz77_init_single.o [4]
  Initializer bytes  const     0x800'3b2a    0x3c  <for P2-1>
                             - 0x800'3b66  0x39ba

"P2", part 1 of 3:                           0xe8
  P2-1                        0x2000'0000    0xe8  <Init block>
    .data            inited   0x2000'0000    0x58  main.o [1]
    .data            inited   0x2000'0058     0xc  stm32f4xx_hal.o [1]
    .data            inited   0x2000'0064     0x4  system_stm32f4xx.o [1]
    .data            inited   0x2000'0068    0x38  xlocale_c.o [2]
    .data            inited   0x2000'00a0    0x48  xlocale_c.o [2]
                            - 0x2000'00e8    0xe8

"P2", part 2 of 3:                          0x160
  .bss               zero     0x2000'00e8   0x15c  main.o [1]
  .bss               zero     0x2000'0244     0x4  xfail_s.o [2]
                            - 0x2000'0248   0x160

"P2", part 3 of 3:                          0x400
  CSTACK                      0x2000'0248   0x400  <Block>
    CSTACK           uninit   0x2000'0248   0x400  <Block tail>
                            - 0x2000'0648   0x400

Unused ranges:

         From           To       Size
         ----           --       ----
   0x800'3b66   0x81f'ffff  0x1f'c49a
  0x2000'0648  0x2002'ffff   0x2'f9b8


*******************************************************************************
*** INIT TABLE
***

          Address      Size
          -------      ----
Zero (__iar_zero_init3)
    1 destination range, total size 0x160:
          0x2000'00e8  0x160

Copy/lz77 (__iar_lz77_init_single3)
    1 source range, total size 0x3c (25% of destination):
           0x800'3b2a   0x3c
    1 destination range, total size 0xe8:
          0x2000'0000   0xe8



*******************************************************************************
*** MODULE SUMMARY
***

    Module                  ro code  ro data  rw data
    ------                  -------  -------  -------
command line/config:
    -------------------------------------------------
    Total:

D:\CONTROLL\A2015132039CYU\2015132039CYU\EWARM\STM32F429ZI\Obj: [1]
    main.o                    1 192       22      436
    startup_stm32f429xx.o       784
    stm32f4xx_hal.o             184        3       12
    stm32f4xx_hal_cortex.o      196
    stm32f4xx_hal_dma.o          36
    stm32f4xx_hal_gpio.o        552
    stm32f4xx_hal_msp.o         468
    stm32f4xx_hal_rcc.o       1 232
    stm32f4xx_hal_tim.o       1 568
    stm32f4xx_hal_tim_ex.o      144
    stm32f4xx_hal_uart.o      1 170
    stm32f4xx_it.o               68
    system_stm32f4xx.o           44        9        4
    -------------------------------------------------
    Total:                    7 638       34      452

dl7M_tlf.a: [2]
    abort.o                       6
    exit.o                        4
    low_level_init.o              4
    sprintf.o                    64
    xencoding_8859_1.o           30
    xfail_s.o                    64                 4
    xlocale_c.o                 120       40      128
    xmbcurmax.o                  10
    xprintffull.o             3 910
    xsprout.o                    10
    -------------------------------------------------
    Total:                    4 222       40      132

m7M_tls.a: [3]
    DblAdd.o                    362
    DblCmpGe.o                   46
    DblCmpLe.o                   46
    DblDiv.o                    582
    DblMul.o                    418
    DblSub.o                    226
    DblToS32.o                   58
    DblToU32.o                   40
    S32ToDbl.o                   34
    U32ToDbl.o                   26
    fpinit_M.o                   34
    frexp.o                     112
    ldexp.o                     314
    -------------------------------------------------
    Total:                    2 298

rt7M_tl.a: [4]
    ABImemclr4.o                  6
    ABImemcpy.o                 166
    ABImemset48.o                50
    I64DivMod_small.o           262
    I64DivZer.o                   2
    cexit.o                      10
    cmain.o                      30
    cstartup_M.o                 12
    data_init.o                  40
    lz77_init_single.o          122
    memchr.o                     88
    strchr.o                     22
    strlen_small.o               20
    zero_init3.o                 58
    -------------------------------------------------
    Total:                      888

shb_l.a: [5]
    exit.o                       20
    -------------------------------------------------
    Total:                       20

    Gaps                         32        2
    Linker created                        32    1 024
-----------------------------------------------------
    Grand Total:             15 098      108    1 608


*******************************************************************************
*** ENTRY LIST
***

Entry                       Address   Size  Type      Object
-----                       -------   ----  ----      ------
.iar.init_table$$Base    0x800'3958          --   Gb  - Linker created -
.iar.init_table$$Limit   0x800'3978          --   Gb  - Linker created -
?main                    0x800'3979         Code  Gb  cmain.o [4]
AHBPrescTable            0x800'38fc   0x10  Data  Gb  system_stm32f4xx.o [1]
APBPrescTable            0x800'39c8    0x8  Data  Gb  system_stm32f4xx.o [1]
BusFault_Handler         0x800'3893    0x2  Code  Gb  stm32f4xx_it.o [1]
CSTACK$$Base            0x2000'0248          --   Gb  - Linker created -
CSTACK$$Limit           0x2000'0648          --   Gb  - Linker created -
CacheMore                0x800'1171   0x24  Code  Lc  xlocale_c.o [2]
DCmotor_setDutyPulse     0x800'25b9   0x4c  Code  Gb  main.o [1]
DebugMon_Handler         0x800'3899    0x2  Code  Gb  stm32f4xx_it.o [1]
EXTI0_IRQHandler         0x800'38a1    0x6  Code  Gb  stm32f4xx_it.o [1]
HAL_DMA_Abort_IT         0x800'3861   0x24  Code  Gb  stm32f4xx_hal_dma.o [1]
HAL_Delay                0x800'32e9   0x28  Code  Wk  stm32f4xx_hal.o [1]
HAL_GPIO_EXTI_Callback   0x800'29a3   0x4a  Code  Gb  main.o [1]
HAL_GPIO_EXTI_Callback::dir
                        0x2000'0054    0x4  Data  Lc  main.o [1]
HAL_GPIO_EXTI_IRQHandler
                         0x800'2d09   0x10  Code  Gb  stm32f4xx_hal_gpio.o [1]
HAL_GPIO_Init            0x800'2b2d  0x1c6  Code  Gb  stm32f4xx_hal_gpio.o [1]
HAL_GPIO_TogglePin       0x800'2cfb    0xe  Code  Gb  stm32f4xx_hal_gpio.o [1]
HAL_GPIO_WritePin        0x800'2cf3    0x8  Code  Gb  stm32f4xx_hal_gpio.o [1]
HAL_GetTick              0x800'3855    0xc  Code  Wk  stm32f4xx_hal.o [1]
HAL_IncTick              0x800'38d1   0x10  Code  Wk  stm32f4xx_hal.o [1]
HAL_Init                 0x800'2d5d   0x30  Code  Gb  stm32f4xx_hal.o [1]
HAL_InitTick             0x800'3815   0x40  Code  Wk  stm32f4xx_hal.o [1]
HAL_MspInit              0x800'23e1   0x34  Code  Gb  stm32f4xx_hal_msp.o [1]
HAL_NVIC_EnableIRQ       0x800'2ad7   0x16  Code  Gb  stm32f4xx_hal_cortex.o [1]
HAL_NVIC_SetPriority     0x800'2a9d   0x3a  Code  Gb  stm32f4xx_hal_cortex.o [1]
HAL_NVIC_SetPriorityGrouping
                         0x800'2a83   0x1a  Code  Gb  stm32f4xx_hal_cortex.o [1]
HAL_RCC_ClockConfig      0x800'3635  0x100  Code  Gb  stm32f4xx_hal_rcc.o [1]
HAL_RCC_GetPCLK1Freq     0x800'3741   0x10  Code  Gb  stm32f4xx_hal_rcc.o [1]
HAL_RCC_GetPCLK2Freq     0x800'3751    0xe  Code  Gb  stm32f4xx_hal_rcc.o [1]
HAL_RCC_OscConfig        0x800'3311  0x324  Code  Wk  stm32f4xx_hal_rcc.o [1]
HAL_SYSTICK_Config       0x800'2aed   0x28  Code  Gb  stm32f4xx_hal_cortex.o [1]
HAL_TIMEx_BreakCallback
                         0x800'2a61    0x2  Code  Wk  stm32f4xx_hal_tim_ex.o [1]
HAL_TIMEx_CommutCallback
                         0x800'2a65    0x2  Code  Wk  stm32f4xx_hal_tim_ex.o [1]
HAL_TIMEx_MasterConfigSynchronization
                         0x800'2d91   0x6e  Code  Gb  stm32f4xx_hal_tim_ex.o [1]
HAL_TIM_Base_Init        0x800'1dc9   0x1a  Code  Gb  stm32f4xx_hal_tim.o [1]
HAL_TIM_Base_MspInit     0x800'246d   0x26  Code  Gb  stm32f4xx_hal_msp.o [1]
HAL_TIM_Base_Start_IT    0x800'1de3   0x20  Code  Gb  stm32f4xx_hal_tim.o [1]
HAL_TIM_Encoder_Init     0x800'1e89   0x8c  Code  Gb  stm32f4xx_hal_tim.o [1]
HAL_TIM_Encoder_MspInit
                         0x800'2415   0x58  Code  Gb  stm32f4xx_hal_msp.o [1]
HAL_TIM_Encoder_Start    0x800'1f1d   0x1e  Code  Gb  stm32f4xx_hal_tim.o [1]
HAL_TIM_IRQHandler       0x800'1f5f  0x142  Code  Gb  stm32f4xx_hal_tim.o [1]
HAL_TIM_MspPostInit      0x800'24b9   0x46  Code  Gb  stm32f4xx_hal_msp.o [1]
HAL_TIM_PWM_ConfigChannel
                         0x800'20a7   0xbc  Code  Gb  stm32f4xx_hal_tim.o [1]
HAL_TIM_PWM_Init         0x800'1e37   0x1a  Code  Gb  stm32f4xx_hal_tim.o [1]
HAL_TIM_PWM_MspInit      0x800'2493   0x26  Code  Gb  stm32f4xx_hal_msp.o [1]
HAL_TIM_PWM_Start        0x800'1e51   0x14  Code  Gb  stm32f4xx_hal_tim.o [1]
HAL_TIM_PeriodElapsedCallback
                         0x800'29ed   0x14  Code  Gb  main.o [1]
HAL_UART_IRQHandler      0x800'2f53  0x152  Code  Gb  stm32f4xx_hal_uart.o [1]
HAL_UART_Init            0x800'2e1d   0x1e  Code  Gb  stm32f4xx_hal_uart.o [1]
HAL_UART_MspInit         0x800'2509   0x58  Code  Gb  stm32f4xx_hal_msp.o [1]
HAL_UART_Transmit        0x800'2e93   0xac  Code  Gb  stm32f4xx_hal_uart.o [1]
HardFault_Handler        0x800'388f    0x2  Code  Gb  stm32f4xx_it.o [1]
LoadInt                  0x800'036f   0x7a  Code  Lc  xprintffull.o [2]
MX_GPIO_Init             0x800'2875  0x10a  Code  Lc  main.o [1]
MemManage_Handler        0x800'3891    0x2  Code  Gb  stm32f4xx_it.o [1]
NMI_Handler              0x800'388d    0x2  Code  Gb  stm32f4xx_it.o [1]
PendSV_Handler           0x800'389b    0x2  Code  Gb  stm32f4xx_it.o [1]
PwmDuty                 0x2000'0006    0x2  Data  Gb  main.o [1]
ReadEncoder              0x800'2605   0x28  Code  Gb  main.o [1]
Region$$Table$$Base      0x800'3958          --   Gb  - Linker created -
Region$$Table$$Limit     0x800'3978          --   Gb  - Linker created -
SVC_Handler              0x800'3897    0x2  Code  Gb  stm32f4xx_it.o [1]
SysTick_Handler          0x800'389d    0x4  Code  Gb  stm32f4xx_it.o [1]
SystemClock_Config       0x800'27e1   0x94  Code  Gb  main.o [1]
SystemCoreClock         0x2000'0064    0x4  Data  Gb  system_stm32f4xx.o [1]
SystemInit               0x800'38e1   0x14  Code  Gb  system_stm32f4xx.o [1]
TIM1_BRK_TIM9_IRQHandler
                         0x800'38a7    0x6  Code  Gb  stm32f4xx_it.o [1]
TIM3_IRQHandler          0x800'38ad    0x6  Code  Gb  stm32f4xx_it.o [1]
TIM6_DAC_IRQHandler      0x800'38b3    0x6  Code  Gb  stm32f4xx_it.o [1]
TIM_Base_SetConfig       0x800'21a5   0x96  Code  Gb  stm32f4xx_hal_tim.o [1]
TIM_CCxChannelCmd        0x800'23c5   0x16  Code  Gb  stm32f4xx_hal_tim.o [1]
TIM_OC1_SetConfig        0x800'223b   0x58  Code  Lc  stm32f4xx_hal_tim.o [1]
TIM_OC2_SetConfig        0x800'2293   0x60  Code  Gb  stm32f4xx_hal_tim.o [1]
TIM_OC3_SetConfig        0x800'22f3   0x5e  Code  Lc  stm32f4xx_hal_tim.o [1]
TIM_OC4_SetConfig        0x800'2351   0x46  Code  Lc  stm32f4xx_hal_tim.o [1]
UART_DMAAbortOnError     0x800'3125    0xc  Code  Lc  stm32f4xx_hal_uart.o [1]
UART_EndRxTransfer       0x800'3109   0x1c  Code  Lc  stm32f4xx_hal_uart.o [1]
UART_Receive_IT          0x800'3131   0x92  Code  Lc  stm32f4xx_hal_uart.o [1]
UART_SetConfig           0x800'31c3   0xca  Code  Lc  stm32f4xx_hal_uart.o [1]
UART_WaitOnFlagUntilTimeout
                         0x800'30a5   0x56  Code  Lc  stm32f4xx_hal_uart.o [1]
USART6_IRQHandler        0x800'38b9    0x6  Code  Gb  stm32f4xx_it.o [1]
UsageFault_Handler       0x800'3895    0x2  Code  Gb  stm32f4xx_it.o [1]
_Encoding_8859_1_Mbrlen
                         0x800'12fd    0x2  Code  Gb  xencoding_8859_1.o [2]
_Encoding_8859_1_Wctomb
                         0x800'12eb   0x12  Code  Gb  xencoding_8859_1.o [2]
_GenldFull               0x800'0dcd  0x274  Code  Lc  xprintffull.o [2]
_LdtobFull               0x800'09c9  0x3d6  Code  Lc  xprintffull.o [2]
_LitobFull               0x800'0879  0x10a  Code  Lc  xprintffull.o [2]
_Locale_lconv           0x2000'0068   0x38  Data  Lc  xlocale_c.o [2]
_PrintfFull              0x800'01ad  0x1aa  Code  Gb  xprintffull.o [2]
_PutcharsFull            0x800'1041   0x2e  Code  Lc  xprintffull.o [2]
_PutfldFull              0x800'03e9  0x2d4  Code  Lc  xprintffull.o [2]
_PutstrFull              0x800'07b3   0xc6  Code  Lc  xprintffull.o [2]
_PuttxtFull              0x800'06bd   0xf6  Code  Lc  xprintffull.o [2]
_SProut                  0x800'13af    0xa  Code  Gb  xsprout.o [2]
__NVIC_SetPriority       0x800'2a69   0x1a  Code  Lc  stm32f4xx_hal_cortex.o [1]
__aeabi_cdcmple          0x800'16d5         Code  Gb  DblCmpLe.o [3]
__aeabi_cdrcmple         0x800'1705         Code  Gb  DblCmpGe.o [3]
__aeabi_d2iz             0x800'1871         Code  Gb  DblToS32.o [3]
__aeabi_d2uiz            0x800'1bfd         Code  Gb  DblToU32.o [3]
__aeabi_ddiv             0x800'19b5         Code  Gb  DblDiv.o [3]
__aeabi_dmul             0x800'14c1         Code  Gb  DblMul.o [3]
__aeabi_dsub             0x800'18d1         Code  Gb  DblSub.o [3]
__aeabi_i2d              0x800'18ad         Code  Gb  S32ToDbl.o [3]
__aeabi_ldiv0            0x800'1c45         Code  Gb  I64DivZer.o [4]
__aeabi_memclr4          0x800'2d55         Code  Gb  ABImemclr4.o [4]
__aeabi_memcpy           0x800'1309         Code  Gb  ABImemcpy.o [4]
__aeabi_memcpy4          0x800'1329         Code  Gb  ABImemcpy.o [4]
__aeabi_memcpy8          0x800'1329         Code  Gb  ABImemcpy.o [4]
__aeabi_ui2d             0x800'1c25         Code  Gb  U32ToDbl.o [3]
__cmain                  0x800'3979         Code  Gb  cmain.o [4]
__exit                   0x800'1db5   0x14  Code  Gb  exit.o [5]
__iar_Fail_s             0x800'1235   0x1c  Code  Gb  xfail_s.o [2]
__iar_Mbcurmax           0x800'12e1    0xa  Code  Gb  xmbcurmax.o [2]
__iar_Memchr             0x800'1289         Code  Gb  memchr.o [4]
__iar_Memset4_word       0x800'37e1         Code  Gb  ABImemset48.o [4]
__iar_Memset8_word       0x800'37e1         Code  Gb  ABImemset48.o [4]
__iar_Strchr             0x800'11e5         Code  Gb  strchr.o [4]
__iar_dadd               0x800'18e1         Code  Gb  DblSub.o [3]
__iar_data_init3         0x800'390d   0x28  Code  Gb  data_init.o [4]
__iar_dsub               0x800'1c49         Code  Gb  DblAdd.o [3]
__iar_dsubStart          0x800'1c5b         Code  Gb  DblAdd.o [3]
__iar_frexp              0x800'1671         Code  Gb  frexp.o [3]
__iar_frexpl             0x800'1671         Code  Gb  frexp.o [3]
__iar_globLocale        0x2000'00a0   0x48  Data  Lc  xlocale_c.o [2]
__iar_global_Locale      0x800'116d    0x4  Code  Gb  xlocale_c.o [2]
__iar_init_vfp           0x800'3935         Code  Gb  fpinit_M.o [3]
__iar_ldexp64            0x800'1735         Code  Gb  ldexp.o [3]
__iar_lz77_init_single3
                         0x800'10f3   0x7a  Code  Gb  lz77_init_single.o [4]
__iar_program_start      0x800'39bd         Code  Gb  cstartup_M.o [4]
__iar_scalbln64          0x800'1735         Code  Gb  ldexp.o [3]
__iar_scalbn64           0x800'1735         Code  Gb  ldexp.o [3]
__iar_small_strlen       0x800'1275         Code  Gb  strlen_small.o [4]
__iar_small_uldivmod     0x800'13b9         Code  Gb  I64DivMod_small.o [4]
__iar_softfp___iar_frexp64
                         0x800'1665         Code  Gb  frexp.o [3]
__iar_softfp_frexp       0x800'1665         Code  Gb  frexp.o [3]
__iar_softfp_frexpl      0x800'1665         Code  Gb  frexp.o [3]
__iar_zero_init3         0x800'11fb   0x3a  Code  Gb  zero_init3.o [4]
__low_level_init         0x800'3997    0x4  Code  Gb  low_level_init.o [2]
__vector_table           0x800'0000         Data  Gb  startup_stm32f429xx.o [1]
_call_main               0x800'3985         Code  Gb  cmain.o [4]
_exit                    0x800'39a1         Code  Gb  cexit.o [4]
_gLocale_mblen           0x800'11d1    0x4  Code  Gb  xlocale_c.o [2]
_gLocale_mblenInt        0x800'1195   0x2c  Code  Gb  xlocale_c.o [2]
_gLocale_wctomb          0x800'11d5    0x4  Code  Gb  xlocale_c.o [2]
_gLocale_wctombInt       0x800'11cd    0x4  Code  Gb  xlocale_c.o [2]
_main                    0x800'3993         Code  Gb  cmain.o [4]
abort                    0x800'1c3f    0x6  Code  Gb  abort.o [2]
exit                     0x800'399b    0x4  Code  Gb  exit.o [2]
htim3                   0x2000'0008   0x40  Data  Gb  main.o [1]
htim6                   0x2000'012c   0x40  Data  Gb  main.o [1]
htim9                   0x2000'016c   0x40  Data  Gb  main.o [1]
huart6                  0x2000'00ec   0x40  Data  Gb  main.o [1]
ldexp                    0x800'1735         Code  Gb  ldexp.o [3]
ldexpl                   0x800'1735         Code  Gb  ldexp.o [3]
localeconv               0x800'11d9    0x4  Code  Gb  xlocale_c.o [2]
main                     0x800'262d  0x1b4  Code  Gb  main.o [1]
memchr                   0x800'1289         Code  Gb  memchr.o [4]
nEncoder32Diff          0x2000'0050    0x4  Data  Gb  main.o [1]
nEncoder32Now           0x2000'0048    0x4  Data  Gb  main.o [1]
nEncoder32Old           0x2000'004c    0x4  Data  Gb  main.o [1]
nTim3CNT16Diff          0x2000'0004    0x2  Data  Gb  main.o [1]
nTim3CNT16Now           0x2000'0000    0x2  Data  Gb  main.o [1]
nTim3CNT16Old           0x2000'0002    0x2  Data  Gb  main.o [1]
scalbln                  0x800'1735         Code  Gb  ldexp.o [3]
scalblnl                 0x800'1735         Code  Gb  ldexp.o [3]
scalbn                   0x800'1735         Code  Gb  ldexp.o [3]
scalbnl                  0x800'1735         Code  Gb  ldexp.o [3]
scale                    0x800'0983   0x46  Code  Lc  xprintffull.o [2]
sec_hand                0x2000'0244    0x4  Data  Lc  xfail_s.o [2]
sprintf                  0x800'32a9   0x40  Code  Gb  sprintf.o [2]
step                    0x2000'00e8    0x2  Data  Gb  main.o [1]
strchr                   0x800'11e5         Code  Gb  strchr.o [4]
string                  0x2000'01ac   0x98  Data  Gb  main.o [1]
uwTick                  0x2000'005c    0x4  Data  Gb  stm32f4xx_hal.o [1]
uwTickFreq              0x2000'0058    0x1  Data  Gb  stm32f4xx_hal.o [1]
uwTickPrio              0x2000'0060    0x4  Data  Gb  stm32f4xx_hal.o [1]


[1] = D:\CONTROLL\A2015132039CYU\2015132039CYU\EWARM\STM32F429ZI\Obj
[2] = dl7M_tlf.a
[3] = m7M_tls.a
[4] = rt7M_tl.a
[5] = shb_l.a

  15 098 bytes of readonly  code memory
     108 bytes of readonly  data memory
   1 608 bytes of readwrite data memory

Errors: none
Warnings: none
