###############################################################################
#
# IAR ELF Linker V8.32.3.193/W32 for ARM                  06/May/2020  13:39:19
# Copyright 2007-2019 IAR Systems AB.
#
#    Output file  =  
#        D:\CONTROLL\A2015132039CYU\A2015132039CYU_UARTTIMINT\EWARM\A2015132039CYU\Exe\A2015132039CYU.out
#    Map file     =  
#        D:\CONTROLL\A2015132039CYU\A2015132039CYU_UARTTIMINT\EWARM\A2015132039CYU\List\A2015132039CYU.map
#    Command line =  
#        -f C:\Users\ÃÖ¿µ¿î\AppData\Local\Temp\EW22BC.tmp
#        (D:\CONTROLL\A2015132039CYU\A2015132039CYU_UARTTIMINT\EWARM\A2015132039CYU\Obj\main.o
#        D:\CONTROLL\A2015132039CYU\A2015132039CYU_UARTTIMINT\EWARM\A2015132039CYU\Obj\startup_stm32f429xx.o
#        D:\CONTROLL\A2015132039CYU\A2015132039CYU_UARTTIMINT\EWARM\A2015132039CYU\Obj\stm32f4xx_hal.o
#        D:\CONTROLL\A2015132039CYU\A2015132039CYU_UARTTIMINT\EWARM\A2015132039CYU\Obj\stm32f4xx_hal_cortex.o
#        D:\CONTROLL\A2015132039CYU\A2015132039CYU_UARTTIMINT\EWARM\A2015132039CYU\Obj\stm32f4xx_hal_dma.o
#        D:\CONTROLL\A2015132039CYU\A2015132039CYU_UARTTIMINT\EWARM\A2015132039CYU\Obj\stm32f4xx_hal_dma_ex.o
#        D:\CONTROLL\A2015132039CYU\A2015132039CYU_UARTTIMINT\EWARM\A2015132039CYU\Obj\stm32f4xx_hal_exti.o
#        D:\CONTROLL\A2015132039CYU\A2015132039CYU_UARTTIMINT\EWARM\A2015132039CYU\Obj\stm32f4xx_hal_flash.o
#        D:\CONTROLL\A2015132039CYU\A2015132039CYU_UARTTIMINT\EWARM\A2015132039CYU\Obj\stm32f4xx_hal_flash_ex.o
#        D:\CONTROLL\A2015132039CYU\A2015132039CYU_UARTTIMINT\EWARM\A2015132039CYU\Obj\stm32f4xx_hal_flash_ramfunc.o
#        D:\CONTROLL\A2015132039CYU\A2015132039CYU_UARTTIMINT\EWARM\A2015132039CYU\Obj\stm32f4xx_hal_gpio.o
#        D:\CONTROLL\A2015132039CYU\A2015132039CYU_UARTTIMINT\EWARM\A2015132039CYU\Obj\stm32f4xx_hal_msp.o
#        D:\CONTROLL\A2015132039CYU\A2015132039CYU_UARTTIMINT\EWARM\A2015132039CYU\Obj\stm32f4xx_hal_pwr.o
#        D:\CONTROLL\A2015132039CYU\A2015132039CYU_UARTTIMINT\EWARM\A2015132039CYU\Obj\stm32f4xx_hal_pwr_ex.o
#        D:\CONTROLL\A2015132039CYU\A2015132039CYU_UARTTIMINT\EWARM\A2015132039CYU\Obj\stm32f4xx_hal_rcc.o
#        D:\CONTROLL\A2015132039CYU\A2015132039CYU_UARTTIMINT\EWARM\A2015132039CYU\Obj\stm32f4xx_hal_rcc_ex.o
#        D:\CONTROLL\A2015132039CYU\A2015132039CYU_UARTTIMINT\EWARM\A2015132039CYU\Obj\stm32f4xx_hal_tim.o
#        D:\CONTROLL\A2015132039CYU\A2015132039CYU_UARTTIMINT\EWARM\A2015132039CYU\Obj\stm32f4xx_hal_tim_ex.o
#        D:\CONTROLL\A2015132039CYU\A2015132039CYU_UARTTIMINT\EWARM\A2015132039CYU\Obj\stm32f4xx_hal_uart.o
#        D:\CONTROLL\A2015132039CYU\A2015132039CYU_UARTTIMINT\EWARM\A2015132039CYU\Obj\stm32f4xx_it.o
#        D:\CONTROLL\A2015132039CYU\A2015132039CYU_UARTTIMINT\EWARM\A2015132039CYU\Obj\system_stm32f4xx.o
#        --redirect _Printf=_PrintfFull --redirect _Scanf=_ScanfFull
#        --no_out_extension -o
#        D:\CONTROLL\A2015132039CYU\A2015132039CYU_UARTTIMINT\EWARM\A2015132039CYU\Exe\A2015132039CYU.out
#        --map
#        D:\CONTROLL\A2015132039CYU\A2015132039CYU_UARTTIMINT\EWARM\A2015132039CYU\List\A2015132039CYU.map
#        --config
#        D:\CONTROLL\A2015132039CYU\A2015132039CYU_UARTTIMINT\EWARM/stm32f429xx_flash.icf
#        --semihosting --entry __iar_program_start --vfe --text_out locale)
#
###############################################################################

*******************************************************************************
*** RUNTIME MODEL ATTRIBUTES
***

CppFlavor       = *
__SystemLibrary = DLib
__dlib_version  = 6


*******************************************************************************
*** HEAP SELECTION
***

The basic heap was selected because some modules are built with
size limitations (and not runtime checking), and --advanced_heap
was not specified.


*******************************************************************************
*** PLACEMENT SUMMARY
***

"A0":  place at 0x800'0000 { ro section .intvec };
"P1":  place in [from 0x800'0000 to 0x81f'ffff] { ro };
define block CSTACK with size = 1K, alignment = 8 { };
define block HEAP with size = 512, alignment = 8 { };
"P2":  place in [from 0x2000'0000 to 0x2002'ffff] {
          rw, block CSTACK, block HEAP };
initialize by copy { rw };

  Section            Kind         Address    Size  Object
  -------            ----         -------    ----  ------
"A0":                                       0x1ac
  .intvec            ro code   0x800'0000   0x1ac  startup_stm32f429xx.o [1]
                             - 0x800'01ac   0x1ac

"P1":                                      0x3429
  .text              ro code   0x800'01ac   0xf46  xprintffull.o [2]
  .text              ro code   0x800'10f2    0x7a  lz77_init_single.o [4]
  .text              ro code   0x800'116c    0x78  xlocale_c.o [2]
  .text              ro code   0x800'11e4    0x16  strchr.o [4]
  .text              ro code   0x800'11fa    0x1e  xencoding_8859_1.o [2]
  .text              ro code   0x800'1218    0x40  xfail_s.o [2]
  .text              ro code   0x800'1258    0x14  strlen_small.o [4]
  .text              ro code   0x800'126c    0x58  memchr.o [4]
  .text              ro code   0x800'12c4     0xa  xmbcurmax.o [2]
  .text              ro code   0x800'12ce     0xa  xsprout.o [2]
  .text              ro code   0x800'12d8    0xa6  ABImemcpy.o [4]
  .text              ro code   0x800'1380   0x106  I64DivMod_small.o [4]
  .text              ro code   0x800'1488   0x1a2  DblMul.o [3]
  .text              ro code   0x800'162c    0x70  frexp.o [3]
  .text              ro code   0x800'169c    0x2e  DblCmpLe.o [3]
  .text              ro code   0x800'16cc    0x2e  DblCmpGe.o [3]
  .text              ro code   0x800'16fc   0x13a  ldexp.o [3]
  .text              ro code   0x800'1838    0x3a  DblToS32.o [3]
  .text              ro code   0x800'1874    0x22  S32ToDbl.o [3]
  .text              ro code   0x800'1898    0xe2  DblSub.o [3]
  .text              ro code   0x800'197c   0x246  DblDiv.o [3]
  .text              ro code   0x800'1bc4    0x28  DblToU32.o [3]
  .text              ro code   0x800'1bec    0x1a  U32ToDbl.o [3]
  .text              ro code   0x800'1c06     0x6  abort.o [2]
  .text              ro code   0x800'1c0c     0x2  I64DivZer.o [4]
  .text              ro code   0x800'1c10   0x16a  DblAdd.o [3]
  .text              ro code   0x800'1d7c    0x14  exit.o [5]
  .text              ro code   0x800'1d90   0x48c  stm32f4xx_hal_uart.o [1]
  .text              ro code   0x800'221c   0x118  stm32f4xx_hal_msp.o [1]
  .text              ro code   0x800'2334     0xc  stm32f4xx_hal.o [1]
  .text              ro code   0x800'2340    0x24  stm32f4xx_hal_dma.o [1]
  .text              ro code   0x800'2364     0x2  stm32f4xx_hal_uart.o [1]
  .text              ro code   0x800'2366     0x2  stm32f4xx_hal_uart.o [1]
  .text              ro code   0x800'2368     0x2  stm32f4xx_hal_uart.o [1]
  .text              ro code   0x800'236c   0x1ac  stm32f4xx_hal_rcc.o [1]
  .text              ro code   0x800'2518     0x6  ABImemclr4.o [4]
  .text              ro code   0x800'2520   0x210  stm32f4xx_hal_gpio.o [1]
  .text              ro code   0x800'2730    0xc4  stm32f4xx_hal_cortex.o [1]
  .text              ro code   0x800'27f4    0x40  stm32f4xx_hal.o [1]
  .text              ro code   0x800'2834    0x32  ABImemset48.o [4]
  .text              ro code   0x800'2868   0x394  stm32f4xx_hal_tim.o [1]
  .text              ro code   0x800'2bfc     0x2  stm32f4xx_hal_tim.o [1]
  .text              ro code   0x800'2bfe     0x2  stm32f4xx_hal_tim.o [1]
  .text              ro code   0x800'2c00   0x2e0  main.o [1]
  .text              ro code   0x800'2ee0     0x2  stm32f4xx_hal_tim_ex.o [1]
  .text              ro code   0x800'2ee2     0x2  stm32f4xx_hal_tim.o [1]
  .text              ro code   0x800'2ee4     0x2  stm32f4xx_hal_tim_ex.o [1]
  .text              ro code   0x800'2ee6     0x2  stm32f4xx_hal_tim.o [1]
  .text              ro code   0x800'2ee8    0x34  stm32f4xx_hal.o [1]
  .text              ro code   0x800'2f1c    0x8c  stm32f4xx_hal_tim_ex.o [1]
  .text              ro code   0x800'2fa8   0x324  stm32f4xx_hal_rcc.o [1]
  .text              ro code   0x800'32cc    0x40  sprintf.o [2]
  .text              ro code   0x800'330c    0x2c  system_stm32f4xx.o [1]
  .text              ro code   0x800'3338    0x28  stm32f4xx_it.o [1]
  .text              ro code   0x800'3360    0x10  stm32f4xx_hal.o [1]
  .text              ro code   0x800'3370    0x28  data_init.o [4]
  .text              ro code   0x800'3398    0x22  fpinit_M.o [3]
  .iar.init_table    const     0x800'33bc    0x10  - Linker created -
  .text              ro code   0x800'33cc    0x1e  cmain.o [4]
  .text              ro code   0x800'33ea     0x4  low_level_init.o [2]
  .text              ro code   0x800'33ee     0x4  exit.o [2]
  .text              ro code   0x800'33f4     0xa  cexit.o [4]
  .text              ro code   0x800'3400    0x10  startup_stm32f429xx.o [1]
  .text              ro code   0x800'3410     0xc  cstartup_M.o [4]
  .rodata            const     0x800'341c     0x8  system_stm32f4xx.o [1]
  .rodata            const     0x800'3424     0x6  xlocale_c.o [2]
  .text              ro code   0x800'342a     0x4  startup_stm32f429xx.o [1]
  .text              ro code   0x800'342e     0x4  startup_stm32f429xx.o [1]
  .text              ro code   0x800'3432     0x4  startup_stm32f429xx.o [1]
  .text              ro code   0x800'3436     0x4  startup_stm32f429xx.o [1]
  .text              ro code   0x800'343a     0x4  startup_stm32f429xx.o [1]
  .text              ro code   0x800'343e     0x4  startup_stm32f429xx.o [1]
  .text              ro code   0x800'3442     0x4  startup_stm32f429xx.o [1]
  .text              ro code   0x800'3446     0x4  startup_stm32f429xx.o [1]
  .text              ro code   0x800'344a     0x4  startup_stm32f429xx.o [1]
  .text              ro code   0x800'344e     0x4  startup_stm32f429xx.o [1]
  .text              ro code   0x800'3452     0x4  startup_stm32f429xx.o [1]
  .text              ro code   0x800'3456     0x4  startup_stm32f429xx.o [1]
  .text              ro code   0x800'345a     0x4  startup_stm32f429xx.o [1]
  .text              ro code   0x800'345e     0x4  startup_stm32f429xx.o [1]
  .text              ro code   0x800'3462     0x4  startup_stm32f429xx.o [1]
  .text              ro code   0x800'3466     0x4  startup_stm32f429xx.o [1]
  .text              ro code   0x800'346a     0x4  startup_stm32f429xx.o [1]
  .text              ro code   0x800'346e     0x4  startup_stm32f429xx.o [1]
  .text              ro code   0x800'3472     0x4  startup_stm32f429xx.o [1]
  .text              ro code   0x800'3476     0x4  startup_stm32f429xx.o [1]
  .text              ro code   0x800'347a     0x4  startup_stm32f429xx.o [1]
  .text              ro code   0x800'347e     0x4  startup_stm32f429xx.o [1]
  .text              ro code   0x800'3482     0x4  startup_stm32f429xx.o [1]
  .text              ro code   0x800'3486     0x4  startup_stm32f429xx.o [1]
  .text              ro code   0x800'348a     0x4  startup_stm32f429xx.o [1]
  .text              ro code   0x800'348e     0x4  startup_stm32f429xx.o [1]
  .text              ro code   0x800'3492     0x4  startup_stm32f429xx.o [1]
  .text              ro code   0x800'3496     0x4  startup_stm32f429xx.o [1]
  .text              ro code   0x800'349a     0x4  startup_stm32f429xx.o [1]
  .text              ro code   0x800'349e     0x4  startup_stm32f429xx.o [1]
  .text              ro code   0x800'34a2     0x4  startup_stm32f429xx.o [1]
  .text              ro code   0x800'34a6     0x4  startup_stm32f429xx.o [1]
  .text              ro code   0x800'34aa     0x4  startup_stm32f429xx.o [1]
  .text              ro code   0x800'34ae     0x4  startup_stm32f429xx.o [1]
  .text              ro code   0x800'34b2     0x4  startup_stm32f429xx.o [1]
  .text              ro code   0x800'34b6     0x4  startup_stm32f429xx.o [1]
  .text              ro code   0x800'34ba     0x4  startup_stm32f429xx.o [1]
  .text              ro code   0x800'34be     0x4  startup_stm32f429xx.o [1]
  .text              ro code   0x800'34c2     0x4  startup_stm32f429xx.o [1]
  .text              ro code   0x800'34c6     0x4  startup_stm32f429xx.o [1]
  .text              ro code   0x800'34ca     0x4  startup_stm32f429xx.o [1]
  .text              ro code   0x800'34ce     0x4  startup_stm32f429xx.o [1]
  .text              ro code   0x800'34d2     0x4  startup_stm32f429xx.o [1]
  .text              ro code   0x800'34d6     0x4  startup_stm32f429xx.o [1]
  .text              ro code   0x800'34da     0x4  startup_stm32f429xx.o [1]
  .text              ro code   0x800'34de     0x4  startup_stm32f429xx.o [1]
  .text              ro code   0x800'34e2     0x4  startup_stm32f429xx.o [1]
  .text              ro code   0x800'34e6     0x4  startup_stm32f429xx.o [1]
  .text              ro code   0x800'34ea     0x4  startup_stm32f429xx.o [1]
  .text              ro code   0x800'34ee     0x4  startup_stm32f429xx.o [1]
  .text              ro code   0x800'34f2     0x4  startup_stm32f429xx.o [1]
  .text              ro code   0x800'34f6     0x4  startup_stm32f429xx.o [1]
  .text              ro code   0x800'34fa     0x4  startup_stm32f429xx.o [1]
  .text              ro code   0x800'34fe     0x4  startup_stm32f429xx.o [1]
  .text              ro code   0x800'3502     0x4  startup_stm32f429xx.o [1]
  .text              ro code   0x800'3506     0x4  startup_stm32f429xx.o [1]
  .text              ro code   0x800'350a     0x4  startup_stm32f429xx.o [1]
  .text              ro code   0x800'350e     0x4  startup_stm32f429xx.o [1]
  .text              ro code   0x800'3512     0x4  startup_stm32f429xx.o [1]
  .text              ro code   0x800'3516     0x4  startup_stm32f429xx.o [1]
  .text              ro code   0x800'351a     0x4  startup_stm32f429xx.o [1]
  .text              ro code   0x800'351e     0x4  startup_stm32f429xx.o [1]
  .text              ro code   0x800'3522     0x4  startup_stm32f429xx.o [1]
  .text              ro code   0x800'3526     0x4  startup_stm32f429xx.o [1]
  .text              ro code   0x800'352a     0x4  startup_stm32f429xx.o [1]
  .text              ro code   0x800'352e     0x4  startup_stm32f429xx.o [1]
  .text              ro code   0x800'3532     0x4  startup_stm32f429xx.o [1]
  .text              ro code   0x800'3536     0x4  startup_stm32f429xx.o [1]
  .text              ro code   0x800'353a     0x4  startup_stm32f429xx.o [1]
  .text              ro code   0x800'353e     0x4  startup_stm32f429xx.o [1]
  .text              ro code   0x800'3542     0x4  startup_stm32f429xx.o [1]
  .text              ro code   0x800'3546     0x4  startup_stm32f429xx.o [1]
  .text              ro code   0x800'354a     0x4  startup_stm32f429xx.o [1]
  .text              ro code   0x800'354e     0x4  startup_stm32f429xx.o [1]
  .text              ro code   0x800'3552     0x4  startup_stm32f429xx.o [1]
  .text              ro code   0x800'3556     0x4  startup_stm32f429xx.o [1]
  .text              ro code   0x800'355a     0x4  startup_stm32f429xx.o [1]
  .text              ro code   0x800'355e     0x4  startup_stm32f429xx.o [1]
  .text              ro code   0x800'3562     0x4  startup_stm32f429xx.o [1]
  .text              ro code   0x800'3566     0x4  startup_stm32f429xx.o [1]
  .text              ro code   0x800'356a     0x4  startup_stm32f429xx.o [1]
  .text              ro code   0x800'356e     0x4  startup_stm32f429xx.o [1]
  .text              ro code   0x800'3572     0x4  startup_stm32f429xx.o [1]
  .text              ro code   0x800'3576     0x4  startup_stm32f429xx.o [1]
  .text              ro code   0x800'357a     0x4  startup_stm32f429xx.o [1]
  .text              ro code   0x800'357e     0x4  startup_stm32f429xx.o [1]
  .text              ro code   0x800'3582     0x4  startup_stm32f429xx.o [1]
  .text              ro code   0x800'3586     0x4  startup_stm32f429xx.o [1]
  .rodata            const     0x800'358a     0x0  lz77_init_single.o [4]
  Initializer bytes  const     0x800'358a    0x4b  <for P2-1>
                             - 0x800'35d5  0x3429

"P2", part 1 of 2:                          0x14c
  P2-1                        0x2000'0000   0x14c  <Init block>
    .data            inited   0x2000'0000    0xb8  main.o [1]
    .data            inited   0x2000'00b8     0xc  stm32f4xx_hal.o [1]
    .data            inited   0x2000'00c4     0x4  system_stm32f4xx.o [1]
    .data            inited   0x2000'00c8    0x38  xlocale_c.o [2]
    .data            inited   0x2000'0100    0x48  xlocale_c.o [2]
    .bss             inited   0x2000'0148     0x4  xfail_s.o [2]
                            - 0x2000'014c   0x14c

"P2", part 2 of 2:                          0x400
  CSTACK                      0x2000'0150   0x400  <Block>
    CSTACK           uninit   0x2000'0150   0x400  <Block tail>
                            - 0x2000'0550   0x400

Unused ranges:

         From           To       Size
         ----           --       ----
   0x800'35d5   0x81f'ffff  0x1f'ca2b
  0x2000'014c  0x2000'014f        0x4
  0x2000'0550  0x2002'ffff   0x2'fab0


*******************************************************************************
*** INIT TABLE
***

          Address      Size
          -------      ----
Copy/lz77 (__iar_lz77_init_single3)
    1 source range, total size 0x4b (22% of destination):
           0x800'358a   0x4b
    1 destination range, total size 0x14c:
          0x2000'0000  0x14c



*******************************************************************************
*** MODULE SUMMARY
***

    Module                  ro code  ro data  rw data
    ------                  -------  -------  -------
command line/config:
    -------------------------------------------------
    Total:

D:\CONTROLL\A2015132039CYU\A2015132039CYU_UARTTIMINT\EWARM\A2015132039CYU\Obj: [1]
    main.o                      736       41      184
    startup_stm32f429xx.o       796
    stm32f4xx_hal.o             144        3       12
    stm32f4xx_hal_cortex.o      196
    stm32f4xx_hal_dma.o          36
    stm32f4xx_hal_gpio.o        528
    stm32f4xx_hal_msp.o         280
    stm32f4xx_hal_rcc.o       1 232
    stm32f4xx_hal_tim.o         924
    stm32f4xx_hal_tim_ex.o      144
    stm32f4xx_hal_uart.o      1 170
    stm32f4xx_it.o               40
    system_stm32f4xx.o           44        9        4
    -------------------------------------------------
    Total:                    6 270       53      200

dl7M_tlf.a: [2]
    abort.o                       6
    exit.o                        4
    low_level_init.o              4
    sprintf.o                    64
    xencoding_8859_1.o           30
    xfail_s.o                    64        1        4
    xlocale_c.o                 120       35      128
    xmbcurmax.o                  10
    xprintffull.o             3 910
    xsprout.o                    10
    -------------------------------------------------
    Total:                    4 222       36      132

m7M_tls.a: [3]
    DblAdd.o                    362
    DblCmpGe.o                   46
    DblCmpLe.o                   46
    DblDiv.o                    582
    DblMul.o                    418
    DblSub.o                    226
    DblToS32.o                   58
    DblToU32.o                   40
    S32ToDbl.o                   34
    U32ToDbl.o                   26
    fpinit_M.o                   34
    frexp.o                     112
    ldexp.o                     314
    -------------------------------------------------
    Total:                    2 298

rt7M_tl.a: [4]
    ABImemclr4.o                  6
    ABImemcpy.o                 166
    ABImemset48.o                50
    I64DivMod_small.o           262
    I64DivZer.o                   2
    cexit.o                      10
    cmain.o                      30
    cstartup_M.o                 12
    data_init.o                  40
    lz77_init_single.o          122
    memchr.o                     88
    strchr.o                     22
    strlen_small.o               20
    -------------------------------------------------
    Total:                      830

shb_l.a: [5]
    exit.o                       20
    -------------------------------------------------
    Total:                       20

    Gaps                         34        2
    Linker created                        16    1 024
-----------------------------------------------------
    Grand Total:             13 674      107    1 356


*******************************************************************************
*** ENTRY LIST
***

Entry                       Address   Size  Type      Object
-----                       -------   ----  ----      ------
.iar.init_table$$Base    0x800'33bc          --   Gb  - Linker created -
.iar.init_table$$Limit   0x800'33cc          --   Gb  - Linker created -
?main                    0x800'33cd         Code  Gb  cmain.o [4]
AHBPrescTable            0x800'3328   0x10  Data  Gb  system_stm32f4xx.o [1]
APBPrescTable            0x800'341c    0x8  Data  Gb  system_stm32f4xx.o [1]
BusFault_Handler         0x800'333f    0x2  Code  Gb  stm32f4xx_it.o [1]
CSTACK$$Base            0x2000'0150          --   Gb  - Linker created -
CSTACK$$Limit           0x2000'0550          --   Gb  - Linker created -
CacheMore                0x800'1171   0x24  Code  Lc  xlocale_c.o [2]
DebugMon_Handler         0x800'3345    0x2  Code  Gb  stm32f4xx_it.o [1]
HAL_DMA_Abort_IT         0x800'2341   0x24  Code  Gb  stm32f4xx_hal_dma.o [1]
HAL_GPIO_Init            0x800'2521  0x1c6  Code  Gb  stm32f4xx_hal_gpio.o [1]
HAL_GPIO_TogglePin       0x800'26ef    0xe  Code  Gb  stm32f4xx_hal_gpio.o [1]
HAL_GPIO_WritePin        0x800'26e7    0x8  Code  Gb  stm32f4xx_hal_gpio.o [1]
HAL_GetTick              0x800'2335    0xc  Code  Wk  stm32f4xx_hal.o [1]
HAL_IncTick              0x800'3361   0x10  Code  Wk  stm32f4xx_hal.o [1]
HAL_Init                 0x800'2ee9   0x30  Code  Gb  stm32f4xx_hal.o [1]
HAL_InitTick             0x800'27f5   0x40  Code  Wk  stm32f4xx_hal.o [1]
HAL_MspInit              0x800'221d   0x34  Code  Gb  stm32f4xx_hal_msp.o [1]
HAL_NVIC_EnableIRQ       0x800'279f   0x16  Code  Gb  stm32f4xx_hal_cortex.o [1]
HAL_NVIC_SetPriority     0x800'2765   0x3a  Code  Gb  stm32f4xx_hal_cortex.o [1]
HAL_NVIC_SetPriorityGrouping
                         0x800'274b   0x1a  Code  Gb  stm32f4xx_hal_cortex.o [1]
HAL_RCC_ClockConfig      0x800'236d  0x100  Code  Gb  stm32f4xx_hal_rcc.o [1]
HAL_RCC_GetPCLK1Freq     0x800'2479   0x10  Code  Gb  stm32f4xx_hal_rcc.o [1]
HAL_RCC_GetPCLK2Freq     0x800'2489    0xe  Code  Gb  stm32f4xx_hal_rcc.o [1]
HAL_RCC_OscConfig        0x800'2fa9  0x324  Code  Wk  stm32f4xx_hal_rcc.o [1]
HAL_SYSTICK_Config       0x800'27b5   0x28  Code  Gb  stm32f4xx_hal_cortex.o [1]
HAL_TIMEx_BreakCallback
                         0x800'2ee1    0x2  Code  Wk  stm32f4xx_hal_tim_ex.o [1]
HAL_TIMEx_CommutCallback
                         0x800'2ee5    0x2  Code  Wk  stm32f4xx_hal_tim_ex.o [1]
HAL_TIMEx_MasterConfigSynchronization
                         0x800'2f1d   0x6e  Code  Gb  stm32f4xx_hal_tim_ex.o [1]
HAL_TIM_Base_Init        0x800'2869   0x1a  Code  Gb  stm32f4xx_hal_tim.o [1]
HAL_TIM_Base_MspInit     0x800'2251   0x26  Code  Gb  stm32f4xx_hal_msp.o [1]
HAL_TIM_Base_Start_IT    0x800'2883   0x20  Code  Gb  stm32f4xx_hal_tim.o [1]
HAL_TIM_ConfigClockSource
                         0x800'2a0f   0x90  Code  Gb  stm32f4xx_hal_tim.o [1]
HAL_TIM_IRQHandler       0x800'28c7  0x142  Code  Gb  stm32f4xx_hal_tim.o [1]
HAL_TIM_PeriodElapsedCallback
                         0x800'2e45   0x4c  Code  Gb  main.o [1]
HAL_UART_IRQHandler      0x800'1ec7  0x152  Code  Gb  stm32f4xx_hal_uart.o [1]
HAL_UART_Init            0x800'1d91   0x1e  Code  Gb  stm32f4xx_hal_uart.o [1]
HAL_UART_MspInit         0x800'2277   0xa6  Code  Gb  stm32f4xx_hal_msp.o [1]
HAL_UART_Transmit        0x800'1e07   0xac  Code  Gb  stm32f4xx_hal_uart.o [1]
HardFault_Handler        0x800'333b    0x2  Code  Gb  stm32f4xx_it.o [1]
LoadInt                  0x800'036f   0x7a  Code  Lc  xprintffull.o [2]
MX_GPIO_Init             0x800'2d35   0xe6  Code  Lc  main.o [1]
MemManage_Handler        0x800'333d    0x2  Code  Gb  stm32f4xx_it.o [1]
NMI_Handler              0x800'3339    0x2  Code  Gb  stm32f4xx_it.o [1]
PendSV_Handler           0x800'3347    0x2  Code  Gb  stm32f4xx_it.o [1]
Region$$Table$$Base      0x800'33bc          --   Gb  - Linker created -
Region$$Table$$Limit     0x800'33cc          --   Gb  - Linker created -
SVC_Handler              0x800'3343    0x2  Code  Gb  stm32f4xx_it.o [1]
SysTick_Handler          0x800'3349    0x4  Code  Gb  stm32f4xx_it.o [1]
SystemClock_Config       0x800'2ca1   0x94  Code  Gb  main.o [1]
SystemCoreClock         0x2000'00c4    0x4  Data  Gb  system_stm32f4xx.o [1]
SystemInit               0x800'330d   0x14  Code  Gb  system_stm32f4xx.o [1]
TIM3_IRQHandler          0x800'334d    0x6  Code  Gb  stm32f4xx_it.o [1]
TIM_Base_SetConfig       0x800'2ac9   0x96  Code  Gb  stm32f4xx_hal_tim.o [1]
TIM_ETR_SetConfig        0x800'2be3   0x14  Code  Gb  stm32f4xx_hal_tim.o [1]
TIM_ITRx_SetConfig       0x800'2bd3   0x10  Code  Lc  stm32f4xx_hal_tim.o [1]
TIM_TI1_ConfigInputStage
                         0x800'2b91   0x1e  Code  Lc  stm32f4xx_hal_tim.o [1]
TIM_TI2_ConfigInputStage
                         0x800'2baf   0x24  Code  Lc  stm32f4xx_hal_tim.o [1]
UART5_IRQHandler         0x800'3353    0x6  Code  Gb  stm32f4xx_it.o [1]
UART_DMAAbortOnError     0x800'2099    0xc  Code  Lc  stm32f4xx_hal_uart.o [1]
UART_EndRxTransfer       0x800'207d   0x1c  Code  Lc  stm32f4xx_hal_uart.o [1]
UART_Receive_IT          0x800'20a5   0x92  Code  Lc  stm32f4xx_hal_uart.o [1]
UART_SetConfig           0x800'2137   0xca  Code  Lc  stm32f4xx_hal_uart.o [1]
UART_WaitOnFlagUntilTimeout
                         0x800'2019   0x56  Code  Lc  stm32f4xx_hal_uart.o [1]
UsageFault_Handler       0x800'3341    0x2  Code  Gb  stm32f4xx_it.o [1]
_Encoding_8859_1_Mbrlen
                         0x800'120d    0x2  Code  Gb  xencoding_8859_1.o [2]
_Encoding_8859_1_Wctomb
                         0x800'11fb   0x12  Code  Gb  xencoding_8859_1.o [2]
_GenldFull               0x800'0dcd  0x274  Code  Lc  xprintffull.o [2]
_LdtobFull               0x800'09c9  0x3d6  Code  Lc  xprintffull.o [2]
_LitobFull               0x800'0879  0x10a  Code  Lc  xprintffull.o [2]
_Locale_lconv           0x2000'00c8   0x38  Data  Lc  xlocale_c.o [2]
_PrintfFull              0x800'01ad  0x1aa  Code  Gb  xprintffull.o [2]
_PutcharsFull            0x800'1041   0x2e  Code  Lc  xprintffull.o [2]
_PutfldFull              0x800'03e9  0x2d4  Code  Lc  xprintffull.o [2]
_PutstrFull              0x800'07b3   0xc6  Code  Lc  xprintffull.o [2]
_PuttxtFull              0x800'06bd   0xf6  Code  Lc  xprintffull.o [2]
_SProut                  0x800'12cf    0xa  Code  Gb  xsprout.o [2]
__NVIC_SetPriority       0x800'2731   0x1a  Code  Lc  stm32f4xx_hal_cortex.o [1]
__aeabi_cdcmple          0x800'169d         Code  Gb  DblCmpLe.o [3]
__aeabi_cdrcmple         0x800'16cd         Code  Gb  DblCmpGe.o [3]
__aeabi_d2iz             0x800'1839         Code  Gb  DblToS32.o [3]
__aeabi_d2uiz            0x800'1bc5         Code  Gb  DblToU32.o [3]
__aeabi_ddiv             0x800'197d         Code  Gb  DblDiv.o [3]
__aeabi_dmul             0x800'1489         Code  Gb  DblMul.o [3]
__aeabi_dsub             0x800'1899         Code  Gb  DblSub.o [3]
__aeabi_i2d              0x800'1875         Code  Gb  S32ToDbl.o [3]
__aeabi_ldiv0            0x800'1c0d         Code  Gb  I64DivZer.o [4]
__aeabi_memclr4          0x800'2519         Code  Gb  ABImemclr4.o [4]
__aeabi_memcpy           0x800'12d9         Code  Gb  ABImemcpy.o [4]
__aeabi_memcpy4          0x800'12f9         Code  Gb  ABImemcpy.o [4]
__aeabi_memcpy8          0x800'12f9         Code  Gb  ABImemcpy.o [4]
__aeabi_ui2d             0x800'1bed         Code  Gb  U32ToDbl.o [3]
__cmain                  0x800'33cd         Code  Gb  cmain.o [4]
__exit                   0x800'1d7d   0x14  Code  Gb  exit.o [5]
__iar_Fail_s             0x800'1219   0x1c  Code  Gb  xfail_s.o [2]
__iar_Mbcurmax           0x800'12c5    0xa  Code  Gb  xmbcurmax.o [2]
__iar_Memchr             0x800'126d         Code  Gb  memchr.o [4]
__iar_Memset4_word       0x800'2835         Code  Gb  ABImemset48.o [4]
__iar_Memset8_word       0x800'2835         Code  Gb  ABImemset48.o [4]
__iar_Strchr             0x800'11e5         Code  Gb  strchr.o [4]
__iar_dadd               0x800'18a9         Code  Gb  DblSub.o [3]
__iar_data_init3         0x800'3371   0x28  Code  Gb  data_init.o [4]
__iar_dsub               0x800'1c11         Code  Gb  DblAdd.o [3]
__iar_dsubStart          0x800'1c23         Code  Gb  DblAdd.o [3]
__iar_frexp              0x800'1639         Code  Gb  frexp.o [3]
__iar_frexpl             0x800'1639         Code  Gb  frexp.o [3]
__iar_globLocale        0x2000'0100   0x48  Data  Lc  xlocale_c.o [2]
__iar_global_Locale      0x800'116d    0x4  Code  Gb  xlocale_c.o [2]
__iar_init_vfp           0x800'3399         Code  Gb  fpinit_M.o [3]
__iar_ldexp64            0x800'16fd         Code  Gb  ldexp.o [3]
__iar_lz77_init_single3
                         0x800'10f3   0x7a  Code  Gb  lz77_init_single.o [4]
__iar_program_start      0x800'3411         Code  Gb  cstartup_M.o [4]
__iar_scalbln64          0x800'16fd         Code  Gb  ldexp.o [3]
__iar_scalbn64           0x800'16fd         Code  Gb  ldexp.o [3]
__iar_small_strlen       0x800'1259         Code  Gb  strlen_small.o [4]
__iar_small_uldivmod     0x800'1381         Code  Gb  I64DivMod_small.o [4]
__iar_softfp___iar_frexp64
                         0x800'162d         Code  Gb  frexp.o [3]
__iar_softfp_frexp       0x800'162d         Code  Gb  frexp.o [3]
__iar_softfp_frexpl      0x800'162d         Code  Gb  frexp.o [3]
__low_level_init         0x800'33eb    0x4  Code  Gb  low_level_init.o [2]
__vector_table           0x800'0000         Data  Gb  startup_stm32f429xx.o [1]
_call_main               0x800'33d9         Code  Gb  cmain.o [4]
_exit                    0x800'33f5         Code  Gb  cexit.o [4]
_gLocale_mblen           0x800'11d1    0x4  Code  Gb  xlocale_c.o [2]
_gLocale_mblenInt        0x800'1195   0x2c  Code  Gb  xlocale_c.o [2]
_gLocale_wctomb          0x800'11d5    0x4  Code  Gb  xlocale_c.o [2]
_gLocale_wctombInt       0x800'11cd    0x4  Code  Gb  xlocale_c.o [2]
_main                    0x800'33e7         Code  Gb  cmain.o [4]
abort                    0x800'1c07    0x6  Code  Gb  abort.o [2]
exit                     0x800'33ef    0x4  Code  Gb  exit.o [2]
htim3                   0x2000'0040   0x40  Data  Gb  main.o [1]
huart5                  0x2000'0000   0x40  Data  Gb  main.o [1]
ldexp                    0x800'16fd         Code  Gb  ldexp.o [3]
ldexpl                   0x800'16fd         Code  Gb  ldexp.o [3]
localeconv               0x800'11d9    0x4  Code  Gb  xlocale_c.o [2]
loop                    0x2000'0080    0x4  Data  Lc  main.o [1]
main                     0x800'2c01   0xa0  Code  Gb  main.o [1]
memchr                   0x800'126d         Code  Gb  memchr.o [4]
scalbln                  0x800'16fd         Code  Gb  ldexp.o [3]
scalblnl                 0x800'16fd         Code  Gb  ldexp.o [3]
scalbn                   0x800'16fd         Code  Gb  ldexp.o [3]
scalbnl                  0x800'16fd         Code  Gb  ldexp.o [3]
scale                    0x800'0983   0x46  Code  Lc  xprintffull.o [2]
sec_hand                0x2000'0148    0x4  Data  Lc  xfail_s.o [2]
sprintf                  0x800'32cd   0x40  Code  Gb  sprintf.o [2]
strchr                   0x800'11e5         Code  Gb  strchr.o [4]
string                  0x2000'0084   0x34  Data  Gb  main.o [1]
uwTick                  0x2000'00bc    0x4  Data  Gb  stm32f4xx_hal.o [1]
uwTickFreq              0x2000'00b8    0x1  Data  Gb  stm32f4xx_hal.o [1]
uwTickPrio              0x2000'00c0    0x4  Data  Gb  stm32f4xx_hal.o [1]


[1] = D:\CONTROLL\A2015132039CYU\A2015132039CYU_UARTTIMINT\EWARM\A2015132039CYU\Obj
[2] = dl7M_tlf.a
[3] = m7M_tls.a
[4] = rt7M_tl.a
[5] = shb_l.a

  13 674 bytes of readonly  code memory
     107 bytes of readonly  data memory
   1 356 bytes of readwrite data memory

Errors: none
Warnings: none
