###############################################################################
#
# IAR ELF Linker V8.32.3.193/W32 for ARM                  22/Jul/2020  17:55:02
# Copyright 2007-2019 IAR Systems AB.
#
#    Output file  =  
#        D:\CONTROLL\A2015132039CYU\NEW\NEWC\EWARM\NEWC\Exe\NEWC.out
#    Map file     =  
#        D:\CONTROLL\A2015132039CYU\NEW\NEWC\EWARM\NEWC\List\NEWC.map
#    Command line =  
#        -f C:\Users\ÃÖ¿µ¿î\AppData\Local\Temp\EW6269.tmp
#        (D:\CONTROLL\A2015132039CYU\NEW\NEWC\EWARM\NEWC\Obj\main.o
#        D:\CONTROLL\A2015132039CYU\NEW\NEWC\EWARM\NEWC\Obj\startup_stm32f429xx.o
#        D:\CONTROLL\A2015132039CYU\NEW\NEWC\EWARM\NEWC\Obj\stm32f4xx_hal.o
#        D:\CONTROLL\A2015132039CYU\NEW\NEWC\EWARM\NEWC\Obj\stm32f4xx_hal_cortex.o
#        D:\CONTROLL\A2015132039CYU\NEW\NEWC\EWARM\NEWC\Obj\stm32f4xx_hal_dma.o
#        D:\CONTROLL\A2015132039CYU\NEW\NEWC\EWARM\NEWC\Obj\stm32f4xx_hal_dma_ex.o
#        D:\CONTROLL\A2015132039CYU\NEW\NEWC\EWARM\NEWC\Obj\stm32f4xx_hal_exti.o
#        D:\CONTROLL\A2015132039CYU\NEW\NEWC\EWARM\NEWC\Obj\stm32f4xx_hal_flash.o
#        D:\CONTROLL\A2015132039CYU\NEW\NEWC\EWARM\NEWC\Obj\stm32f4xx_hal_flash_ex.o
#        D:\CONTROLL\A2015132039CYU\NEW\NEWC\EWARM\NEWC\Obj\stm32f4xx_hal_flash_ramfunc.o
#        D:\CONTROLL\A2015132039CYU\NEW\NEWC\EWARM\NEWC\Obj\stm32f4xx_hal_gpio.o
#        D:\CONTROLL\A2015132039CYU\NEW\NEWC\EWARM\NEWC\Obj\stm32f4xx_hal_msp.o
#        D:\CONTROLL\A2015132039CYU\NEW\NEWC\EWARM\NEWC\Obj\stm32f4xx_hal_pcd.o
#        D:\CONTROLL\A2015132039CYU\NEW\NEWC\EWARM\NEWC\Obj\stm32f4xx_hal_pcd_ex.o
#        D:\CONTROLL\A2015132039CYU\NEW\NEWC\EWARM\NEWC\Obj\stm32f4xx_hal_pwr.o
#        D:\CONTROLL\A2015132039CYU\NEW\NEWC\EWARM\NEWC\Obj\stm32f4xx_hal_pwr_ex.o
#        D:\CONTROLL\A2015132039CYU\NEW\NEWC\EWARM\NEWC\Obj\stm32f4xx_hal_rcc.o
#        D:\CONTROLL\A2015132039CYU\NEW\NEWC\EWARM\NEWC\Obj\stm32f4xx_hal_rcc_ex.o
#        D:\CONTROLL\A2015132039CYU\NEW\NEWC\EWARM\NEWC\Obj\stm32f4xx_hal_tim.o
#        D:\CONTROLL\A2015132039CYU\NEW\NEWC\EWARM\NEWC\Obj\stm32f4xx_hal_tim_ex.o
#        D:\CONTROLL\A2015132039CYU\NEW\NEWC\EWARM\NEWC\Obj\stm32f4xx_hal_uart.o
#        D:\CONTROLL\A2015132039CYU\NEW\NEWC\EWARM\NEWC\Obj\stm32f4xx_it.o
#        D:\CONTROLL\A2015132039CYU\NEW\NEWC\EWARM\NEWC\Obj\stm32f4xx_ll_usb.o
#        D:\CONTROLL\A2015132039CYU\NEW\NEWC\EWARM\NEWC\Obj\system_stm32f4xx.o
#        --redirect _Printf=_PrintfFull --redirect _Scanf=_ScanfFull
#        --no_out_extension -o
#        D:\CONTROLL\A2015132039CYU\NEW\NEWC\EWARM\NEWC\Exe\NEWC.out --map
#        D:\CONTROLL\A2015132039CYU\NEW\NEWC\EWARM\NEWC\List\NEWC.map --config
#        D:\CONTROLL\A2015132039CYU\NEW\NEWC\EWARM/stm32f429xx_flash.icf
#        --semihosting --entry __iar_program_start --vfe --text_out locale)
#
###############################################################################

*******************************************************************************
*** RUNTIME MODEL ATTRIBUTES
***

CppFlavor       = *
__SystemLibrary = DLib
__dlib_version  = 6


*******************************************************************************
*** HEAP SELECTION
***

The basic heap was selected because some modules are built with
size limitations (and not runtime checking), and --advanced_heap
was not specified.


*******************************************************************************
*** PLACEMENT SUMMARY
***

"A0":  place at 0x800'0000 { ro section .intvec };
"P1":  place in [from 0x800'0000 to 0x81f'ffff] { ro };
define block CSTACK with size = 1K, alignment = 8 { };
define block HEAP with size = 512, alignment = 8 { };
"P2":  place in [from 0x2000'0000 to 0x2002'ffff] {
          rw, block CSTACK, block HEAP };
initialize by copy { rw };

  Section            Kind         Address    Size  Object
  -------            ----         -------    ----  ------
"A0":                                       0x1ac
  .intvec            ro code   0x800'0000   0x1ac  startup_stm32f429xx.o [1]
                             - 0x800'01ac   0x1ac

"P1":                                      0x2667
  .text              ro code   0x800'01ac   0x834  main.o [1]
  .text              ro code   0x800'09e0    0x34  stm32f4xx_hal.o [1]
  .text              ro code   0x800'0a14     0x6  ABImemclr4.o [4]
  .text              ro code   0x800'0a1a    0x3a  zero_init3.o [4]
  .text              ro code   0x800'0a54   0x69a  stm32f4xx_hal_tim.o [1]
  .text              ro code   0x800'10f0    0x8c  stm32f4xx_hal_tim_ex.o [1]
  .text              ro code   0x800'117c   0x298  stm32f4xx_hal_msp.o [1]
  .text              ro code   0x800'1414   0x3cc  stm32f4xx_hal_uart.o [1]
  .text              ro code   0x800'17e0    0xd0  stm32f4xx_hal_pcd.o [1]
  .text              ro code   0x800'18b0    0xc4  stm32f4xx_hal_cortex.o [1]
  .text              ro code   0x800'1974   0x324  stm32f4xx_hal_rcc.o [1]
  .text              ro code   0x800'1c98   0x1ac  stm32f4xx_hal_rcc.o [1]
  .text              ro code   0x800'1e44   0x218  stm32f4xx_hal_gpio.o [1]
  .text              ro code   0x800'205c    0x40  stm32f4xx_hal.o [1]
  .text              ro code   0x800'209c    0x32  ABImemset48.o [4]
  .text              ro code   0x800'20ce     0x2  stm32f4xx_hal_tim.o [1]
  .text              ro code   0x800'20d0     0x2  stm32f4xx_hal_tim.o [1]
  .text              ro code   0x800'20d2     0x2  stm32f4xx_hal_tim.o [1]
  .text              ro code   0x800'20d4     0x2  stm32f4xx_hal_tim_ex.o [1]
  .text              ro code   0x800'20d6     0x2  stm32f4xx_hal_tim.o [1]
  .text              ro code   0x800'20d8     0x2  stm32f4xx_hal_tim_ex.o [1]
  .text              ro code   0x800'20dc    0x24  stm32f4xx_hal_dma.o [1]
  .text              ro code   0x800'2100     0x2  stm32f4xx_hal_uart.o [1]
  .text              ro code   0x800'2102     0x2  stm32f4xx_hal_uart.o [1]
  .text              ro code   0x800'2104   0x106  I64DivMod_small.o [4]
  .text              ro code   0x800'220c   0x2b8  stm32f4xx_ll_usb.o [1]
  .text              ro code   0x800'24c4    0x18  ABImemcpy_small.o [4]
  .text              ro code   0x800'24dc     0xc  stm32f4xx_hal.o [1]
  .text              ro code   0x800'24e8     0x2  I64DivZer.o [4]
  .text              ro code   0x800'24ec    0x28  stm32f4xx_hal.o [1]
  .text              ro code   0x800'2514    0x54  stm32f4xx_it.o [1]
  .text              ro code   0x800'2568    0x10  stm32f4xx_hal.o [1]
  .text              ro code   0x800'2578    0x38  packbits_init_single.o [4]
  .text              ro code   0x800'25b0    0x2c  system_stm32f4xx.o [1]
  .text              ro code   0x800'25dc    0x28  data_init.o [4]
  .text              ro code   0x800'2604    0x22  fpinit_M.o [3]
  .iar.init_table    const     0x800'2628    0x20  - Linker created -
  .text              ro code   0x800'2648    0x1e  cmain.o [4]
  .text              ro code   0x800'2666     0x4  low_level_init.o [2]
  .text              ro code   0x800'266a     0x4  exit.o [2]
  .text              ro code   0x800'2670     0xa  cexit.o [4]
  .text              ro code   0x800'267c    0x14  exit.o [5]
  .text              ro code   0x800'2690    0x10  startup_stm32f429xx.o [1]
  .text              ro code   0x800'26a0     0xc  cstartup_M.o [4]
  .rodata            const     0x800'26ac     0x8  system_stm32f4xx.o [1]
  .text              ro code   0x800'26b4     0x4  startup_stm32f429xx.o [1]
  .text              ro code   0x800'26b8     0x4  startup_stm32f429xx.o [1]
  .text              ro code   0x800'26bc     0x4  startup_stm32f429xx.o [1]
  .text              ro code   0x800'26c0     0x4  startup_stm32f429xx.o [1]
  .text              ro code   0x800'26c4     0x4  startup_stm32f429xx.o [1]
  .text              ro code   0x800'26c8     0x4  startup_stm32f429xx.o [1]
  .text              ro code   0x800'26cc     0x4  startup_stm32f429xx.o [1]
  .text              ro code   0x800'26d0     0x4  startup_stm32f429xx.o [1]
  .text              ro code   0x800'26d4     0x4  startup_stm32f429xx.o [1]
  .text              ro code   0x800'26d8     0x4  startup_stm32f429xx.o [1]
  .text              ro code   0x800'26dc     0x4  startup_stm32f429xx.o [1]
  .text              ro code   0x800'26e0     0x4  startup_stm32f429xx.o [1]
  .text              ro code   0x800'26e4     0x4  startup_stm32f429xx.o [1]
  .text              ro code   0x800'26e8     0x4  startup_stm32f429xx.o [1]
  .text              ro code   0x800'26ec     0x4  startup_stm32f429xx.o [1]
  .text              ro code   0x800'26f0     0x4  startup_stm32f429xx.o [1]
  .text              ro code   0x800'26f4     0x4  startup_stm32f429xx.o [1]
  .text              ro code   0x800'26f8     0x4  startup_stm32f429xx.o [1]
  .text              ro code   0x800'26fc     0x4  startup_stm32f429xx.o [1]
  .text              ro code   0x800'2700     0x4  startup_stm32f429xx.o [1]
  .text              ro code   0x800'2704     0x4  startup_stm32f429xx.o [1]
  .text              ro code   0x800'2708     0x4  startup_stm32f429xx.o [1]
  .text              ro code   0x800'270c     0x4  startup_stm32f429xx.o [1]
  .text              ro code   0x800'2710     0x4  startup_stm32f429xx.o [1]
  .text              ro code   0x800'2714     0x4  startup_stm32f429xx.o [1]
  .text              ro code   0x800'2718     0x4  startup_stm32f429xx.o [1]
  .text              ro code   0x800'271c     0x4  startup_stm32f429xx.o [1]
  .text              ro code   0x800'2720     0x4  startup_stm32f429xx.o [1]
  .text              ro code   0x800'2724     0x4  startup_stm32f429xx.o [1]
  .text              ro code   0x800'2728     0x4  startup_stm32f429xx.o [1]
  .text              ro code   0x800'272c     0x4  startup_stm32f429xx.o [1]
  .text              ro code   0x800'2730     0x4  startup_stm32f429xx.o [1]
  .text              ro code   0x800'2734     0x4  startup_stm32f429xx.o [1]
  .text              ro code   0x800'2738     0x4  startup_stm32f429xx.o [1]
  .text              ro code   0x800'273c     0x4  startup_stm32f429xx.o [1]
  .text              ro code   0x800'2740     0x4  startup_stm32f429xx.o [1]
  .text              ro code   0x800'2744     0x4  startup_stm32f429xx.o [1]
  .text              ro code   0x800'2748     0x4  startup_stm32f429xx.o [1]
  .text              ro code   0x800'274c     0x4  startup_stm32f429xx.o [1]
  .text              ro code   0x800'2750     0x4  startup_stm32f429xx.o [1]
  .text              ro code   0x800'2754     0x4  startup_stm32f429xx.o [1]
  .text              ro code   0x800'2758     0x4  startup_stm32f429xx.o [1]
  .text              ro code   0x800'275c     0x4  startup_stm32f429xx.o [1]
  .text              ro code   0x800'2760     0x4  startup_stm32f429xx.o [1]
  .text              ro code   0x800'2764     0x4  startup_stm32f429xx.o [1]
  .text              ro code   0x800'2768     0x4  startup_stm32f429xx.o [1]
  .text              ro code   0x800'276c     0x4  startup_stm32f429xx.o [1]
  .text              ro code   0x800'2770     0x4  startup_stm32f429xx.o [1]
  .text              ro code   0x800'2774     0x4  startup_stm32f429xx.o [1]
  .text              ro code   0x800'2778     0x4  startup_stm32f429xx.o [1]
  .text              ro code   0x800'277c     0x4  startup_stm32f429xx.o [1]
  .text              ro code   0x800'2780     0x4  startup_stm32f429xx.o [1]
  .text              ro code   0x800'2784     0x4  startup_stm32f429xx.o [1]
  .text              ro code   0x800'2788     0x4  startup_stm32f429xx.o [1]
  .text              ro code   0x800'278c     0x4  startup_stm32f429xx.o [1]
  .text              ro code   0x800'2790     0x4  startup_stm32f429xx.o [1]
  .text              ro code   0x800'2794     0x4  startup_stm32f429xx.o [1]
  .text              ro code   0x800'2798     0x4  startup_stm32f429xx.o [1]
  .text              ro code   0x800'279c     0x4  startup_stm32f429xx.o [1]
  .text              ro code   0x800'27a0     0x4  startup_stm32f429xx.o [1]
  .text              ro code   0x800'27a4     0x4  startup_stm32f429xx.o [1]
  .text              ro code   0x800'27a8     0x4  startup_stm32f429xx.o [1]
  .text              ro code   0x800'27ac     0x4  startup_stm32f429xx.o [1]
  .text              ro code   0x800'27b0     0x4  startup_stm32f429xx.o [1]
  .text              ro code   0x800'27b4     0x4  startup_stm32f429xx.o [1]
  .text              ro code   0x800'27b8     0x4  startup_stm32f429xx.o [1]
  .text              ro code   0x800'27bc     0x4  startup_stm32f429xx.o [1]
  .text              ro code   0x800'27c0     0x4  startup_stm32f429xx.o [1]
  .text              ro code   0x800'27c4     0x4  startup_stm32f429xx.o [1]
  .text              ro code   0x800'27c8     0x4  startup_stm32f429xx.o [1]
  .text              ro code   0x800'27cc     0x4  startup_stm32f429xx.o [1]
  .text              ro code   0x800'27d0     0x4  startup_stm32f429xx.o [1]
  .text              ro code   0x800'27d4     0x4  startup_stm32f429xx.o [1]
  .text              ro code   0x800'27d8     0x4  startup_stm32f429xx.o [1]
  .text              ro code   0x800'27dc     0x4  startup_stm32f429xx.o [1]
  .text              ro code   0x800'27e0     0x4  startup_stm32f429xx.o [1]
  .text              ro code   0x800'27e4     0x4  startup_stm32f429xx.o [1]
  .text              ro code   0x800'27e8     0x4  startup_stm32f429xx.o [1]
  .text              ro code   0x800'27ec     0x4  startup_stm32f429xx.o [1]
  .text              ro code   0x800'27f0     0x4  startup_stm32f429xx.o [1]
  .text              ro code   0x800'27f4     0x4  startup_stm32f429xx.o [1]
  .text              ro code   0x800'27f8     0x4  startup_stm32f429xx.o [1]
  .rodata            const     0x800'27fc     0x0  zero_init3.o [4]
  .rodata            const     0x800'27fc     0x0  packbits_init_single.o [4]
  Initializer bytes  const     0x800'27fc    0x17  <for P2-1>
                             - 0x800'2813  0x2667

"P2", part 1 of 3:                           0x88
  P2-1                        0x2000'0000    0x88  <Init block>
    .data            inited   0x2000'0000    0x78  main.o [1]
    .data            inited   0x2000'0078     0xc  stm32f4xx_hal.o [1]
    .data            inited   0x2000'0084     0x4  system_stm32f4xx.o [1]
                            - 0x2000'0088    0x88

"P2", part 2 of 3:                          0x640
  .bss               zero     0x2000'0088   0x58c  main.o [1]
  .bss               zero     0x2000'0614    0x40  main.o [1]
  .bss               zero     0x2000'0654    0x40  main.o [1]
  .bss               zero     0x2000'0694    0x34  main.o [1]
                            - 0x2000'06c8   0x640

"P2", part 3 of 3:                          0x400
  CSTACK                      0x2000'06c8   0x400  <Block>
    CSTACK           uninit   0x2000'06c8   0x400  <Block tail>
                            - 0x2000'0ac8   0x400

Unused ranges:

         From           To       Size
         ----           --       ----
   0x800'2813   0x81f'ffff  0x1f'd7ed
  0x2000'0ac8  0x2002'ffff   0x2'f538


*******************************************************************************
*** INIT TABLE
***

          Address      Size
          -------      ----
Zero (__iar_zero_init3)
    1 destination range, total size 0x640:
          0x2000'0088  0x640

Copy/packbits (__iar_packbits_init_single3)
    1 source range, total size 0x17 (16% of destination):
           0x800'27fc   0x17
    1 destination range, total size 0x88:
          0x2000'0000   0x88



*******************************************************************************
*** MODULE SUMMARY
***

    Module                  ro code  ro data  rw data
    ------                  -------  -------  -------
command line/config:
    -------------------------------------------------
    Total:

D:\CONTROLL\A2015132039CYU\NEW\NEWC\EWARM\NEWC\Obj: [1]
    main.o                    2 100       20    1 720
    startup_stm32f429xx.o       772
    stm32f4xx_hal.o             184        2       12
    stm32f4xx_hal_cortex.o      196
    stm32f4xx_hal_dma.o          36
    stm32f4xx_hal_gpio.o        536
    stm32f4xx_hal_msp.o         664
    stm32f4xx_hal_pcd.o         208
    stm32f4xx_hal_rcc.o       1 232
    stm32f4xx_hal_tim.o       1 698
    stm32f4xx_hal_tim_ex.o      144
    stm32f4xx_hal_uart.o        976
    stm32f4xx_it.o               84
    stm32f4xx_ll_usb.o          696
    system_stm32f4xx.o           44        9        4
    -------------------------------------------------
    Total:                    9 570       31    1 736

dl7M_tlf.a: [2]
    exit.o                        4
    low_level_init.o              4
    -------------------------------------------------
    Total:                        8

m7M_tls.a: [3]
    fpinit_M.o                   34
    -------------------------------------------------
    Total:                       34

rt7M_tl.a: [4]
    ABImemclr4.o                  6
    ABImemcpy_small.o            24
    ABImemset48.o                50
    I64DivMod_small.o           262
    I64DivZer.o                   2
    cexit.o                      10
    cmain.o                      30
    cstartup_M.o                 12
    data_init.o                  40
    packbits_init_single.o       56
    zero_init3.o                 58
    -------------------------------------------------
    Total:                      550

shb_l.a: [5]
    exit.o                       20
    -------------------------------------------------
    Total:                       20

    Gaps                         12        2
    Linker created                        32    1 024
-----------------------------------------------------
    Grand Total:             10 194       65    2 760


*******************************************************************************
*** ENTRY LIST
***

Entry                       Address   Size  Type      Object
-----                       -------   ----  ----      ------
.iar.init_table$$Base    0x800'2628          --   Gb  - Linker created -
.iar.init_table$$Limit   0x800'2648          --   Gb  - Linker created -
?main                    0x800'2649         Code  Gb  cmain.o [4]
AHBPrescTable            0x800'25cc   0x10  Data  Gb  system_stm32f4xx.o [1]
APBPrescTable            0x800'26ac    0x8  Data  Gb  system_stm32f4xx.o [1]
BusFault_Handler         0x800'251b    0x2  Code  Gb  stm32f4xx_it.o [1]
CSTACK$$Base            0x2000'06c8          --   Gb  - Linker created -
CSTACK$$Limit           0x2000'0ac8          --   Gb  - Linker created -
DebugMon_Handler         0x800'2521    0x2  Code  Gb  stm32f4xx_it.o [1]
EXTI0_IRQHandler         0x800'2529    0x6  Code  Gb  stm32f4xx_it.o [1]
EXTI1_IRQHandler         0x800'252f    0x6  Code  Gb  stm32f4xx_it.o [1]
EXTI2_IRQHandler         0x800'2535    0x6  Code  Gb  stm32f4xx_it.o [1]
EXTI3_IRQHandler         0x800'253b    0x6  Code  Gb  stm32f4xx_it.o [1]
HAL_DMA_Abort_IT         0x800'20dd   0x24  Code  Gb  stm32f4xx_hal_dma.o [1]
HAL_Delay                0x800'24ed   0x28  Code  Wk  stm32f4xx_hal.o [1]
HAL_GPIO_EXTI_Callback   0x800'08f7   0x72  Code  Gb  main.o [1]
HAL_GPIO_EXTI_IRQHandler
                         0x800'2013   0x10  Code  Gb  stm32f4xx_hal_gpio.o [1]
HAL_GPIO_Init            0x800'1e45  0x1c6  Code  Gb  stm32f4xx_hal_gpio.o [1]
HAL_GPIO_WritePin        0x800'200b    0x8  Code  Gb  stm32f4xx_hal_gpio.o [1]
HAL_GetTick              0x800'24dd    0xc  Code  Wk  stm32f4xx_hal.o [1]
HAL_IncTick              0x800'2569   0x10  Code  Wk  stm32f4xx_hal.o [1]
HAL_Init                 0x800'09e1   0x30  Code  Gb  stm32f4xx_hal.o [1]
HAL_InitTick             0x800'205d   0x40  Code  Wk  stm32f4xx_hal.o [1]
HAL_MspInit              0x800'117d   0x34  Code  Gb  stm32f4xx_hal_msp.o [1]
HAL_NVIC_EnableIRQ       0x800'191f   0x16  Code  Gb  stm32f4xx_hal_cortex.o [1]
HAL_NVIC_SetPriority     0x800'18e5   0x3a  Code  Gb  stm32f4xx_hal_cortex.o [1]
HAL_NVIC_SetPriorityGrouping
                         0x800'18cb   0x1a  Code  Gb  stm32f4xx_hal_cortex.o [1]
HAL_PCD_Init             0x800'17e1   0xb8  Code  Gb  stm32f4xx_hal_pcd.o [1]
HAL_PCD_MspInit          0x800'1361   0x78  Code  Gb  stm32f4xx_hal_msp.o [1]
HAL_RCC_ClockConfig      0x800'1c99  0x100  Code  Gb  stm32f4xx_hal_rcc.o [1]
HAL_RCC_GetPCLK1Freq     0x800'1da5   0x10  Code  Gb  stm32f4xx_hal_rcc.o [1]
HAL_RCC_GetPCLK2Freq     0x800'1db5    0xe  Code  Gb  stm32f4xx_hal_rcc.o [1]
HAL_RCC_OscConfig        0x800'1975  0x324  Code  Wk  stm32f4xx_hal_rcc.o [1]
HAL_SYSTICK_Config       0x800'1935   0x28  Code  Gb  stm32f4xx_hal_cortex.o [1]
HAL_TIMEx_BreakCallback
                         0x800'20d5    0x2  Code  Wk  stm32f4xx_hal_tim_ex.o [1]
HAL_TIMEx_CommutCallback
                         0x800'20d9    0x2  Code  Wk  stm32f4xx_hal_tim_ex.o [1]
HAL_TIMEx_MasterConfigSynchronization
                         0x800'10f1   0x6e  Code  Gb  stm32f4xx_hal_tim_ex.o [1]
HAL_TIM_Base_Init        0x800'0a55   0x1a  Code  Gb  stm32f4xx_hal_tim.o [1]
HAL_TIM_Base_MspInit     0x800'11b1   0x56  Code  Gb  stm32f4xx_hal_msp.o [1]
HAL_TIM_Base_Start_IT    0x800'0a6f   0x20  Code  Gb  stm32f4xx_hal_tim.o [1]
HAL_TIM_ConfigClockSource
                         0x800'0d91   0x90  Code  Gb  stm32f4xx_hal_tim.o [1]
HAL_TIM_IRQHandler       0x800'0b59  0x142  Code  Gb  stm32f4xx_hal_tim.o [1]
HAL_TIM_MspPostInit      0x800'1207   0x80  Code  Gb  stm32f4xx_hal_msp.o [1]
HAL_TIM_PWM_ConfigChannel
                         0x800'0ca1   0xbc  Code  Gb  stm32f4xx_hal_tim.o [1]
HAL_TIM_PWM_Init         0x800'0ac3   0x1a  Code  Gb  stm32f4xx_hal_tim.o [1]
HAL_TIM_PWM_PulseFinishedCallback
                         0x800'08c1   0x36  Code  Gb  main.o [1]
HAL_TIM_PWM_Start_IT     0x800'0add   0x14  Code  Gb  stm32f4xx_hal_tim.o [1]
HAL_TIM_PeriodElapsedCallback
                         0x800'05e3  0x224  Code  Gb  main.o [1]
HAL_UART_IRQHandler      0x800'14ed  0x152  Code  Gb  stm32f4xx_hal_uart.o [1]
HAL_UART_Init            0x800'1415   0x1e  Code  Gb  stm32f4xx_hal_uart.o [1]
HAL_UART_MspInit         0x800'1295   0xb0  Code  Gb  stm32f4xx_hal_msp.o [1]
HAL_UART_Receive_IT      0x800'148b   0x56  Code  Gb  stm32f4xx_hal_uart.o [1]
HAL_UART_RxCpltCallback
                         0x800'087f   0x42  Code  Gb  main.o [1]
HardFault_Handler        0x800'2517    0x2  Code  Gb  stm32f4xx_it.o [1]
MX_GPIO_Init             0x800'03fd  0x1bc  Code  Lc  main.o [1]
MemManage_Handler        0x800'2519    0x2  Code  Gb  stm32f4xx_it.o [1]
NMI_Handler              0x800'2515    0x2  Code  Gb  stm32f4xx_it.o [1]
PendSV_Handler           0x800'2523    0x2  Code  Gb  stm32f4xx_it.o [1]
Region$$Table$$Base      0x800'2628          --   Gb  - Linker created -
Region$$Table$$Limit     0x800'2648          --   Gb  - Linker created -
RxBuffer                0x2000'0514  0x100  Data  Gb  main.o [1]
SVC_Handler              0x800'251f    0x2  Code  Gb  stm32f4xx_it.o [1]
SysTick_Handler          0x800'2525    0x4  Code  Gb  stm32f4xx_it.o [1]
SystemClock_Config       0x800'036b   0x92  Code  Gb  main.o [1]
SystemCoreClock         0x2000'0084    0x4  Data  Gb  system_stm32f4xx.o [1]
SystemInit               0x800'25b1   0x14  Code  Gb  system_stm32f4xx.o [1]
TIM3_IRQHandler          0x800'2541    0x6  Code  Gb  stm32f4xx_it.o [1]
TIM4_IRQHandler          0x800'2547    0x6  Code  Gb  stm32f4xx_it.o [1]
TIM_Base_SetConfig       0x800'0e4b   0x96  Code  Gb  stm32f4xx_hal_tim.o [1]
TIM_CCxChannelCmd        0x800'10d3   0x16  Code  Gb  stm32f4xx_hal_tim.o [1]
TIM_ETR_SetConfig        0x800'10bf   0x14  Code  Gb  stm32f4xx_hal_tim.o [1]
TIM_ITRx_SetConfig       0x800'10af   0x10  Code  Lc  stm32f4xx_hal_tim.o [1]
TIM_OC1_SetConfig        0x800'0ee1   0x58  Code  Lc  stm32f4xx_hal_tim.o [1]
TIM_OC2_SetConfig        0x800'0f39   0x60  Code  Gb  stm32f4xx_hal_tim.o [1]
TIM_OC3_SetConfig        0x800'0f99   0x5e  Code  Lc  stm32f4xx_hal_tim.o [1]
TIM_OC4_SetConfig        0x800'0ff7   0x46  Code  Lc  stm32f4xx_hal_tim.o [1]
TIM_TI1_ConfigInputStage
                         0x800'106d   0x1e  Code  Lc  stm32f4xx_hal_tim.o [1]
TIM_TI2_ConfigInputStage
                         0x800'108b   0x24  Code  Lc  stm32f4xx_hal_tim.o [1]
UART4_IRQHandler         0x800'2553    0x6  Code  Gb  stm32f4xx_it.o [1]
UART_DMAAbortOnError     0x800'165d    0xc  Code  Lc  stm32f4xx_hal_uart.o [1]
UART_EndRxTransfer       0x800'163f   0x1c  Code  Lc  stm32f4xx_hal_uart.o [1]
UART_Receive_IT          0x800'1669   0x92  Code  Lc  stm32f4xx_hal_uart.o [1]
UART_SetConfig           0x800'16fb   0xca  Code  Lc  stm32f4xx_hal_uart.o [1]
USART3_IRQHandler        0x800'254d    0x6  Code  Gb  stm32f4xx_it.o [1]
USB_CoreInit             0x800'220d   0x78  Code  Gb  stm32f4xx_ll_usb.o [1]
USB_CoreReset            0x800'246d   0x2a  Code  Lc  stm32f4xx_ll_usb.o [1]
USB_DevDisconnect        0x800'2455    0xc  Code  Gb  stm32f4xx_ll_usb.o [1]
USB_DevInit              0x800'22b9  0x154  Code  Gb  stm32f4xx_ll_usb.o [1]
USB_DisableGlobalInt     0x800'2285    0x6  Code  Gb  stm32f4xx_ll_usb.o [1]
USB_FlushRxFifo          0x800'242b   0x1a  Code  Gb  stm32f4xx_ll_usb.o [1]
USB_FlushTxFifo          0x800'240d   0x1e  Code  Gb  stm32f4xx_ll_usb.o [1]
USB_SetCurrentMode       0x800'2291   0x28  Code  Gb  stm32f4xx_ll_usb.o [1]
USB_SetDevSpeed          0x800'2445    0xa  Code  Gb  stm32f4xx_ll_usb.o [1]
UsageFault_Handler       0x800'251d    0x2  Code  Gb  stm32f4xx_it.o [1]
__NVIC_SetPriority       0x800'18b1   0x1a  Code  Lc  stm32f4xx_hal_cortex.o [1]
__aeabi_ldiv0            0x800'24e9         Code  Gb  I64DivZer.o [4]
__aeabi_memclr4          0x800'0a15         Code  Gb  ABImemclr4.o [4]
__cmain                  0x800'2649         Code  Gb  cmain.o [4]
__exit                   0x800'267d   0x14  Code  Gb  exit.o [5]
__iar_Memset4_word       0x800'209d         Code  Gb  ABImemset48.o [4]
__iar_Memset8_word       0x800'209d         Code  Gb  ABImemset48.o [4]
__iar_data_init3         0x800'25dd   0x28  Code  Gb  data_init.o [4]
__iar_init_vfp           0x800'2605         Code  Gb  fpinit_M.o [3]
__iar_packbits_init_single3
                         0x800'2579   0x38  Code  Gb  packbits_init_single.o [4]
__iar_program_start      0x800'26a1         Code  Gb  cstartup_M.o [4]
__iar_small_Memcpy       0x800'24c9         Code  Gb  ABImemcpy_small.o [4]
__iar_small_memcpy       0x800'24c5         Code  Gb  ABImemcpy_small.o [4]
__iar_small_memcpy4      0x800'24c5         Code  Gb  ABImemcpy_small.o [4]
__iar_small_memcpy8      0x800'24c5         Code  Gb  ABImemcpy_small.o [4]
__iar_small_uldivmod     0x800'2105         Code  Gb  I64DivMod_small.o [4]
__iar_zero_init3         0x800'0a1b   0x3a  Code  Gb  zero_init3.o [4]
__low_level_init         0x800'2667    0x4  Code  Gb  low_level_init.o [2]
__vector_table           0x800'0000         Data  Gb  startup_stm32f429xx.o [1]
_call_main               0x800'2655         Code  Gb  cmain.o [4]
_exit                    0x800'2671         Code  Gb  cexit.o [4]
_main                    0x800'2663         Code  Gb  cmain.o [4]
canger                  0x2000'0064    0x4  Data  Gb  main.o [1]
count                   0x2000'064c    0x4  Data  Gb  main.o [1]
exit                     0x800'266b    0x4  Code  Gb  exit.o [2]
full_ch                 0x2000'0614   0x34  Data  Gb  main.o [1]
full_ch1                0x2000'0694   0x34  Data  Gb  main.o [1]
hpcd_USB_OTG_FS         0x2000'0088  0x408  Data  Gb  main.o [1]
htim3                   0x2000'0000   0x40  Data  Gb  main.o [1]
htim4                   0x2000'04d0   0x40  Data  Gb  main.o [1]
huart3                  0x2000'0490   0x40  Data  Gb  main.o [1]
huart4                  0x2000'0654   0x40  Data  Gb  main.o [1]
main                     0x800'01ad  0x1b6  Code  Gb  main.o [1]
num                     0x2000'0648    0x4  Data  Gb  main.o [1]
nums                    0x2000'0074    0x4  Data  Gb  main.o [1]
p0                      0x2000'0068    0x4  Data  Gb  main.o [1]
p1                      0x2000'006c    0x4  Data  Gb  main.o [1]
p2                      0x2000'0070    0x4  Data  Gb  main.o [1]
point                   0x2000'0650    0x4  Data  Gb  main.o [1]
psum                    0x2000'0510    0x4  Data  Gb  main.o [1]
pulse                   0x2000'005c    0x4  Data  Gb  main.o [1]
sConfigOC               0x2000'0040   0x1c  Data  Gb  main.o [1]
start_sen               0x2000'0060    0x4  Data  Gb  main.o [1]
uwTick                  0x2000'007c    0x4  Data  Gb  stm32f4xx_hal.o [1]
uwTickFreq              0x2000'0078    0x1  Data  Gb  stm32f4xx_hal.o [1]
uwTickPrio              0x2000'0080    0x4  Data  Gb  stm32f4xx_hal.o [1]


[1] = D:\CONTROLL\A2015132039CYU\NEW\NEWC\EWARM\NEWC\Obj
[2] = dl7M_tlf.a
[3] = m7M_tls.a
[4] = rt7M_tl.a
[5] = shb_l.a

  10 194 bytes of readonly  code memory
      65 bytes of readonly  data memory
   2 760 bytes of readwrite data memory

Errors: none
Warnings: none
