###############################################################################
#
# IAR ELF Linker V8.20.2.14835/W32 for ARM                28/Apr/2020  18:45:39
# Copyright 2007-2017 IAR Systems AB.
#
#    Output file  =  
#        D:\OneDrive\STM32F429I-DISC\STM32F429ZI-UartDelay\EWARM\STM32F429ZI\Exe\STM32F429ZI.out
#    Map file     =  
#        D:\OneDrive\STM32F429I-DISC\STM32F429ZI-UartDelay\EWARM\STM32F429ZI\List\STM32F429ZI.map
#    Command line =  
#        -f C:\Users\yhyee\AppData\Local\Temp\EWE4CA.tmp
#        (D:\OneDrive\STM32F429I-DISC\STM32F429ZI-UartDelay\EWARM\STM32F429ZI\Obj\main.o
#        D:\OneDrive\STM32F429I-DISC\STM32F429ZI-UartDelay\EWARM\STM32F429ZI\Obj\startup_stm32f429xx.o
#        D:\OneDrive\STM32F429I-DISC\STM32F429ZI-UartDelay\EWARM\STM32F429ZI\Obj\stm32f4xx_hal.o
#        D:\OneDrive\STM32F429I-DISC\STM32F429ZI-UartDelay\EWARM\STM32F429ZI\Obj\stm32f4xx_hal_cortex.o
#        D:\OneDrive\STM32F429I-DISC\STM32F429ZI-UartDelay\EWARM\STM32F429ZI\Obj\stm32f4xx_hal_dma.o
#        D:\OneDrive\STM32F429I-DISC\STM32F429ZI-UartDelay\EWARM\STM32F429ZI\Obj\stm32f4xx_hal_dma_ex.o
#        D:\OneDrive\STM32F429I-DISC\STM32F429ZI-UartDelay\EWARM\STM32F429ZI\Obj\stm32f4xx_hal_exti.o
#        D:\OneDrive\STM32F429I-DISC\STM32F429ZI-UartDelay\EWARM\STM32F429ZI\Obj\stm32f4xx_hal_flash.o
#        D:\OneDrive\STM32F429I-DISC\STM32F429ZI-UartDelay\EWARM\STM32F429ZI\Obj\stm32f4xx_hal_flash_ex.o
#        D:\OneDrive\STM32F429I-DISC\STM32F429ZI-UartDelay\EWARM\STM32F429ZI\Obj\stm32f4xx_hal_flash_ramfunc.o
#        D:\OneDrive\STM32F429I-DISC\STM32F429ZI-UartDelay\EWARM\STM32F429ZI\Obj\stm32f4xx_hal_gpio.o
#        D:\OneDrive\STM32F429I-DISC\STM32F429ZI-UartDelay\EWARM\STM32F429ZI\Obj\stm32f4xx_hal_msp.o
#        D:\OneDrive\STM32F429I-DISC\STM32F429ZI-UartDelay\EWARM\STM32F429ZI\Obj\stm32f4xx_hal_pwr.o
#        D:\OneDrive\STM32F429I-DISC\STM32F429ZI-UartDelay\EWARM\STM32F429ZI\Obj\stm32f4xx_hal_pwr_ex.o
#        D:\OneDrive\STM32F429I-DISC\STM32F429ZI-UartDelay\EWARM\STM32F429ZI\Obj\stm32f4xx_hal_rcc.o
#        D:\OneDrive\STM32F429I-DISC\STM32F429ZI-UartDelay\EWARM\STM32F429ZI\Obj\stm32f4xx_hal_rcc_ex.o
#        D:\OneDrive\STM32F429I-DISC\STM32F429ZI-UartDelay\EWARM\STM32F429ZI\Obj\stm32f4xx_hal_tim.o
#        D:\OneDrive\STM32F429I-DISC\STM32F429ZI-UartDelay\EWARM\STM32F429ZI\Obj\stm32f4xx_hal_tim_ex.o
#        D:\OneDrive\STM32F429I-DISC\STM32F429ZI-UartDelay\EWARM\STM32F429ZI\Obj\stm32f4xx_hal_uart.o
#        D:\OneDrive\STM32F429I-DISC\STM32F429ZI-UartDelay\EWARM\STM32F429ZI\Obj\stm32f4xx_it.o
#        D:\OneDrive\STM32F429I-DISC\STM32F429ZI-UartDelay\EWARM\STM32F429ZI\Obj\system_stm32f4xx.o
#        --redirect _Printf=_PrintfFull --redirect _Scanf=_ScanfFull -o
#        D:\OneDrive\STM32F429I-DISC\STM32F429ZI-UartDelay\EWARM\STM32F429ZI\Exe\STM32F429ZI.out
#        --map
#        D:\OneDrive\STM32F429I-DISC\STM32F429ZI-UartDelay\EWARM\STM32F429ZI\List\STM32F429ZI.map
#        --config
#        D:\OneDrive\STM32F429I-DISC\STM32F429ZI-UartDelay\EWARM/stm32f429xx_flash.icf
#        --semihosting --entry __iar_program_start --vfe --text_out locale)
#
###############################################################################

*******************************************************************************
*** RUNTIME MODEL ATTRIBUTES
***

CppFlavor       = *
__SystemLibrary = DLib
__dlib_version  = 6


*******************************************************************************
*** HEAP SELECTION
***

The basic heap was selected because some modules are built with
size limitations (and not runtime checking), and --advanced_heap
was not specified.


*******************************************************************************
*** PLACEMENT SUMMARY
***

"A0":  place at 0x08000000 { ro section .intvec };
"P1":  place in [from 0x08000000 to 0x081fffff] { ro };
define block CSTACK with size = 1K, alignment = 8 { };
define block HEAP with size = 512, alignment = 8 { };
"P2":  place in [from 0x20000000 to 0x2002ffff] {
          rw, block CSTACK, block HEAP };
initialize by copy { rw };

  Section            Kind        Address    Size  Object
  -------            ----        -------    ----  ------
"A0":                                      0x1ac
  .intvec            ro code  0x08000000   0x1ac  startup_stm32f429xx.o [1]
                            - 0x080001ac   0x1ac

"P1":                                     0x1321
  .text              ro code  0x080001ac   0x31c  stm32f4xx_hal_rcc.o [1]
  .text              ro code  0x080004c8     0xc  stm32f4xx_hal.o [1]
  .text              ro code  0x080004d4   0x274  stm32f4xx_hal_uart.o [1]
  .text              ro code  0x08000748    0xe0  stm32f4xx_hal_msp.o [1]
  .text              ro code  0x08000828   0x1a4  stm32f4xx_hal_rcc.o [1]
  .text              ro code  0x080009cc   0x22e  I64DivMod.o [5]
  .text              ro code  0x08000bfc     0x6  ABImemclr4.o [5]
  .text              ro code  0x08000c04   0x222  stm32f4xx_hal_gpio.o [1]
  .text              ro code  0x08000e28    0x40  stm32f4xx_hal.o [1]
  .text              ro code  0x08000e68     0x2  I64DivZer.o [5]
  .text              ro code  0x08000e6c    0x32  ABImemset48.o [5]
  .text              ro code  0x08000ea0    0xc8  stm32f4xx_hal_cortex.o [1]
  .text              ro code  0x08000f68   0x23e  main.o [1]
  .text              ro code  0x080011a8    0x34  stm32f4xx_hal.o [1]
  .text              ro code  0x080011dc    0x28  stm32f4xx_hal.o [1]
  .text              ro code  0x08001204    0x38  packbits_init_single.o [5]
  .text              ro code  0x0800123c    0x2c  system_stm32f4xx.o [1]
  .text              ro code  0x08001268    0x28  data_init.o [5]
  .text              ro code  0x08001290    0x22  fpinit_M.o [4]
  .iar.init_table    const    0x080012b4    0x10  - Linker created -
  .text              ro code  0x080012c4    0x1e  cmain.o [5]
  .text              ro code  0x080012e2     0x4  low_level_init.o [3]
  .text              ro code  0x080012e6     0x4  exit.o [3]
  .text              ro code  0x080012ec     0xa  cexit.o [5]
  .text              ro code  0x080012f8    0x14  exit.o [6]
  .text              ro code  0x0800130c    0x1a  stm32f4xx_it.o [1]
  .text              ro code  0x08001328    0x10  stm32f4xx_hal.o [1]
  .text              ro code  0x08001338    0x10  startup_stm32f429xx.o [1]
  .text              ro code  0x08001348     0xc  cstartup_M.o [5]
  .rodata            const    0x08001354     0x8  system_stm32f4xx.o [1]
  .text              ro code  0x0800135c     0x4  startup_stm32f429xx.o [1]
  .text              ro code  0x08001360     0x4  startup_stm32f429xx.o [1]
  .text              ro code  0x08001364     0x4  startup_stm32f429xx.o [1]
  .text              ro code  0x08001368     0x4  startup_stm32f429xx.o [1]
  .text              ro code  0x0800136c     0x4  startup_stm32f429xx.o [1]
  .text              ro code  0x08001370     0x4  startup_stm32f429xx.o [1]
  .text              ro code  0x08001374     0x4  startup_stm32f429xx.o [1]
  .text              ro code  0x08001378     0x4  startup_stm32f429xx.o [1]
  .text              ro code  0x0800137c     0x4  startup_stm32f429xx.o [1]
  .text              ro code  0x08001380     0x4  startup_stm32f429xx.o [1]
  .text              ro code  0x08001384     0x4  startup_stm32f429xx.o [1]
  .text              ro code  0x08001388     0x4  startup_stm32f429xx.o [1]
  .text              ro code  0x0800138c     0x4  startup_stm32f429xx.o [1]
  .text              ro code  0x08001390     0x4  startup_stm32f429xx.o [1]
  .text              ro code  0x08001394     0x4  startup_stm32f429xx.o [1]
  .text              ro code  0x08001398     0x4  startup_stm32f429xx.o [1]
  .text              ro code  0x0800139c     0x4  startup_stm32f429xx.o [1]
  .text              ro code  0x080013a0     0x4  startup_stm32f429xx.o [1]
  .text              ro code  0x080013a4     0x4  startup_stm32f429xx.o [1]
  .text              ro code  0x080013a8     0x4  startup_stm32f429xx.o [1]
  .text              ro code  0x080013ac     0x4  startup_stm32f429xx.o [1]
  .text              ro code  0x080013b0     0x4  startup_stm32f429xx.o [1]
  .text              ro code  0x080013b4     0x4  startup_stm32f429xx.o [1]
  .text              ro code  0x080013b8     0x4  startup_stm32f429xx.o [1]
  .text              ro code  0x080013bc     0x4  startup_stm32f429xx.o [1]
  .text              ro code  0x080013c0     0x4  startup_stm32f429xx.o [1]
  .text              ro code  0x080013c4     0x4  startup_stm32f429xx.o [1]
  .text              ro code  0x080013c8     0x4  startup_stm32f429xx.o [1]
  .text              ro code  0x080013cc     0x4  startup_stm32f429xx.o [1]
  .text              ro code  0x080013d0     0x4  startup_stm32f429xx.o [1]
  .text              ro code  0x080013d4     0x4  startup_stm32f429xx.o [1]
  .text              ro code  0x080013d8     0x4  startup_stm32f429xx.o [1]
  .text              ro code  0x080013dc     0x4  startup_stm32f429xx.o [1]
  .text              ro code  0x080013e0     0x4  startup_stm32f429xx.o [1]
  .text              ro code  0x080013e4     0x4  startup_stm32f429xx.o [1]
  .text              ro code  0x080013e8     0x4  startup_stm32f429xx.o [1]
  .text              ro code  0x080013ec     0x4  startup_stm32f429xx.o [1]
  .text              ro code  0x080013f0     0x4  startup_stm32f429xx.o [1]
  .text              ro code  0x080013f4     0x4  startup_stm32f429xx.o [1]
  .text              ro code  0x080013f8     0x4  startup_stm32f429xx.o [1]
  .text              ro code  0x080013fc     0x4  startup_stm32f429xx.o [1]
  .text              ro code  0x08001400     0x4  startup_stm32f429xx.o [1]
  .text              ro code  0x08001404     0x4  startup_stm32f429xx.o [1]
  .text              ro code  0x08001408     0x4  startup_stm32f429xx.o [1]
  .text              ro code  0x0800140c     0x4  startup_stm32f429xx.o [1]
  .text              ro code  0x08001410     0x4  startup_stm32f429xx.o [1]
  .text              ro code  0x08001414     0x4  startup_stm32f429xx.o [1]
  .text              ro code  0x08001418     0x4  startup_stm32f429xx.o [1]
  .text              ro code  0x0800141c     0x4  startup_stm32f429xx.o [1]
  .text              ro code  0x08001420     0x4  startup_stm32f429xx.o [1]
  .text              ro code  0x08001424     0x4  startup_stm32f429xx.o [1]
  .text              ro code  0x08001428     0x4  startup_stm32f429xx.o [1]
  .text              ro code  0x0800142c     0x4  startup_stm32f429xx.o [1]
  .text              ro code  0x08001430     0x4  startup_stm32f429xx.o [1]
  .text              ro code  0x08001434     0x4  startup_stm32f429xx.o [1]
  .text              ro code  0x08001438     0x4  startup_stm32f429xx.o [1]
  .text              ro code  0x0800143c     0x4  startup_stm32f429xx.o [1]
  .text              ro code  0x08001440     0x4  startup_stm32f429xx.o [1]
  .text              ro code  0x08001444     0x4  startup_stm32f429xx.o [1]
  .text              ro code  0x08001448     0x4  startup_stm32f429xx.o [1]
  .text              ro code  0x0800144c     0x4  startup_stm32f429xx.o [1]
  .text              ro code  0x08001450     0x4  startup_stm32f429xx.o [1]
  .text              ro code  0x08001454     0x4  startup_stm32f429xx.o [1]
  .text              ro code  0x08001458     0x4  startup_stm32f429xx.o [1]
  .text              ro code  0x0800145c     0x4  startup_stm32f429xx.o [1]
  .text              ro code  0x08001460     0x4  startup_stm32f429xx.o [1]
  .text              ro code  0x08001464     0x4  startup_stm32f429xx.o [1]
  .text              ro code  0x08001468     0x4  startup_stm32f429xx.o [1]
  .text              ro code  0x0800146c     0x4  startup_stm32f429xx.o [1]
  .text              ro code  0x08001470     0x4  startup_stm32f429xx.o [1]
  .text              ro code  0x08001474     0x4  startup_stm32f429xx.o [1]
  .text              ro code  0x08001478     0x4  startup_stm32f429xx.o [1]
  .text              ro code  0x0800147c     0x4  startup_stm32f429xx.o [1]
  .text              ro code  0x08001480     0x4  startup_stm32f429xx.o [1]
  .text              ro code  0x08001484     0x4  startup_stm32f429xx.o [1]
  .text              ro code  0x08001488     0x4  startup_stm32f429xx.o [1]
  .text              ro code  0x0800148c     0x4  startup_stm32f429xx.o [1]
  .text              ro code  0x08001490     0x4  startup_stm32f429xx.o [1]
  .text              ro code  0x08001494     0x4  startup_stm32f429xx.o [1]
  .text              ro code  0x08001498     0x4  startup_stm32f429xx.o [1]
  .text              ro code  0x0800149c     0x4  startup_stm32f429xx.o [1]
  .text              ro code  0x080014a0     0x4  startup_stm32f429xx.o [1]
  .text              ro code  0x080014a4     0x4  startup_stm32f429xx.o [1]
  .text              ro code  0x080014a8     0x4  startup_stm32f429xx.o [1]
  .text              ro code  0x080014ac     0x4  startup_stm32f429xx.o [1]
  .text              ro code  0x080014b0     0x4  startup_stm32f429xx.o [1]
  .text              ro code  0x080014b4     0x4  startup_stm32f429xx.o [1]
  .text              ro code  0x080014b8     0x4  startup_stm32f429xx.o [1]
  .text              ro code  0x080014bc     0x4  startup_stm32f429xx.o [1]
  .rodata            const    0x080014c0     0x0  packbits_init_single.o [5]
  Initializer bytes  const    0x080014c0     0xd  <for P2-1>
                            - 0x080014cd  0x1321

"P2", part 1 of 2:                          0x50
  P2-1                        0x20000000    0x50  <Init block>
    .data            inited   0x20000000     0xc  stm32f4xx_hal.o [1]
    .data            inited   0x2000000c     0x4  system_stm32f4xx.o [1]
    .bss             inited   0x20000010    0x40  main.o [1]
                            - 0x20000050    0x50

"P2", part 2 of 2:                         0x400
  CSTACK                      0x20000050   0x400  <Block>
    CSTACK           uninit   0x20000050   0x400  <Block tail>
                            - 0x20000450   0x400


*******************************************************************************
*** INIT TABLE
***

          Address     Size
          -------     ----
Copy/packbits (__iar_packbits_init_single3)
    1 source range, total size 0xd (16% of destination):
          0x080014c0   0xd
    1 destination range, total size 0x50:
          0x20000000  0x50



*******************************************************************************
*** MODULE SUMMARY
***

    Module                  ro code  ro data  rw data
    ------                  -------  -------  -------
D:\OneDrive\STM32F429I-DISC\STM32F429ZI-UartDelay\EWARM\STM32F429ZI\Obj: [1]
    main.o                      574       11       64
    startup_stm32f429xx.o       800
    stm32f4xx_hal.o             184        1       12
    stm32f4xx_hal_cortex.o      200
    stm32f4xx_hal_gpio.o        546
    stm32f4xx_hal_msp.o         224
    stm32f4xx_hal_rcc.o       1 216
    stm32f4xx_hal_uart.o        628
    stm32f4xx_it.o               26
    system_stm32f4xx.o           44        9        4
    -------------------------------------------------
    Total:                    4 442       21       80

command line: [2]
    -------------------------------------------------
    Total:

dl7M_tlf.a: [3]
    exit.o                        4
    low_level_init.o              4
    -------------------------------------------------
    Total:                        8

m7M_tls.a: [4]
    fpinit_M.o                   34
    -------------------------------------------------
    Total:                       34

rt7M_tl.a: [5]
    ABImemclr4.o                  6
    ABImemset48.o                50
    I64DivMod.o                 558
    I64DivZer.o                   2
    cexit.o                      10
    cmain.o                      30
    cstartup_M.o                 12
    data_init.o                  40
    packbits_init_single.o       56
    -------------------------------------------------
    Total:                      764

shb_l.a: [6]
    exit.o                       20
    -------------------------------------------------
    Total:                       20

    Gaps                         18        2
    Linker created                        16    1 024
-----------------------------------------------------
    Grand Total:              5 286       39    1 104


*******************************************************************************
*** ENTRY LIST
***

Entry                      Address   Size  Type      Object
-----                      -------   ----  ----      ------
.iar.init_table$$Base   0x080012b4          --   Gb  - Linker created -
.iar.init_table$$Limit  0x080012c4          --   Gb  - Linker created -
?main                   0x080012c5         Code  Gb  cmain.o [5]
AHBPrescTable           0x08001258   0x10  Data  Gb  system_stm32f4xx.o [1]
APBPrescTable           0x08001354    0x8  Data  Gb  system_stm32f4xx.o [1]
BusFault_Handler        0x08001313    0x2  Code  Gb  stm32f4xx_it.o [1]
CSTACK$$Base            0x20000050          --   Gb  - Linker created -
CSTACK$$Limit           0x20000450          --   Gb  - Linker created -
DebugMon_Handler        0x08001319    0x2  Code  Gb  stm32f4xx_it.o [1]
EXTI0_IRQHandler        0x08001321    0x6  Code  Gb  stm32f4xx_it.o [1]
HAL_Delay               0x080011dd   0x28  Code  Wk  stm32f4xx_hal.o [1]
HAL_GPIO_EXTI_IRQHandler
                        0x08000dd9   0x10  Code  Gb  stm32f4xx_hal_gpio.o [1]
HAL_GPIO_Init           0x08000c05  0x1c6  Code  Gb  stm32f4xx_hal_gpio.o [1]
HAL_GPIO_WritePin       0x08000dcb    0x8  Code  Gb  stm32f4xx_hal_gpio.o [1]
HAL_GetTick             0x080004c9    0xc  Code  Wk  stm32f4xx_hal.o [1]
HAL_IncTick             0x08001329   0x10  Code  Wk  stm32f4xx_hal.o [1]
HAL_Init                0x080011a9   0x30  Code  Gb  stm32f4xx_hal.o [1]
HAL_InitTick            0x08000e29   0x40  Code  Wk  stm32f4xx_hal.o [1]
HAL_MspInit             0x08000749   0x34  Code  Gb  stm32f4xx_hal_msp.o [1]
HAL_NVIC_EnableIRQ      0x08000f13   0x16  Code  Gb  stm32f4xx_hal_cortex.o [1]
HAL_NVIC_SetPriority    0x08000ed9   0x3a  Code  Gb  stm32f4xx_hal_cortex.o [1]
HAL_NVIC_SetPriorityGrouping
                        0x08000ebf   0x1a  Code  Gb  stm32f4xx_hal_cortex.o [1]
HAL_RCC_ClockConfig     0x08000829  0x100  Code  Gb  stm32f4xx_hal_rcc.o [1]
HAL_RCC_GetPCLK1Freq    0x08000935   0x10  Code  Gb  stm32f4xx_hal_rcc.o [1]
HAL_RCC_GetPCLK2Freq    0x08000945    0xe  Code  Gb  stm32f4xx_hal_rcc.o [1]
HAL_RCC_OscConfig       0x080001ad  0x31c  Code  Wk  stm32f4xx_hal_rcc.o [1]
HAL_SYSTICK_Config      0x08000f29   0x28  Code  Gb  stm32f4xx_hal_cortex.o [1]
HAL_UART_Init           0x080004d5   0x1e  Code  Gb  stm32f4xx_hal_uart.o [1]
HAL_UART_MspInit        0x0800077d   0x8a  Code  Gb  stm32f4xx_hal_msp.o [1]
HAL_UART_Transmit       0x0800054d   0xac  Code  Gb  stm32f4xx_hal_uart.o [1]
HardFault_Handler       0x0800130f    0x2  Code  Gb  stm32f4xx_it.o [1]
MX_GPIO_Init            0x08001049  0x116  Code  Lc  main.o [1]
MemManage_Handler       0x08001311    0x2  Code  Gb  stm32f4xx_it.o [1]
NMI_Handler             0x0800130d    0x2  Code  Gb  stm32f4xx_it.o [1]
PendSV_Handler          0x0800131b    0x2  Code  Gb  stm32f4xx_it.o [1]
Region$$Table$$Base     0x080012b4          --   Gb  - Linker created -
Region$$Table$$Limit    0x080012c4          --   Gb  - Linker created -
SVC_Handler             0x08001317    0x2  Code  Gb  stm32f4xx_it.o [1]
SysTick_Handler         0x0800131d    0x4  Code  Gb  stm32f4xx_it.o [1]
SystemClock_Config      0x08000fb5   0x94  Code  Gb  main.o [1]
SystemCoreClock         0x2000000c    0x4  Data  Gb  system_stm32f4xx.o [1]
SystemInit              0x0800123d   0x14  Code  Gb  system_stm32f4xx.o [1]
UART_SetConfig          0x08000665   0xca  Code  Lc  stm32f4xx_hal_uart.o [1]
UART_WaitOnFlagUntilTimeout
                        0x08000601   0x56  Code  Lc  stm32f4xx_hal_uart.o [1]
UsageFault_Handler      0x08001315    0x2  Code  Gb  stm32f4xx_it.o [1]
__NVIC_SetPriority      0x08000ea1   0x1e  Code  Lc  stm32f4xx_hal_cortex.o [1]
__aeabi_ldiv0           0x08000e69         Code  Gb  I64DivZer.o [5]
__aeabi_memclr4         0x08000bfd         Code  Gb  ABImemclr4.o [5]
__aeabi_uldivmod        0x080009cd         Code  Gb  I64DivMod.o [5]
__cmain                 0x080012c5         Code  Gb  cmain.o [5]
__exit                  0x080012f9   0x14  Code  Gb  exit.o [6]
__iar_Memset4_word      0x08000e6d         Code  Gb  ABImemset48.o [5]
__iar_Memset8_word      0x08000e6d         Code  Gb  ABImemset48.o [5]
__iar_data_init3        0x08001269   0x28  Code  Gb  data_init.o [5]
__iar_init_vfp          0x08001291         Code  Gb  fpinit_M.o [4]
__iar_packbits_init_single3
                        0x08001205   0x38  Code  Gb  packbits_init_single.o [5]
__iar_program_start     0x08001349         Code  Gb  cstartup_M.o [5]
__iar_systems$$module {Abs}
                        0x00000001         Data  Gb  command line/config [2]
__low_level_init        0x080012e3    0x4  Code  Gb  low_level_init.o [3]
__vector_table          0x08000000         Data  Gb  startup_stm32f429xx.o [1]
_call_main              0x080012d1         Code  Gb  cmain.o [5]
_exit                   0x080012ed         Code  Gb  cexit.o [5]
_main                   0x080012df         Code  Gb  cmain.o [5]
exit                    0x080012e7    0x4  Code  Gb  exit.o [3]
huart5                  0x20000010   0x40  Data  Gb  main.o [1]
main                    0x08000f69   0x4c  Code  Gb  main.o [1]
uwTick                  0x20000004    0x4  Data  Gb  stm32f4xx_hal.o [1]
uwTickFreq              0x20000000    0x1  Data  Gb  stm32f4xx_hal.o [1]
uwTickPrio              0x20000008    0x4  Data  Gb  stm32f4xx_hal.o [1]


[1] = D:\OneDrive\STM32F429I-DISC\STM32F429ZI-UartDelay\EWARM\STM32F429ZI\Obj
[2] = command line
[3] = dl7M_tlf.a
[4] = m7M_tls.a
[5] = rt7M_tl.a
[6] = shb_l.a

  5 286 bytes of readonly  code memory
     39 bytes of readonly  data memory
  1 104 bytes of readwrite data memory

Errors: none
Warnings: none
