###############################################################################
#
# IAR ELF Linker V8.32.3.193/W32 for ARM                  22/Apr/2020  10:48:55
# Copyright 2007-2019 IAR Systems AB.
#
#    Output file  =  
#        D:\CONTROLL\A2015132039CYU\A2015132039CYU\EWARM\A2015132039CYU\Exe\A2015132039CYU.out
#    Map file     =  
#        D:\CONTROLL\A2015132039CYU\A2015132039CYU\EWARM\A2015132039CYU\List\A2015132039CYU.map
#    Command line =  
#        -f C:\Users\ÃÖ¿µ¿î\AppData\Local\Temp\EW92F6.tmp
#        (D:\CONTROLL\A2015132039CYU\A2015132039CYU\EWARM\A2015132039CYU\Obj\main.o
#        D:\CONTROLL\A2015132039CYU\A2015132039CYU\EWARM\A2015132039CYU\Obj\startup_stm32f429xx.o
#        D:\CONTROLL\A2015132039CYU\A2015132039CYU\EWARM\A2015132039CYU\Obj\stm32f4xx_hal.o
#        D:\CONTROLL\A2015132039CYU\A2015132039CYU\EWARM\A2015132039CYU\Obj\stm32f4xx_hal_cortex.o
#        D:\CONTROLL\A2015132039CYU\A2015132039CYU\EWARM\A2015132039CYU\Obj\stm32f4xx_hal_dma.o
#        D:\CONTROLL\A2015132039CYU\A2015132039CYU\EWARM\A2015132039CYU\Obj\stm32f4xx_hal_dma_ex.o
#        D:\CONTROLL\A2015132039CYU\A2015132039CYU\EWARM\A2015132039CYU\Obj\stm32f4xx_hal_exti.o
#        D:\CONTROLL\A2015132039CYU\A2015132039CYU\EWARM\A2015132039CYU\Obj\stm32f4xx_hal_flash.o
#        D:\CONTROLL\A2015132039CYU\A2015132039CYU\EWARM\A2015132039CYU\Obj\stm32f4xx_hal_flash_ex.o
#        D:\CONTROLL\A2015132039CYU\A2015132039CYU\EWARM\A2015132039CYU\Obj\stm32f4xx_hal_flash_ramfunc.o
#        D:\CONTROLL\A2015132039CYU\A2015132039CYU\EWARM\A2015132039CYU\Obj\stm32f4xx_hal_gpio.o
#        D:\CONTROLL\A2015132039CYU\A2015132039CYU\EWARM\A2015132039CYU\Obj\stm32f4xx_hal_msp.o
#        D:\CONTROLL\A2015132039CYU\A2015132039CYU\EWARM\A2015132039CYU\Obj\stm32f4xx_hal_pwr.o
#        D:\CONTROLL\A2015132039CYU\A2015132039CYU\EWARM\A2015132039CYU\Obj\stm32f4xx_hal_pwr_ex.o
#        D:\CONTROLL\A2015132039CYU\A2015132039CYU\EWARM\A2015132039CYU\Obj\stm32f4xx_hal_rcc.o
#        D:\CONTROLL\A2015132039CYU\A2015132039CYU\EWARM\A2015132039CYU\Obj\stm32f4xx_hal_rcc_ex.o
#        D:\CONTROLL\A2015132039CYU\A2015132039CYU\EWARM\A2015132039CYU\Obj\stm32f4xx_hal_tim.o
#        D:\CONTROLL\A2015132039CYU\A2015132039CYU\EWARM\A2015132039CYU\Obj\stm32f4xx_hal_tim_ex.o
#        D:\CONTROLL\A2015132039CYU\A2015132039CYU\EWARM\A2015132039CYU\Obj\stm32f4xx_it.o
#        D:\CONTROLL\A2015132039CYU\A2015132039CYU\EWARM\A2015132039CYU\Obj\system_stm32f4xx.o
#        --redirect _Printf=_PrintfFull --redirect _Scanf=_ScanfFull
#        --no_out_extension -o
#        D:\CONTROLL\A2015132039CYU\A2015132039CYU\EWARM\A2015132039CYU\Exe\A2015132039CYU.out
#        --map
#        D:\CONTROLL\A2015132039CYU\A2015132039CYU\EWARM\A2015132039CYU\List\A2015132039CYU.map
#        --config
#        D:\CONTROLL\A2015132039CYU\A2015132039CYU\EWARM/stm32f429xx_flash.icf
#        --semihosting --entry __iar_program_start --vfe --text_out locale)
#
###############################################################################

*******************************************************************************
*** RUNTIME MODEL ATTRIBUTES
***

CppFlavor       = *
__SystemLibrary = DLib
__dlib_version  = 6


*******************************************************************************
*** HEAP SELECTION
***

The basic heap was selected because some modules are built with
size limitations (and not runtime checking), and --advanced_heap
was not specified.


*******************************************************************************
*** PLACEMENT SUMMARY
***

"A0":  place at 0x800'0000 { ro section .intvec };
"P1":  place in [from 0x800'0000 to 0x81f'ffff] { ro };
define block CSTACK with size = 1K, alignment = 8 { };
define block HEAP with size = 512, alignment = 8 { };
"P2":  place in [from 0x2000'0000 to 0x2002'ffff] {
          rw, block CSTACK, block HEAP };
initialize by copy { rw };

  Section            Kind         Address   Size  Object
  -------            ----         -------   ----  ------
"A0":                                      0x1ac
  .intvec            ro code   0x800'0000  0x1ac  startup_stm32f429xx.o [1]
                             - 0x800'01ac  0x1ac

"P1":                                      0xd94
  .text              ro code   0x800'01ac  0x324  stm32f4xx_hal_rcc.o [1]
  .text              ro code   0x800'04d0    0xc  stm32f4xx_hal.o [1]
  .text              ro code   0x800'04dc  0x204  stm32f4xx_hal_gpio.o [1]
  .text              ro code   0x800'06e0  0x180  stm32f4xx_hal_rcc.o [1]
  .text              ro code   0x800'0860   0x40  stm32f4xx_hal.o [1]
  .text              ro code   0x800'08a0  0x106  I64DivMod_small.o [4]
  .text              ro code   0x800'09a8   0xac  stm32f4xx_hal_cortex.o [1]
  .text              ro code   0x800'0a54    0x2  I64DivZer.o [4]
  .text              ro code   0x800'0a58  0x160  main.o [1]
  .text              ro code   0x800'0bb8   0x34  stm32f4xx_hal.o [1]
  .text              ro code   0x800'0bec    0x6  ABImemclr4.o [4]
  .text              ro code   0x800'0bf4   0x28  stm32f4xx_hal.o [1]
  .text              ro code   0x800'0c1c   0x38  stm32f4xx_hal_msp.o [1]
  .text              ro code   0x800'0c54   0x32  ABImemset48.o [4]
  .text              ro code   0x800'0c88   0x2c  system_stm32f4xx.o [1]
  .text              ro code   0x800'0cb4   0x2c  copy_init3.o [4]
  .text              ro code   0x800'0ce0   0x28  data_init.o [4]
  .text              ro code   0x800'0d08   0x22  fpinit_M.o [3]
  .iar.init_table    const     0x800'0d2c   0x14  - Linker created -
  .text              ro code   0x800'0d40   0x1e  cmain.o [4]
  .text              ro code   0x800'0d5e    0x4  low_level_init.o [2]
  .text              ro code   0x800'0d62    0x4  exit.o [2]
  .text              ro code   0x800'0d68    0xa  cexit.o [4]
  .text              ro code   0x800'0d74   0x14  exit.o [5]
  .text              ro code   0x800'0d88   0x14  stm32f4xx_it.o [1]
  .text              ro code   0x800'0d9c   0x10  stm32f4xx_hal.o [1]
  .text              ro code   0x800'0dac   0x10  startup_stm32f429xx.o [1]
  Initializer bytes  const     0x800'0dbc   0x10  <for P2-1>
  .text              ro code   0x800'0dcc    0xc  cstartup_M.o [4]
  .text              ro code   0x800'0dd8    0x4  startup_stm32f429xx.o [1]
  .text              ro code   0x800'0ddc    0x4  startup_stm32f429xx.o [1]
  .text              ro code   0x800'0de0    0x4  startup_stm32f429xx.o [1]
  .text              ro code   0x800'0de4    0x4  startup_stm32f429xx.o [1]
  .text              ro code   0x800'0de8    0x4  startup_stm32f429xx.o [1]
  .text              ro code   0x800'0dec    0x4  startup_stm32f429xx.o [1]
  .text              ro code   0x800'0df0    0x4  startup_stm32f429xx.o [1]
  .text              ro code   0x800'0df4    0x4  startup_stm32f429xx.o [1]
  .text              ro code   0x800'0df8    0x4  startup_stm32f429xx.o [1]
  .text              ro code   0x800'0dfc    0x4  startup_stm32f429xx.o [1]
  .text              ro code   0x800'0e00    0x4  startup_stm32f429xx.o [1]
  .text              ro code   0x800'0e04    0x4  startup_stm32f429xx.o [1]
  .text              ro code   0x800'0e08    0x4  startup_stm32f429xx.o [1]
  .text              ro code   0x800'0e0c    0x4  startup_stm32f429xx.o [1]
  .text              ro code   0x800'0e10    0x4  startup_stm32f429xx.o [1]
  .text              ro code   0x800'0e14    0x4  startup_stm32f429xx.o [1]
  .text              ro code   0x800'0e18    0x4  startup_stm32f429xx.o [1]
  .text              ro code   0x800'0e1c    0x4  startup_stm32f429xx.o [1]
  .text              ro code   0x800'0e20    0x4  startup_stm32f429xx.o [1]
  .text              ro code   0x800'0e24    0x4  startup_stm32f429xx.o [1]
  .text              ro code   0x800'0e28    0x4  startup_stm32f429xx.o [1]
  .text              ro code   0x800'0e2c    0x4  startup_stm32f429xx.o [1]
  .text              ro code   0x800'0e30    0x4  startup_stm32f429xx.o [1]
  .text              ro code   0x800'0e34    0x4  startup_stm32f429xx.o [1]
  .text              ro code   0x800'0e38    0x4  startup_stm32f429xx.o [1]
  .text              ro code   0x800'0e3c    0x4  startup_stm32f429xx.o [1]
  .text              ro code   0x800'0e40    0x4  startup_stm32f429xx.o [1]
  .text              ro code   0x800'0e44    0x4  startup_stm32f429xx.o [1]
  .text              ro code   0x800'0e48    0x4  startup_stm32f429xx.o [1]
  .text              ro code   0x800'0e4c    0x4  startup_stm32f429xx.o [1]
  .text              ro code   0x800'0e50    0x4  startup_stm32f429xx.o [1]
  .text              ro code   0x800'0e54    0x4  startup_stm32f429xx.o [1]
  .text              ro code   0x800'0e58    0x4  startup_stm32f429xx.o [1]
  .text              ro code   0x800'0e5c    0x4  startup_stm32f429xx.o [1]
  .text              ro code   0x800'0e60    0x4  startup_stm32f429xx.o [1]
  .text              ro code   0x800'0e64    0x4  startup_stm32f429xx.o [1]
  .text              ro code   0x800'0e68    0x4  startup_stm32f429xx.o [1]
  .text              ro code   0x800'0e6c    0x4  startup_stm32f429xx.o [1]
  .text              ro code   0x800'0e70    0x4  startup_stm32f429xx.o [1]
  .text              ro code   0x800'0e74    0x4  startup_stm32f429xx.o [1]
  .text              ro code   0x800'0e78    0x4  startup_stm32f429xx.o [1]
  .text              ro code   0x800'0e7c    0x4  startup_stm32f429xx.o [1]
  .text              ro code   0x800'0e80    0x4  startup_stm32f429xx.o [1]
  .text              ro code   0x800'0e84    0x4  startup_stm32f429xx.o [1]
  .text              ro code   0x800'0e88    0x4  startup_stm32f429xx.o [1]
  .text              ro code   0x800'0e8c    0x4  startup_stm32f429xx.o [1]
  .text              ro code   0x800'0e90    0x4  startup_stm32f429xx.o [1]
  .text              ro code   0x800'0e94    0x4  startup_stm32f429xx.o [1]
  .text              ro code   0x800'0e98    0x4  startup_stm32f429xx.o [1]
  .text              ro code   0x800'0e9c    0x4  startup_stm32f429xx.o [1]
  .text              ro code   0x800'0ea0    0x4  startup_stm32f429xx.o [1]
  .text              ro code   0x800'0ea4    0x4  startup_stm32f429xx.o [1]
  .text              ro code   0x800'0ea8    0x4  startup_stm32f429xx.o [1]
  .text              ro code   0x800'0eac    0x4  startup_stm32f429xx.o [1]
  .text              ro code   0x800'0eb0    0x4  startup_stm32f429xx.o [1]
  .text              ro code   0x800'0eb4    0x4  startup_stm32f429xx.o [1]
  .text              ro code   0x800'0eb8    0x4  startup_stm32f429xx.o [1]
  .text              ro code   0x800'0ebc    0x4  startup_stm32f429xx.o [1]
  .text              ro code   0x800'0ec0    0x4  startup_stm32f429xx.o [1]
  .text              ro code   0x800'0ec4    0x4  startup_stm32f429xx.o [1]
  .text              ro code   0x800'0ec8    0x4  startup_stm32f429xx.o [1]
  .text              ro code   0x800'0ecc    0x4  startup_stm32f429xx.o [1]
  .text              ro code   0x800'0ed0    0x4  startup_stm32f429xx.o [1]
  .text              ro code   0x800'0ed4    0x4  startup_stm32f429xx.o [1]
  .text              ro code   0x800'0ed8    0x4  startup_stm32f429xx.o [1]
  .text              ro code   0x800'0edc    0x4  startup_stm32f429xx.o [1]
  .text              ro code   0x800'0ee0    0x4  startup_stm32f429xx.o [1]
  .text              ro code   0x800'0ee4    0x4  startup_stm32f429xx.o [1]
  .text              ro code   0x800'0ee8    0x4  startup_stm32f429xx.o [1]
  .text              ro code   0x800'0eec    0x4  startup_stm32f429xx.o [1]
  .text              ro code   0x800'0ef0    0x4  startup_stm32f429xx.o [1]
  .text              ro code   0x800'0ef4    0x4  startup_stm32f429xx.o [1]
  .text              ro code   0x800'0ef8    0x4  startup_stm32f429xx.o [1]
  .text              ro code   0x800'0efc    0x4  startup_stm32f429xx.o [1]
  .text              ro code   0x800'0f00    0x4  startup_stm32f429xx.o [1]
  .text              ro code   0x800'0f04    0x4  startup_stm32f429xx.o [1]
  .text              ro code   0x800'0f08    0x4  startup_stm32f429xx.o [1]
  .text              ro code   0x800'0f0c    0x4  startup_stm32f429xx.o [1]
  .text              ro code   0x800'0f10    0x4  startup_stm32f429xx.o [1]
  .text              ro code   0x800'0f14    0x4  startup_stm32f429xx.o [1]
  .text              ro code   0x800'0f18    0x4  startup_stm32f429xx.o [1]
  .text              ro code   0x800'0f1c    0x4  startup_stm32f429xx.o [1]
  .text              ro code   0x800'0f20    0x4  startup_stm32f429xx.o [1]
  .text              ro code   0x800'0f24    0x4  startup_stm32f429xx.o [1]
  .text              ro code   0x800'0f28    0x4  startup_stm32f429xx.o [1]
  .text              ro code   0x800'0f2c    0x4  startup_stm32f429xx.o [1]
  .text              ro code   0x800'0f30    0x4  startup_stm32f429xx.o [1]
  .text              ro code   0x800'0f34    0x4  startup_stm32f429xx.o [1]
  .text              ro code   0x800'0f38    0x4  startup_stm32f429xx.o [1]
  .text              ro code   0x800'0f3c    0x4  startup_stm32f429xx.o [1]
  .rodata            const     0x800'0f40    0x0  copy_init3.o [4]
                             - 0x800'0f40  0xd94

"P2", part 1 of 2:                          0x10
  P2-1                        0x2000'0000   0x10  <Init block>
    .data            inited   0x2000'0000    0xc  stm32f4xx_hal.o [1]
    .data            inited   0x2000'000c    0x4  system_stm32f4xx.o [1]
                            - 0x2000'0010   0x10

"P2", part 2 of 2:                         0x400
  CSTACK                      0x2000'0010  0x400  <Block>
    CSTACK           uninit   0x2000'0010  0x400  <Block tail>
                            - 0x2000'0410  0x400

Unused ranges:

         From           To       Size
         ----           --       ----
   0x800'0f40   0x81f'ffff  0x1f'f0c0
  0x2000'0410  0x2002'ffff   0x2'fbf0


*******************************************************************************
*** INIT TABLE
***

          Address      Size
          -------      ----
Copy (__iar_copy_init3)
    1 source range, total size 0x10:
           0x800'0dbc  0x10
    1 destination range, total size 0x10:
          0x2000'0000  0x10



*******************************************************************************
*** MODULE SUMMARY
***

    Module                  ro code  ro data  rw data
    ------                  -------  -------  -------
command line/config:
    -------------------------------------------------
    Total:

D:\CONTROLL\A2015132039CYU\A2015132039CYU\EWARM\A2015132039CYU\Obj: [1]
    main.o                      352
    startup_stm32f429xx.o       804
    stm32f4xx_hal.o             184       12       12
    stm32f4xx_hal_cortex.o      172
    stm32f4xx_hal_gpio.o        516
    stm32f4xx_hal_msp.o          56
    stm32f4xx_hal_rcc.o       1 188
    stm32f4xx_it.o               20
    system_stm32f4xx.o           44        4        4
    -------------------------------------------------
    Total:                    3 336       16       16

dl7M_tln.a: [2]
    exit.o                        4
    low_level_init.o              4
    -------------------------------------------------
    Total:                        8

m7M_tls.a: [3]
    fpinit_M.o                   34
    -------------------------------------------------
    Total:                       34

rt7M_tl.a: [4]
    ABImemclr4.o                  6
    ABImemset48.o                50
    I64DivMod_small.o           262
    I64DivZer.o                   2
    cexit.o                      10
    cmain.o                      30
    copy_init3.o                 44
    cstartup_M.o                 12
    data_init.o                  40
    -------------------------------------------------
    Total:                      456

shb_l.a: [5]
    exit.o                       20
    -------------------------------------------------
    Total:                       20

    Gaps                         12        2
    Linker created                        20    1 024
-----------------------------------------------------
    Grand Total:              3 866       38    1 040


*******************************************************************************
*** ENTRY LIST
***

Entry                       Address   Size  Type      Object
-----                       -------   ----  ----      ------
.iar.init_table$$Base    0x800'0d2c          --   Gb  - Linker created -
.iar.init_table$$Limit   0x800'0d40          --   Gb  - Linker created -
?main                    0x800'0d41         Code  Gb  cmain.o [4]
AHBPrescTable            0x800'0ca4   0x10  Data  Gb  system_stm32f4xx.o [1]
BusFault_Handler         0x800'0d8f    0x2  Code  Gb  stm32f4xx_it.o [1]
CSTACK$$Base            0x2000'0010          --   Gb  - Linker created -
CSTACK$$Limit           0x2000'0410          --   Gb  - Linker created -
DebugMon_Handler         0x800'0d95    0x2  Code  Gb  stm32f4xx_it.o [1]
HAL_Delay                0x800'0bf5   0x28  Code  Wk  stm32f4xx_hal.o [1]
HAL_GPIO_Init            0x800'04dd  0x1c6  Code  Gb  stm32f4xx_hal_gpio.o [1]
HAL_GPIO_WritePin        0x800'06a3    0x8  Code  Gb  stm32f4xx_hal_gpio.o [1]
HAL_GetTick              0x800'04d1    0xc  Code  Wk  stm32f4xx_hal.o [1]
HAL_IncTick              0x800'0d9d   0x10  Code  Wk  stm32f4xx_hal.o [1]
HAL_Init                 0x800'0bb9   0x30  Code  Gb  stm32f4xx_hal.o [1]
HAL_InitTick             0x800'0861   0x40  Code  Wk  stm32f4xx_hal.o [1]
HAL_MspInit              0x800'0c1d   0x38  Code  Gb  stm32f4xx_hal_msp.o [1]
HAL_NVIC_SetPriority     0x800'09dd   0x3a  Code  Gb  stm32f4xx_hal_cortex.o [1]
HAL_NVIC_SetPriorityGrouping
                         0x800'09c3   0x1a  Code  Gb  stm32f4xx_hal_cortex.o [1]
HAL_RCC_ClockConfig      0x800'06e1  0x100  Code  Gb  stm32f4xx_hal_rcc.o [1]
HAL_RCC_OscConfig        0x800'01ad  0x324  Code  Wk  stm32f4xx_hal_rcc.o [1]
HAL_SYSTICK_Config       0x800'0a17   0x28  Code  Gb  stm32f4xx_hal_cortex.o [1]
HardFault_Handler        0x800'0d8b    0x2  Code  Gb  stm32f4xx_it.o [1]
MemManage_Handler        0x800'0d8d    0x2  Code  Gb  stm32f4xx_it.o [1]
NMI_Handler              0x800'0d89    0x2  Code  Gb  stm32f4xx_it.o [1]
PendSV_Handler           0x800'0d97    0x2  Code  Gb  stm32f4xx_it.o [1]
Region$$Table$$Base      0x800'0d2c          --   Gb  - Linker created -
Region$$Table$$Limit     0x800'0d40          --   Gb  - Linker created -
SVC_Handler              0x800'0d93    0x2  Code  Gb  stm32f4xx_it.o [1]
SysTick_Handler          0x800'0d99    0x4  Code  Gb  stm32f4xx_it.o [1]
SystemClock_Config       0x800'0b0f   0x94  Code  Gb  main.o [1]
SystemCoreClock         0x2000'000c    0x4  Data  Gb  system_stm32f4xx.o [1]
SystemInit               0x800'0c89   0x14  Code  Gb  system_stm32f4xx.o [1]
UsageFault_Handler       0x800'0d91    0x2  Code  Gb  stm32f4xx_it.o [1]
__NVIC_SetPriority       0x800'09a9   0x1a  Code  Lc  stm32f4xx_hal_cortex.o [1]
__aeabi_ldiv0            0x800'0a55         Code  Gb  I64DivZer.o [4]
__aeabi_memclr4          0x800'0bed         Code  Gb  ABImemclr4.o [4]
__cmain                  0x800'0d41         Code  Gb  cmain.o [4]
__exit                   0x800'0d75   0x14  Code  Gb  exit.o [5]
__iar_Memset4_word       0x800'0c55         Code  Gb  ABImemset48.o [4]
__iar_Memset8_word       0x800'0c55         Code  Gb  ABImemset48.o [4]
__iar_copy_init3         0x800'0cb5   0x2c  Code  Gb  copy_init3.o [4]
__iar_data_init3         0x800'0ce1   0x28  Code  Gb  data_init.o [4]
__iar_init_vfp           0x800'0d09         Code  Gb  fpinit_M.o [3]
__iar_program_start      0x800'0dcd         Code  Gb  cstartup_M.o [4]
__iar_small_uldivmod     0x800'08a1         Code  Gb  I64DivMod_small.o [4]
__low_level_init         0x800'0d5f    0x4  Code  Gb  low_level_init.o [2]
__vector_table           0x800'0000         Data  Gb  startup_stm32f429xx.o [1]
_call_main               0x800'0d4d         Code  Gb  cmain.o [4]
_exit                    0x800'0d69         Code  Gb  cexit.o [4]
_main                    0x800'0d5b         Code  Gb  cmain.o [4]
exit                     0x800'0d63    0x4  Code  Gb  exit.o [2]
main                     0x800'0a59   0xac  Code  Gb  main.o [1]
uwTick                  0x2000'0004    0x4  Data  Gb  stm32f4xx_hal.o [1]
uwTickFreq              0x2000'0000    0x1  Data  Gb  stm32f4xx_hal.o [1]
uwTickPrio              0x2000'0008    0x4  Data  Gb  stm32f4xx_hal.o [1]


[1] = D:\CONTROLL\A2015132039CYU\A2015132039CYU\EWARM\A2015132039CYU\Obj
[2] = dl7M_tln.a
[3] = m7M_tls.a
[4] = rt7M_tl.a
[5] = shb_l.a

  3 866 bytes of readonly  code memory
     38 bytes of readonly  data memory
  1 040 bytes of readwrite data memory

Errors: none
Warnings: none
