###############################################################################
#
# IAR ELF Linker V8.32.3.193/W32 for ARM                  11/May/2020  12:08:09
# Copyright 2007-2019 IAR Systems AB.
#
#    Output file  =  
#        D:\CONTROLL\A2015132039CYU\A2015132039CYU_UARTS\A2015132039CYU_UARTS\EWARM\A2015132039CYU_UARTS\Exe\A2015132039CYU_UARTS.out
#    Map file     =  
#        D:\CONTROLL\A2015132039CYU\A2015132039CYU_UARTS\A2015132039CYU_UARTS\EWARM\A2015132039CYU_UARTS\List\A2015132039CYU_UARTS.map
#    Command line =  
#        -f C:\Users\ÃÖ¿µ¿î\AppData\Local\Temp\EW4510.tmp
#        (D:\CONTROLL\A2015132039CYU\A2015132039CYU_UARTS\A2015132039CYU_UARTS\EWARM\A2015132039CYU_UARTS\Obj\main.o
#        D:\CONTROLL\A2015132039CYU\A2015132039CYU_UARTS\A2015132039CYU_UARTS\EWARM\A2015132039CYU_UARTS\Obj\startup_stm32f429xx.o
#        D:\CONTROLL\A2015132039CYU\A2015132039CYU_UARTS\A2015132039CYU_UARTS\EWARM\A2015132039CYU_UARTS\Obj\stm32f4xx_hal.o
#        D:\CONTROLL\A2015132039CYU\A2015132039CYU_UARTS\A2015132039CYU_UARTS\EWARM\A2015132039CYU_UARTS\Obj\stm32f4xx_hal_cortex.o
#        D:\CONTROLL\A2015132039CYU\A2015132039CYU_UARTS\A2015132039CYU_UARTS\EWARM\A2015132039CYU_UARTS\Obj\stm32f4xx_hal_dma.o
#        D:\CONTROLL\A2015132039CYU\A2015132039CYU_UARTS\A2015132039CYU_UARTS\EWARM\A2015132039CYU_UARTS\Obj\stm32f4xx_hal_dma_ex.o
#        D:\CONTROLL\A2015132039CYU\A2015132039CYU_UARTS\A2015132039CYU_UARTS\EWARM\A2015132039CYU_UARTS\Obj\stm32f4xx_hal_exti.o
#        D:\CONTROLL\A2015132039CYU\A2015132039CYU_UARTS\A2015132039CYU_UARTS\EWARM\A2015132039CYU_UARTS\Obj\stm32f4xx_hal_flash.o
#        D:\CONTROLL\A2015132039CYU\A2015132039CYU_UARTS\A2015132039CYU_UARTS\EWARM\A2015132039CYU_UARTS\Obj\stm32f4xx_hal_flash_ex.o
#        D:\CONTROLL\A2015132039CYU\A2015132039CYU_UARTS\A2015132039CYU_UARTS\EWARM\A2015132039CYU_UARTS\Obj\stm32f4xx_hal_flash_ramfunc.o
#        D:\CONTROLL\A2015132039CYU\A2015132039CYU_UARTS\A2015132039CYU_UARTS\EWARM\A2015132039CYU_UARTS\Obj\stm32f4xx_hal_gpio.o
#        D:\CONTROLL\A2015132039CYU\A2015132039CYU_UARTS\A2015132039CYU_UARTS\EWARM\A2015132039CYU_UARTS\Obj\stm32f4xx_hal_msp.o
#        D:\CONTROLL\A2015132039CYU\A2015132039CYU_UARTS\A2015132039CYU_UARTS\EWARM\A2015132039CYU_UARTS\Obj\stm32f4xx_hal_pwr.o
#        D:\CONTROLL\A2015132039CYU\A2015132039CYU_UARTS\A2015132039CYU_UARTS\EWARM\A2015132039CYU_UARTS\Obj\stm32f4xx_hal_pwr_ex.o
#        D:\CONTROLL\A2015132039CYU\A2015132039CYU_UARTS\A2015132039CYU_UARTS\EWARM\A2015132039CYU_UARTS\Obj\stm32f4xx_hal_rcc.o
#        D:\CONTROLL\A2015132039CYU\A2015132039CYU_UARTS\A2015132039CYU_UARTS\EWARM\A2015132039CYU_UARTS\Obj\stm32f4xx_hal_rcc_ex.o
#        D:\CONTROLL\A2015132039CYU\A2015132039CYU_UARTS\A2015132039CYU_UARTS\EWARM\A2015132039CYU_UARTS\Obj\stm32f4xx_hal_tim.o
#        D:\CONTROLL\A2015132039CYU\A2015132039CYU_UARTS\A2015132039CYU_UARTS\EWARM\A2015132039CYU_UARTS\Obj\stm32f4xx_hal_tim_ex.o
#        D:\CONTROLL\A2015132039CYU\A2015132039CYU_UARTS\A2015132039CYU_UARTS\EWARM\A2015132039CYU_UARTS\Obj\stm32f4xx_it.o
#        D:\CONTROLL\A2015132039CYU\A2015132039CYU_UARTS\A2015132039CYU_UARTS\EWARM\A2015132039CYU_UARTS\Obj\system_stm32f4xx.o
#        --redirect _Printf=_PrintfFull --redirect _Scanf=_ScanfFull
#        --no_out_extension -o
#        D:\CONTROLL\A2015132039CYU\A2015132039CYU_UARTS\A2015132039CYU_UARTS\EWARM\A2015132039CYU_UARTS\Exe\A2015132039CYU_UARTS.out
#        --map
#        D:\CONTROLL\A2015132039CYU\A2015132039CYU_UARTS\A2015132039CYU_UARTS\EWARM\A2015132039CYU_UARTS\List\A2015132039CYU_UARTS.map
#        --config
#        D:\CONTROLL\A2015132039CYU\A2015132039CYU_UARTS\A2015132039CYU_UARTS\EWARM/stm32f429xx_flash.icf
#        --semihosting --entry __iar_program_start --vfe --text_out locale)
#
###############################################################################

*******************************************************************************
*** RUNTIME MODEL ATTRIBUTES
***

CppFlavor       = *
__SystemLibrary = DLib
__dlib_version  = 6


*******************************************************************************
*** HEAP SELECTION
***

The basic heap was selected because some modules are built with
size limitations (and not runtime checking), and --advanced_heap
was not specified.


*******************************************************************************
*** PLACEMENT SUMMARY
***

"A0":  place at 0x800'0000 { ro section .intvec };
"P1":  place in [from 0x800'0000 to 0x81f'ffff] { ro };
define block CSTACK with size = 1K, alignment = 8 { };
define block HEAP with size = 512, alignment = 8 { };
"P2":  place in [from 0x2000'0000 to 0x2002'ffff] {
          rw, block CSTACK, block HEAP };
initialize by copy { rw };

  Section            Kind         Address    Size  Object
  -------            ----         -------    ----  ------
"A0":                                       0x1ac
  .intvec            ro code   0x800'0000   0x1ac  startup_stm32f429xx.o [1]
                             - 0x800'01ac   0x1ac

"P1":                                      0x11e9
  .text              ro code   0x800'01ac   0x374  stm32f4xx_hal_tim.o [1]
  .text              ro code   0x800'0520    0x74  stm32f4xx_hal_msp.o [1]
  .text              ro code   0x800'0594     0x2  stm32f4xx_hal_tim.o [1]
  .text              ro code   0x800'0596     0x2  stm32f4xx_hal_tim.o [1]
  .text              ro code   0x800'0598     0x2  stm32f4xx_hal_tim.o [1]
  .text              ro code   0x800'059a     0x2  stm32f4xx_hal_tim_ex.o [1]
  .text              ro code   0x800'059c     0x2  stm32f4xx_hal_tim.o [1]
  .text              ro code   0x800'059e     0x2  stm32f4xx_hal_tim_ex.o [1]
  .text              ro code   0x800'05a0     0x2  stm32f4xx_hal_tim.o [1]
  .text              ro code   0x800'05a4    0xc4  stm32f4xx_hal_cortex.o [1]
  .text              ro code   0x800'0668   0x324  stm32f4xx_hal_rcc.o [1]
  .text              ro code   0x800'098c     0xc  stm32f4xx_hal.o [1]
  .text              ro code   0x800'0998   0x204  stm32f4xx_hal_gpio.o [1]
  .text              ro code   0x800'0b9c   0x180  stm32f4xx_hal_rcc.o [1]
  .text              ro code   0x800'0d1c    0x40  stm32f4xx_hal.o [1]
  .text              ro code   0x800'0d5c   0x106  I64DivMod_small.o [4]
  .text              ro code   0x800'0e64     0x2  I64DivZer.o [4]
  .text              ro code   0x800'0e68   0x16c  main.o [1]
  .text              ro code   0x800'0fd4    0x34  stm32f4xx_hal.o [1]
  .text              ro code   0x800'1008     0x6  ABImemclr4.o [4]
  .text              ro code   0x800'1010    0x8c  stm32f4xx_hal_tim_ex.o [1]
  .text              ro code   0x800'109c    0x32  ABImemset48.o [4]
  .text              ro code   0x800'10ce    0x38  packbits_init_single.o [4]
  .text              ro code   0x800'1108    0x2c  system_stm32f4xx.o [1]
  .text              ro code   0x800'1134    0x28  data_init.o [4]
  .text              ro code   0x800'115c    0x22  fpinit_M.o [3]
  .iar.init_table    const     0x800'1180    0x10  - Linker created -
  .text              ro code   0x800'1190    0x20  stm32f4xx_it.o [1]
  .text              ro code   0x800'11b0    0x10  stm32f4xx_hal.o [1]
  .text              ro code   0x800'11c0    0x1e  cmain.o [4]
  .text              ro code   0x800'11de     0x4  low_level_init.o [2]
  .text              ro code   0x800'11e2     0x4  exit.o [2]
  .text              ro code   0x800'11e8     0xa  cexit.o [4]
  .text              ro code   0x800'11f4    0x14  exit.o [5]
  .text              ro code   0x800'1208    0x10  startup_stm32f429xx.o [1]
  .text              ro code   0x800'1218     0xc  cstartup_M.o [4]
  .text              ro code   0x800'1224     0x4  startup_stm32f429xx.o [1]
  .text              ro code   0x800'1228     0x4  startup_stm32f429xx.o [1]
  .text              ro code   0x800'122c     0x4  startup_stm32f429xx.o [1]
  .text              ro code   0x800'1230     0x4  startup_stm32f429xx.o [1]
  .text              ro code   0x800'1234     0x4  startup_stm32f429xx.o [1]
  .text              ro code   0x800'1238     0x4  startup_stm32f429xx.o [1]
  .text              ro code   0x800'123c     0x4  startup_stm32f429xx.o [1]
  .text              ro code   0x800'1240     0x4  startup_stm32f429xx.o [1]
  .text              ro code   0x800'1244     0x4  startup_stm32f429xx.o [1]
  .text              ro code   0x800'1248     0x4  startup_stm32f429xx.o [1]
  .text              ro code   0x800'124c     0x4  startup_stm32f429xx.o [1]
  .text              ro code   0x800'1250     0x4  startup_stm32f429xx.o [1]
  .text              ro code   0x800'1254     0x4  startup_stm32f429xx.o [1]
  .text              ro code   0x800'1258     0x4  startup_stm32f429xx.o [1]
  .text              ro code   0x800'125c     0x4  startup_stm32f429xx.o [1]
  .text              ro code   0x800'1260     0x4  startup_stm32f429xx.o [1]
  .text              ro code   0x800'1264     0x4  startup_stm32f429xx.o [1]
  .text              ro code   0x800'1268     0x4  startup_stm32f429xx.o [1]
  .text              ro code   0x800'126c     0x4  startup_stm32f429xx.o [1]
  .text              ro code   0x800'1270     0x4  startup_stm32f429xx.o [1]
  .text              ro code   0x800'1274     0x4  startup_stm32f429xx.o [1]
  .text              ro code   0x800'1278     0x4  startup_stm32f429xx.o [1]
  .text              ro code   0x800'127c     0x4  startup_stm32f429xx.o [1]
  .text              ro code   0x800'1280     0x4  startup_stm32f429xx.o [1]
  .text              ro code   0x800'1284     0x4  startup_stm32f429xx.o [1]
  .text              ro code   0x800'1288     0x4  startup_stm32f429xx.o [1]
  .text              ro code   0x800'128c     0x4  startup_stm32f429xx.o [1]
  .text              ro code   0x800'1290     0x4  startup_stm32f429xx.o [1]
  .text              ro code   0x800'1294     0x4  startup_stm32f429xx.o [1]
  .text              ro code   0x800'1298     0x4  startup_stm32f429xx.o [1]
  .text              ro code   0x800'129c     0x4  startup_stm32f429xx.o [1]
  .text              ro code   0x800'12a0     0x4  startup_stm32f429xx.o [1]
  .text              ro code   0x800'12a4     0x4  startup_stm32f429xx.o [1]
  .text              ro code   0x800'12a8     0x4  startup_stm32f429xx.o [1]
  .text              ro code   0x800'12ac     0x4  startup_stm32f429xx.o [1]
  .text              ro code   0x800'12b0     0x4  startup_stm32f429xx.o [1]
  .text              ro code   0x800'12b4     0x4  startup_stm32f429xx.o [1]
  .text              ro code   0x800'12b8     0x4  startup_stm32f429xx.o [1]
  .text              ro code   0x800'12bc     0x4  startup_stm32f429xx.o [1]
  .text              ro code   0x800'12c0     0x4  startup_stm32f429xx.o [1]
  .text              ro code   0x800'12c4     0x4  startup_stm32f429xx.o [1]
  .text              ro code   0x800'12c8     0x4  startup_stm32f429xx.o [1]
  .text              ro code   0x800'12cc     0x4  startup_stm32f429xx.o [1]
  .text              ro code   0x800'12d0     0x4  startup_stm32f429xx.o [1]
  .text              ro code   0x800'12d4     0x4  startup_stm32f429xx.o [1]
  .text              ro code   0x800'12d8     0x4  startup_stm32f429xx.o [1]
  .text              ro code   0x800'12dc     0x4  startup_stm32f429xx.o [1]
  .text              ro code   0x800'12e0     0x4  startup_stm32f429xx.o [1]
  .text              ro code   0x800'12e4     0x4  startup_stm32f429xx.o [1]
  .text              ro code   0x800'12e8     0x4  startup_stm32f429xx.o [1]
  .text              ro code   0x800'12ec     0x4  startup_stm32f429xx.o [1]
  .text              ro code   0x800'12f0     0x4  startup_stm32f429xx.o [1]
  .text              ro code   0x800'12f4     0x4  startup_stm32f429xx.o [1]
  .text              ro code   0x800'12f8     0x4  startup_stm32f429xx.o [1]
  .text              ro code   0x800'12fc     0x4  startup_stm32f429xx.o [1]
  .text              ro code   0x800'1300     0x4  startup_stm32f429xx.o [1]
  .text              ro code   0x800'1304     0x4  startup_stm32f429xx.o [1]
  .text              ro code   0x800'1308     0x4  startup_stm32f429xx.o [1]
  .text              ro code   0x800'130c     0x4  startup_stm32f429xx.o [1]
  .text              ro code   0x800'1310     0x4  startup_stm32f429xx.o [1]
  .text              ro code   0x800'1314     0x4  startup_stm32f429xx.o [1]
  .text              ro code   0x800'1318     0x4  startup_stm32f429xx.o [1]
  .text              ro code   0x800'131c     0x4  startup_stm32f429xx.o [1]
  .text              ro code   0x800'1320     0x4  startup_stm32f429xx.o [1]
  .text              ro code   0x800'1324     0x4  startup_stm32f429xx.o [1]
  .text              ro code   0x800'1328     0x4  startup_stm32f429xx.o [1]
  .text              ro code   0x800'132c     0x4  startup_stm32f429xx.o [1]
  .text              ro code   0x800'1330     0x4  startup_stm32f429xx.o [1]
  .text              ro code   0x800'1334     0x4  startup_stm32f429xx.o [1]
  .text              ro code   0x800'1338     0x4  startup_stm32f429xx.o [1]
  .text              ro code   0x800'133c     0x4  startup_stm32f429xx.o [1]
  .text              ro code   0x800'1340     0x4  startup_stm32f429xx.o [1]
  .text              ro code   0x800'1344     0x4  startup_stm32f429xx.o [1]
  .text              ro code   0x800'1348     0x4  startup_stm32f429xx.o [1]
  .text              ro code   0x800'134c     0x4  startup_stm32f429xx.o [1]
  .text              ro code   0x800'1350     0x4  startup_stm32f429xx.o [1]
  .text              ro code   0x800'1354     0x4  startup_stm32f429xx.o [1]
  .text              ro code   0x800'1358     0x4  startup_stm32f429xx.o [1]
  .text              ro code   0x800'135c     0x4  startup_stm32f429xx.o [1]
  .text              ro code   0x800'1360     0x4  startup_stm32f429xx.o [1]
  .text              ro code   0x800'1364     0x4  startup_stm32f429xx.o [1]
  .text              ro code   0x800'1368     0x4  startup_stm32f429xx.o [1]
  .text              ro code   0x800'136c     0x4  startup_stm32f429xx.o [1]
  .text              ro code   0x800'1370     0x4  startup_stm32f429xx.o [1]
  .text              ro code   0x800'1374     0x4  startup_stm32f429xx.o [1]
  .text              ro code   0x800'1378     0x4  startup_stm32f429xx.o [1]
  .text              ro code   0x800'137c     0x4  startup_stm32f429xx.o [1]
  .text              ro code   0x800'1380     0x4  startup_stm32f429xx.o [1]
  .text              ro code   0x800'1384     0x4  startup_stm32f429xx.o [1]
  .rodata            const     0x800'1388     0x0  packbits_init_single.o [4]
  Initializer bytes  const     0x800'1388     0xd  <for P2-1>
                             - 0x800'1395  0x11e9

"P2", part 1 of 2:                           0x50
  P2-1                        0x2000'0000    0x50  <Init block>
    .data            inited   0x2000'0000     0xc  stm32f4xx_hal.o [1]
    .data            inited   0x2000'000c     0x4  system_stm32f4xx.o [1]
    .bss             inited   0x2000'0010    0x40  main.o [1]
                            - 0x2000'0050    0x50

"P2", part 2 of 2:                          0x400
  CSTACK                      0x2000'0050   0x400  <Block>
    CSTACK           uninit   0x2000'0050   0x400  <Block tail>
                            - 0x2000'0450   0x400

Unused ranges:

         From           To       Size
         ----           --       ----
   0x800'1395   0x81f'ffff  0x1f'ec6b
  0x2000'0450  0x2002'ffff   0x2'fbb0


*******************************************************************************
*** INIT TABLE
***

          Address      Size
          -------      ----
Copy/packbits (__iar_packbits_init_single3)
    1 source range, total size 0xd (16% of destination):
           0x800'1388   0xd
    1 destination range, total size 0x50:
          0x2000'0000  0x50



*******************************************************************************
*** MODULE SUMMARY
***

    Module                  ro code  ro data  rw data
    ------                  -------  -------  -------
command line/config:
    -------------------------------------------------
    Total:

D:\CONTROLL\A2015132039CYU\A2015132039CYU_UARTS\A2015132039CYU_UARTS\EWARM\A2015132039CYU_UARTS\Obj: [1]
    main.o                      364       11       64
    startup_stm32f429xx.o       800
    stm32f4xx_hal.o             144        1       12
    stm32f4xx_hal_cortex.o      196
    stm32f4xx_hal_gpio.o        516
    stm32f4xx_hal_msp.o         116
    stm32f4xx_hal_rcc.o       1 188
    stm32f4xx_hal_tim.o         894
    stm32f4xx_hal_tim_ex.o      144
    stm32f4xx_it.o               32
    system_stm32f4xx.o           44        1        4
    -------------------------------------------------
    Total:                    4 438       13       80

dl7M_tln.a: [2]
    exit.o                        4
    low_level_init.o              4
    -------------------------------------------------
    Total:                        8

m7M_tls.a: [3]
    fpinit_M.o                   34
    -------------------------------------------------
    Total:                       34

rt7M_tl.a: [4]
    ABImemclr4.o                  6
    ABImemset48.o                50
    I64DivMod_small.o           262
    I64DivZer.o                   2
    cexit.o                      10
    cmain.o                      30
    cstartup_M.o                 12
    data_init.o                  40
    packbits_init_single.o       56
    -------------------------------------------------
    Total:                      468

shb_l.a: [5]
    exit.o                       20
    -------------------------------------------------
    Total:                       20

    Gaps                         14        2
    Linker created                        16    1 024
-----------------------------------------------------
    Grand Total:              4 982       31    1 104


*******************************************************************************
*** ENTRY LIST
***

Entry                       Address   Size  Type      Object
-----                       -------   ----  ----      ------
.iar.init_table$$Base    0x800'1180          --   Gb  - Linker created -
.iar.init_table$$Limit   0x800'1190          --   Gb  - Linker created -
?main                    0x800'11c1         Code  Gb  cmain.o [4]
AHBPrescTable            0x800'1124   0x10  Data  Gb  system_stm32f4xx.o [1]
BusFault_Handler         0x800'1197    0x2  Code  Gb  stm32f4xx_it.o [1]
CSTACK$$Base            0x2000'0050          --   Gb  - Linker created -
CSTACK$$Limit           0x2000'0450          --   Gb  - Linker created -
DebugMon_Handler         0x800'119d    0x2  Code  Gb  stm32f4xx_it.o [1]
HAL_GPIO_Init            0x800'0999  0x1c6  Code  Gb  stm32f4xx_hal_gpio.o [1]
HAL_GPIO_WritePin        0x800'0b5f    0x8  Code  Gb  stm32f4xx_hal_gpio.o [1]
HAL_GetTick              0x800'098d    0xc  Code  Wk  stm32f4xx_hal.o [1]
HAL_IncTick              0x800'11b1   0x10  Code  Wk  stm32f4xx_hal.o [1]
HAL_Init                 0x800'0fd5   0x30  Code  Gb  stm32f4xx_hal.o [1]
HAL_InitTick             0x800'0d1d   0x40  Code  Wk  stm32f4xx_hal.o [1]
HAL_MspInit              0x800'0521   0x34  Code  Gb  stm32f4xx_hal_msp.o [1]
HAL_NVIC_EnableIRQ       0x800'0613   0x16  Code  Gb  stm32f4xx_hal_cortex.o [1]
HAL_NVIC_SetPriority     0x800'05d9   0x3a  Code  Gb  stm32f4xx_hal_cortex.o [1]
HAL_NVIC_SetPriorityGrouping
                         0x800'05bf   0x1a  Code  Gb  stm32f4xx_hal_cortex.o [1]
HAL_RCC_ClockConfig      0x800'0b9d  0x100  Code  Gb  stm32f4xx_hal_rcc.o [1]
HAL_RCC_OscConfig        0x800'0669  0x324  Code  Wk  stm32f4xx_hal_rcc.o [1]
HAL_SYSTICK_Config       0x800'0629   0x28  Code  Gb  stm32f4xx_hal_cortex.o [1]
HAL_TIMEx_BreakCallback
                         0x800'059b    0x2  Code  Wk  stm32f4xx_hal_tim_ex.o [1]
HAL_TIMEx_CommutCallback
                         0x800'059f    0x2  Code  Wk  stm32f4xx_hal_tim_ex.o [1]
HAL_TIMEx_MasterConfigSynchronization
                         0x800'1011   0x6e  Code  Gb  stm32f4xx_hal_tim_ex.o [1]
HAL_TIM_Base_Init        0x800'01ad   0x1a  Code  Gb  stm32f4xx_hal_tim.o [1]
HAL_TIM_Base_MspInit     0x800'0555   0x36  Code  Gb  stm32f4xx_hal_msp.o [1]
HAL_TIM_ConfigClockSource
                         0x800'0333   0x90  Code  Gb  stm32f4xx_hal_tim.o [1]
HAL_TIM_IRQHandler       0x800'01eb  0x142  Code  Gb  stm32f4xx_hal_tim.o [1]
HardFault_Handler        0x800'1193    0x2  Code  Gb  stm32f4xx_it.o [1]
MemManage_Handler        0x800'1195    0x2  Code  Gb  stm32f4xx_it.o [1]
NMI_Handler              0x800'1191    0x2  Code  Gb  stm32f4xx_it.o [1]
PendSV_Handler           0x800'119f    0x2  Code  Gb  stm32f4xx_it.o [1]
Region$$Table$$Base      0x800'1180          --   Gb  - Linker created -
Region$$Table$$Limit     0x800'1190          --   Gb  - Linker created -
SVC_Handler              0x800'119b    0x2  Code  Gb  stm32f4xx_it.o [1]
SysTick_Handler          0x800'11a1    0x4  Code  Gb  stm32f4xx_it.o [1]
SystemClock_Config       0x800'0f21   0x94  Code  Gb  main.o [1]
SystemCoreClock         0x2000'000c    0x4  Data  Gb  system_stm32f4xx.o [1]
SystemInit               0x800'1109   0x14  Code  Gb  system_stm32f4xx.o [1]
TIM3_IRQHandler          0x800'11a5    0x6  Code  Gb  stm32f4xx_it.o [1]
TIM_Base_SetConfig       0x800'03ed   0x96  Code  Gb  stm32f4xx_hal_tim.o [1]
TIM_ETR_SetConfig        0x800'0507   0x14  Code  Gb  stm32f4xx_hal_tim.o [1]
TIM_ITRx_SetConfig       0x800'04f7   0x10  Code  Lc  stm32f4xx_hal_tim.o [1]
TIM_TI1_ConfigInputStage
                         0x800'04b5   0x1e  Code  Lc  stm32f4xx_hal_tim.o [1]
TIM_TI2_ConfigInputStage
                         0x800'04d3   0x24  Code  Lc  stm32f4xx_hal_tim.o [1]
UsageFault_Handler       0x800'1199    0x2  Code  Gb  stm32f4xx_it.o [1]
__NVIC_SetPriority       0x800'05a5   0x1a  Code  Lc  stm32f4xx_hal_cortex.o [1]
__aeabi_ldiv0            0x800'0e65         Code  Gb  I64DivZer.o [4]
__aeabi_memclr4          0x800'1009         Code  Gb  ABImemclr4.o [4]
__cmain                  0x800'11c1         Code  Gb  cmain.o [4]
__exit                   0x800'11f5   0x14  Code  Gb  exit.o [5]
__iar_Memset4_word       0x800'109d         Code  Gb  ABImemset48.o [4]
__iar_Memset8_word       0x800'109d         Code  Gb  ABImemset48.o [4]
__iar_data_init3         0x800'1135   0x28  Code  Gb  data_init.o [4]
__iar_init_vfp           0x800'115d         Code  Gb  fpinit_M.o [3]
__iar_packbits_init_single3
                         0x800'10cf   0x38  Code  Gb  packbits_init_single.o [4]
__iar_program_start      0x800'1219         Code  Gb  cstartup_M.o [4]
__iar_small_uldivmod     0x800'0d5d         Code  Gb  I64DivMod_small.o [4]
__low_level_init         0x800'11df    0x4  Code  Gb  low_level_init.o [2]
__vector_table           0x800'0000         Data  Gb  startup_stm32f429xx.o [1]
_call_main               0x800'11cd         Code  Gb  cmain.o [4]
_exit                    0x800'11e9         Code  Gb  cexit.o [4]
_main                    0x800'11db         Code  Gb  cmain.o [4]
exit                     0x800'11e3    0x4  Code  Gb  exit.o [2]
htim3                   0x2000'0010   0x40  Data  Gb  main.o [1]
main                     0x800'0e69   0xb8  Code  Gb  main.o [1]
uwTick                  0x2000'0004    0x4  Data  Gb  stm32f4xx_hal.o [1]
uwTickFreq              0x2000'0000    0x1  Data  Gb  stm32f4xx_hal.o [1]
uwTickPrio              0x2000'0008    0x4  Data  Gb  stm32f4xx_hal.o [1]


[1] = D:\CONTROLL\A2015132039CYU\A2015132039CYU_UARTS\A2015132039CYU_UARTS\EWARM\A2015132039CYU_UARTS\Obj
[2] = dl7M_tln.a
[3] = m7M_tls.a
[4] = rt7M_tl.a
[5] = shb_l.a

  4 982 bytes of readonly  code memory
     31 bytes of readonly  data memory
  1 104 bytes of readwrite data memory

Errors: none
Warnings: none
