###############################################################################
#
# IAR ELF Linker V8.32.3.193/W32 for ARM                  23/Oct/2020  17:29:44
# Copyright 2007-2019 IAR Systems AB.
#
#    Output file  =  D:\CONTROLL\A2015132039CYU\NEWC\EWARM\NEWC\Exe\NEWC.out
#    Map file     =  D:\CONTROLL\A2015132039CYU\NEWC\EWARM\NEWC\List\NEWC.map
#    Command line =  
#        -f C:\Users\ÃÖ¿µ¿î\AppData\Local\Temp\EW7990.tmp
#        (D:\CONTROLL\A2015132039CYU\NEWC\EWARM\NEWC\Obj\main.o
#        D:\CONTROLL\A2015132039CYU\NEWC\EWARM\NEWC\Obj\startup_stm32f429xx.o
#        D:\CONTROLL\A2015132039CYU\NEWC\EWARM\NEWC\Obj\stm32f4xx_hal.o
#        D:\CONTROLL\A2015132039CYU\NEWC\EWARM\NEWC\Obj\stm32f4xx_hal_cortex.o
#        D:\CONTROLL\A2015132039CYU\NEWC\EWARM\NEWC\Obj\stm32f4xx_hal_dma.o
#        D:\CONTROLL\A2015132039CYU\NEWC\EWARM\NEWC\Obj\stm32f4xx_hal_dma_ex.o
#        D:\CONTROLL\A2015132039CYU\NEWC\EWARM\NEWC\Obj\stm32f4xx_hal_exti.o
#        D:\CONTROLL\A2015132039CYU\NEWC\EWARM\NEWC\Obj\stm32f4xx_hal_flash.o
#        D:\CONTROLL\A2015132039CYU\NEWC\EWARM\NEWC\Obj\stm32f4xx_hal_flash_ex.o
#        D:\CONTROLL\A2015132039CYU\NEWC\EWARM\NEWC\Obj\stm32f4xx_hal_flash_ramfunc.o
#        D:\CONTROLL\A2015132039CYU\NEWC\EWARM\NEWC\Obj\stm32f4xx_hal_gpio.o
#        D:\CONTROLL\A2015132039CYU\NEWC\EWARM\NEWC\Obj\stm32f4xx_hal_msp.o
#        D:\CONTROLL\A2015132039CYU\NEWC\EWARM\NEWC\Obj\stm32f4xx_hal_pcd.o
#        D:\CONTROLL\A2015132039CYU\NEWC\EWARM\NEWC\Obj\stm32f4xx_hal_pcd_ex.o
#        D:\CONTROLL\A2015132039CYU\NEWC\EWARM\NEWC\Obj\stm32f4xx_hal_pwr.o
#        D:\CONTROLL\A2015132039CYU\NEWC\EWARM\NEWC\Obj\stm32f4xx_hal_pwr_ex.o
#        D:\CONTROLL\A2015132039CYU\NEWC\EWARM\NEWC\Obj\stm32f4xx_hal_rcc.o
#        D:\CONTROLL\A2015132039CYU\NEWC\EWARM\NEWC\Obj\stm32f4xx_hal_rcc_ex.o
#        D:\CONTROLL\A2015132039CYU\NEWC\EWARM\NEWC\Obj\stm32f4xx_hal_tim.o
#        D:\CONTROLL\A2015132039CYU\NEWC\EWARM\NEWC\Obj\stm32f4xx_hal_tim_ex.o
#        D:\CONTROLL\A2015132039CYU\NEWC\EWARM\NEWC\Obj\stm32f4xx_hal_uart.o
#        D:\CONTROLL\A2015132039CYU\NEWC\EWARM\NEWC\Obj\stm32f4xx_it.o
#        D:\CONTROLL\A2015132039CYU\NEWC\EWARM\NEWC\Obj\stm32f4xx_ll_usb.o
#        D:\CONTROLL\A2015132039CYU\NEWC\EWARM\NEWC\Obj\system_stm32f4xx.o
#        --redirect _Printf=_PrintfFull --redirect _Scanf=_ScanfFull
#        --no_out_extension -o
#        D:\CONTROLL\A2015132039CYU\NEWC\EWARM\NEWC\Exe\NEWC.out --map
#        D:\CONTROLL\A2015132039CYU\NEWC\EWARM\NEWC\List\NEWC.map --config
#        D:\CONTROLL\A2015132039CYU\NEWC\EWARM/stm32f429xx_flash.icf
#        --semihosting --entry __iar_program_start --vfe --text_out locale)
#
###############################################################################

*******************************************************************************
*** RUNTIME MODEL ATTRIBUTES
***

CppFlavor       = *
__SystemLibrary = DLib
__dlib_version  = 6


*******************************************************************************
*** HEAP SELECTION
***

The basic heap was selected because some modules are built with
size limitations (and not runtime checking), and --advanced_heap
was not specified.


*******************************************************************************
*** PLACEMENT SUMMARY
***

"A0":  place at 0x800'0000 { ro section .intvec };
"P1":  place in [from 0x800'0000 to 0x81f'ffff] { ro };
define block CSTACK with size = 1K, alignment = 8 { };
define block HEAP with size = 512, alignment = 8 { };
"P2":  place in [from 0x2000'0000 to 0x2002'ffff] {
          rw, block CSTACK, block HEAP };
initialize by copy { rw };

  Section            Kind         Address    Size  Object
  -------            ----         -------    ----  ------
"A0":                                       0x1ac
  .intvec            ro code   0x800'0000   0x1ac  startup_stm32f429xx.o [1]
                             - 0x800'01ac   0x1ac

"P1":                                      0x21b1
  .text              ro code   0x800'01ac   0x69a  stm32f4xx_hal_tim.o [1]
  .text              ro code   0x800'0848   0x1fc  stm32f4xx_hal_msp.o [1]
  .text              ro code   0x800'0a44     0x2  stm32f4xx_hal_tim.o [1]
  .text              ro code   0x800'0a46     0x2  stm32f4xx_hal_tim.o [1]
  .text              ro code   0x800'0a48     0x2  stm32f4xx_hal_tim.o [1]
  .text              ro code   0x800'0a4a     0x2  stm32f4xx_hal_tim.o [1]
  .text              ro code   0x800'0a4c     0x2  stm32f4xx_hal_tim_ex.o [1]
  .text              ro code   0x800'0a4e     0x2  stm32f4xx_hal_tim.o [1]
  .text              ro code   0x800'0a50     0x2  stm32f4xx_hal_tim_ex.o [1]
  .text              ro code   0x800'0a52     0x2  stm32f4xx_hal_tim.o [1]
  .text              ro code   0x800'0a54    0xc4  stm32f4xx_hal_cortex.o [1]
  .text              ro code   0x800'0b18   0x21a  stm32f4xx_hal_gpio.o [1]
  .text              ro code   0x800'0d34     0x6  ABImemclr4.o [4]
  .text              ro code   0x800'0d3c    0x32  ABImemset48.o [4]
  .text              ro code   0x800'0d70   0x4a4  main.o [1]
  .text              ro code   0x800'1214    0x34  stm32f4xx_hal.o [1]
  .text              ro code   0x800'1248    0x8c  stm32f4xx_hal_tim_ex.o [1]
  .text              ro code   0x800'12d4   0x374  stm32f4xx_hal_uart.o [1]
  .text              ro code   0x800'1648    0xd0  stm32f4xx_hal_pcd.o [1]
  .text              ro code   0x800'1718   0x324  stm32f4xx_hal_rcc.o [1]
  .text              ro code   0x800'1a3c   0x1ac  stm32f4xx_hal_rcc.o [1]
  .text              ro code   0x800'1be8    0x40  stm32f4xx_hal.o [1]
  .text              ro code   0x800'1c28    0x24  stm32f4xx_hal_dma.o [1]
  .text              ro code   0x800'1c4c     0x2  stm32f4xx_hal_uart.o [1]
  .text              ro code   0x800'1c4e     0x2  stm32f4xx_hal_uart.o [1]
  .text              ro code   0x800'1c50     0x2  stm32f4xx_hal_uart.o [1]
  .text              ro code   0x800'1c54   0x106  I64DivMod_small.o [4]
  .text              ro code   0x800'1d5c   0x2b8  stm32f4xx_ll_usb.o [1]
  .text              ro code   0x800'2014    0x18  ABImemcpy_small.o [4]
  .text              ro code   0x800'202c     0xc  stm32f4xx_hal.o [1]
  .text              ro code   0x800'2038     0x2  I64DivZer.o [4]
  .text              ro code   0x800'203c    0x28  stm32f4xx_hal.o [1]
  .text              ro code   0x800'2064    0x4c  stm32f4xx_it.o [1]
  .text              ro code   0x800'20b0    0x10  stm32f4xx_hal.o [1]
  .text              ro code   0x800'20c0    0x38  packbits_init_single.o [4]
  .text              ro code   0x800'20f8    0x2c  system_stm32f4xx.o [1]
  .text              ro code   0x800'2124    0x28  data_init.o [4]
  .text              ro code   0x800'214c    0x22  fpinit_M.o [3]
  .iar.init_table    const     0x800'2170    0x10  - Linker created -
  .text              ro code   0x800'2180    0x1e  cmain.o [4]
  .text              ro code   0x800'219e     0x4  low_level_init.o [2]
  .text              ro code   0x800'21a2     0x4  exit.o [2]
  .text              ro code   0x800'21a8     0xa  cexit.o [4]
  .text              ro code   0x800'21b4    0x14  exit.o [5]
  .text              ro code   0x800'21c8    0x10  startup_stm32f429xx.o [1]
  .text              ro code   0x800'21d8     0xc  cstartup_M.o [4]
  .rodata            const     0x800'21e4     0x8  system_stm32f4xx.o [1]
  .text              ro code   0x800'21ec     0x4  startup_stm32f429xx.o [1]
  .text              ro code   0x800'21f0     0x4  startup_stm32f429xx.o [1]
  .text              ro code   0x800'21f4     0x4  startup_stm32f429xx.o [1]
  .text              ro code   0x800'21f8     0x4  startup_stm32f429xx.o [1]
  .text              ro code   0x800'21fc     0x4  startup_stm32f429xx.o [1]
  .text              ro code   0x800'2200     0x4  startup_stm32f429xx.o [1]
  .text              ro code   0x800'2204     0x4  startup_stm32f429xx.o [1]
  .text              ro code   0x800'2208     0x4  startup_stm32f429xx.o [1]
  .text              ro code   0x800'220c     0x4  startup_stm32f429xx.o [1]
  .text              ro code   0x800'2210     0x4  startup_stm32f429xx.o [1]
  .text              ro code   0x800'2214     0x4  startup_stm32f429xx.o [1]
  .text              ro code   0x800'2218     0x4  startup_stm32f429xx.o [1]
  .text              ro code   0x800'221c     0x4  startup_stm32f429xx.o [1]
  .text              ro code   0x800'2220     0x4  startup_stm32f429xx.o [1]
  .text              ro code   0x800'2224     0x4  startup_stm32f429xx.o [1]
  .text              ro code   0x800'2228     0x4  startup_stm32f429xx.o [1]
  .text              ro code   0x800'222c     0x4  startup_stm32f429xx.o [1]
  .text              ro code   0x800'2230     0x4  startup_stm32f429xx.o [1]
  .text              ro code   0x800'2234     0x4  startup_stm32f429xx.o [1]
  .text              ro code   0x800'2238     0x4  startup_stm32f429xx.o [1]
  .text              ro code   0x800'223c     0x4  startup_stm32f429xx.o [1]
  .text              ro code   0x800'2240     0x4  startup_stm32f429xx.o [1]
  .text              ro code   0x800'2244     0x4  startup_stm32f429xx.o [1]
  .text              ro code   0x800'2248     0x4  startup_stm32f429xx.o [1]
  .text              ro code   0x800'224c     0x4  startup_stm32f429xx.o [1]
  .text              ro code   0x800'2250     0x4  startup_stm32f429xx.o [1]
  .text              ro code   0x800'2254     0x4  startup_stm32f429xx.o [1]
  .text              ro code   0x800'2258     0x4  startup_stm32f429xx.o [1]
  .text              ro code   0x800'225c     0x4  startup_stm32f429xx.o [1]
  .text              ro code   0x800'2260     0x4  startup_stm32f429xx.o [1]
  .text              ro code   0x800'2264     0x4  startup_stm32f429xx.o [1]
  .text              ro code   0x800'2268     0x4  startup_stm32f429xx.o [1]
  .text              ro code   0x800'226c     0x4  startup_stm32f429xx.o [1]
  .text              ro code   0x800'2270     0x4  startup_stm32f429xx.o [1]
  .text              ro code   0x800'2274     0x4  startup_stm32f429xx.o [1]
  .text              ro code   0x800'2278     0x4  startup_stm32f429xx.o [1]
  .text              ro code   0x800'227c     0x4  startup_stm32f429xx.o [1]
  .text              ro code   0x800'2280     0x4  startup_stm32f429xx.o [1]
  .text              ro code   0x800'2284     0x4  startup_stm32f429xx.o [1]
  .text              ro code   0x800'2288     0x4  startup_stm32f429xx.o [1]
  .text              ro code   0x800'228c     0x4  startup_stm32f429xx.o [1]
  .text              ro code   0x800'2290     0x4  startup_stm32f429xx.o [1]
  .text              ro code   0x800'2294     0x4  startup_stm32f429xx.o [1]
  .text              ro code   0x800'2298     0x4  startup_stm32f429xx.o [1]
  .text              ro code   0x800'229c     0x4  startup_stm32f429xx.o [1]
  .text              ro code   0x800'22a0     0x4  startup_stm32f429xx.o [1]
  .text              ro code   0x800'22a4     0x4  startup_stm32f429xx.o [1]
  .text              ro code   0x800'22a8     0x4  startup_stm32f429xx.o [1]
  .text              ro code   0x800'22ac     0x4  startup_stm32f429xx.o [1]
  .text              ro code   0x800'22b0     0x4  startup_stm32f429xx.o [1]
  .text              ro code   0x800'22b4     0x4  startup_stm32f429xx.o [1]
  .text              ro code   0x800'22b8     0x4  startup_stm32f429xx.o [1]
  .text              ro code   0x800'22bc     0x4  startup_stm32f429xx.o [1]
  .text              ro code   0x800'22c0     0x4  startup_stm32f429xx.o [1]
  .text              ro code   0x800'22c4     0x4  startup_stm32f429xx.o [1]
  .text              ro code   0x800'22c8     0x4  startup_stm32f429xx.o [1]
  .text              ro code   0x800'22cc     0x4  startup_stm32f429xx.o [1]
  .text              ro code   0x800'22d0     0x4  startup_stm32f429xx.o [1]
  .text              ro code   0x800'22d4     0x4  startup_stm32f429xx.o [1]
  .text              ro code   0x800'22d8     0x4  startup_stm32f429xx.o [1]
  .text              ro code   0x800'22dc     0x4  startup_stm32f429xx.o [1]
  .text              ro code   0x800'22e0     0x4  startup_stm32f429xx.o [1]
  .text              ro code   0x800'22e4     0x4  startup_stm32f429xx.o [1]
  .text              ro code   0x800'22e8     0x4  startup_stm32f429xx.o [1]
  .text              ro code   0x800'22ec     0x4  startup_stm32f429xx.o [1]
  .text              ro code   0x800'22f0     0x4  startup_stm32f429xx.o [1]
  .text              ro code   0x800'22f4     0x4  startup_stm32f429xx.o [1]
  .text              ro code   0x800'22f8     0x4  startup_stm32f429xx.o [1]
  .text              ro code   0x800'22fc     0x4  startup_stm32f429xx.o [1]
  .text              ro code   0x800'2300     0x4  startup_stm32f429xx.o [1]
  .text              ro code   0x800'2304     0x4  startup_stm32f429xx.o [1]
  .text              ro code   0x800'2308     0x4  startup_stm32f429xx.o [1]
  .text              ro code   0x800'230c     0x4  startup_stm32f429xx.o [1]
  .text              ro code   0x800'2310     0x4  startup_stm32f429xx.o [1]
  .text              ro code   0x800'2314     0x4  startup_stm32f429xx.o [1]
  .text              ro code   0x800'2318     0x4  startup_stm32f429xx.o [1]
  .text              ro code   0x800'231c     0x4  startup_stm32f429xx.o [1]
  .text              ro code   0x800'2320     0x4  startup_stm32f429xx.o [1]
  .text              ro code   0x800'2324     0x4  startup_stm32f429xx.o [1]
  .text              ro code   0x800'2328     0x4  startup_stm32f429xx.o [1]
  .text              ro code   0x800'232c     0x4  startup_stm32f429xx.o [1]
  .text              ro code   0x800'2330     0x4  startup_stm32f429xx.o [1]
  .text              ro code   0x800'2334     0x4  startup_stm32f429xx.o [1]
  .rodata            const     0x800'2338     0x0  packbits_init_single.o [4]
  Initializer bytes  const     0x800'2338    0x25  <for P2-1>
                             - 0x800'235d  0x21b1

"P2", part 1 of 2:                          0x4ec
  P2-1                        0x2000'0000   0x4ec  <Init block>
    .data            inited   0x2000'0000   0x4dc  main.o [1]
    .data            inited   0x2000'04dc     0xc  stm32f4xx_hal.o [1]
    .data            inited   0x2000'04e8     0x4  system_stm32f4xx.o [1]
                            - 0x2000'04ec   0x4ec

"P2", part 2 of 2:                          0x400
  CSTACK                      0x2000'04f0   0x400  <Block>
    CSTACK           uninit   0x2000'04f0   0x400  <Block tail>
                            - 0x2000'08f0   0x400

Unused ranges:

         From           To       Size
         ----           --       ----
   0x800'235d   0x81f'ffff  0x1f'dca3
  0x2000'04ec  0x2000'04ef        0x4
  0x2000'08f0  0x2002'ffff   0x2'f710


*******************************************************************************
*** INIT TABLE
***

          Address      Size
          -------      ----
Copy/packbits (__iar_packbits_init_single3)
    1 source range, total size 0x25 (2% of destination):
           0x800'2338   0x25
    1 destination range, total size 0x4ec:
          0x2000'0000  0x4ec



*******************************************************************************
*** MODULE SUMMARY
***

    Module                  ro code  ro data  rw data
    ------                  -------  -------  -------
command line/config:
    -------------------------------------------------
    Total:

D:\CONTROLL\A2015132039CYU\NEWC\EWARM\NEWC\Obj: [1]
    main.o                    1 188       36    1 244
    startup_stm32f429xx.o       776
    stm32f4xx_hal.o             184                12
    stm32f4xx_hal_cortex.o      196
    stm32f4xx_hal_dma.o          36
    stm32f4xx_hal_gpio.o        538
    stm32f4xx_hal_msp.o         508
    stm32f4xx_hal_pcd.o         208
    stm32f4xx_hal_rcc.o       1 232
    stm32f4xx_hal_tim.o       1 702
    stm32f4xx_hal_tim_ex.o      144
    stm32f4xx_hal_uart.o        890
    stm32f4xx_it.o               76
    stm32f4xx_ll_usb.o          696
    system_stm32f4xx.o           44        9        4
    -------------------------------------------------
    Total:                    8 418       45    1 260

dl7M_tlf.a: [2]
    exit.o                        4
    low_level_init.o              4
    -------------------------------------------------
    Total:                        8

m7M_tls.a: [3]
    fpinit_M.o                   34
    -------------------------------------------------
    Total:                       34

rt7M_tl.a: [4]
    ABImemclr4.o                  6
    ABImemcpy_small.o            24
    ABImemset48.o                50
    I64DivMod_small.o           262
    I64DivZer.o                   2
    cexit.o                      10
    cmain.o                      30
    cstartup_M.o                 12
    data_init.o                  40
    packbits_init_single.o       56
    -------------------------------------------------
    Total:                      492

shb_l.a: [5]
    exit.o                       20
    -------------------------------------------------
    Total:                       20

    Gaps                         18        2
    Linker created                        16    1 024
-----------------------------------------------------
    Grand Total:              8 990       63    2 284


*******************************************************************************
*** ENTRY LIST
***

Entry                       Address   Size  Type      Object
-----                       -------   ----  ----      ------
.iar.init_table$$Base    0x800'2170          --   Gb  - Linker created -
.iar.init_table$$Limit   0x800'2180          --   Gb  - Linker created -
?main                    0x800'2181         Code  Gb  cmain.o [4]
AHBPrescTable            0x800'2114   0x10  Data  Gb  system_stm32f4xx.o [1]
APBPrescTable            0x800'21e4    0x8  Data  Gb  system_stm32f4xx.o [1]
BusFault_Handler         0x800'206b    0x2  Code  Gb  stm32f4xx_it.o [1]
CSTACK$$Base            0x2000'04f0          --   Gb  - Linker created -
CSTACK$$Limit           0x2000'08f0          --   Gb  - Linker created -
DebugMon_Handler         0x800'2071    0x2  Code  Gb  stm32f4xx_it.o [1]
EXTI0_IRQHandler         0x800'2079    0x6  Code  Gb  stm32f4xx_it.o [1]
EXTI1_IRQHandler         0x800'207f    0x6  Code  Gb  stm32f4xx_it.o [1]
EXTI2_IRQHandler         0x800'2085    0x6  Code  Gb  stm32f4xx_it.o [1]
EXTI3_IRQHandler         0x800'208b    0x6  Code  Gb  stm32f4xx_it.o [1]
HAL_DMA_Abort_IT         0x800'1c29   0x24  Code  Gb  stm32f4xx_hal_dma.o [1]
HAL_Delay                0x800'203d   0x28  Code  Wk  stm32f4xx_hal.o [1]
HAL_GPIO_EXTI_IRQHandler
                         0x800'0ce7   0x10  Code  Gb  stm32f4xx_hal_gpio.o [1]
HAL_GPIO_Init            0x800'0b19  0x1c6  Code  Gb  stm32f4xx_hal_gpio.o [1]
HAL_GPIO_WritePin        0x800'0cdf    0x8  Code  Gb  stm32f4xx_hal_gpio.o [1]
HAL_GetTick              0x800'202d    0xc  Code  Wk  stm32f4xx_hal.o [1]
HAL_IncTick              0x800'20b1   0x10  Code  Wk  stm32f4xx_hal.o [1]
HAL_Init                 0x800'1215   0x30  Code  Gb  stm32f4xx_hal.o [1]
HAL_InitTick             0x800'1be9   0x40  Code  Wk  stm32f4xx_hal.o [1]
HAL_MspInit              0x800'0849   0x34  Code  Gb  stm32f4xx_hal_msp.o [1]
HAL_NVIC_EnableIRQ       0x800'0ac3   0x16  Code  Gb  stm32f4xx_hal_cortex.o [1]
HAL_NVIC_SetPriority     0x800'0a89   0x3a  Code  Gb  stm32f4xx_hal_cortex.o [1]
HAL_NVIC_SetPriorityGrouping
                         0x800'0a6f   0x1a  Code  Gb  stm32f4xx_hal_cortex.o [1]
HAL_PCD_Init             0x800'1649   0xb8  Code  Gb  stm32f4xx_hal_pcd.o [1]
HAL_PCD_MspInit          0x800'09a3   0x70  Code  Gb  stm32f4xx_hal_msp.o [1]
HAL_RCC_ClockConfig      0x800'1a3d  0x100  Code  Gb  stm32f4xx_hal_rcc.o [1]
HAL_RCC_GetPCLK1Freq     0x800'1b49   0x10  Code  Gb  stm32f4xx_hal_rcc.o [1]
HAL_RCC_GetPCLK2Freq     0x800'1b59    0xe  Code  Gb  stm32f4xx_hal_rcc.o [1]
HAL_RCC_OscConfig        0x800'1719  0x324  Code  Wk  stm32f4xx_hal_rcc.o [1]
HAL_SYSTICK_Config       0x800'0ad9   0x28  Code  Gb  stm32f4xx_hal_cortex.o [1]
HAL_TIMEx_BreakCallback
                         0x800'0a4d    0x2  Code  Wk  stm32f4xx_hal_tim_ex.o [1]
HAL_TIMEx_CommutCallback
                         0x800'0a51    0x2  Code  Wk  stm32f4xx_hal_tim_ex.o [1]
HAL_TIMEx_MasterConfigSynchronization
                         0x800'1249   0x6e  Code  Gb  stm32f4xx_hal_tim_ex.o [1]
HAL_TIM_Base_Init        0x800'01ad   0x1a  Code  Gb  stm32f4xx_hal_tim.o [1]
HAL_TIM_Base_MspInit     0x800'087d   0x56  Code  Gb  stm32f4xx_hal_msp.o [1]
HAL_TIM_Base_Start_IT    0x800'01c7   0x20  Code  Gb  stm32f4xx_hal_tim.o [1]
HAL_TIM_ConfigClockSource
                         0x800'04e9   0x90  Code  Gb  stm32f4xx_hal_tim.o [1]
HAL_TIM_IRQHandler       0x800'02b1  0x142  Code  Gb  stm32f4xx_hal_tim.o [1]
HAL_TIM_MspPostInit      0x800'08d3   0x56  Code  Gb  stm32f4xx_hal_msp.o [1]
HAL_TIM_PWM_ConfigChannel
                         0x800'03f9   0xbc  Code  Gb  stm32f4xx_hal_tim.o [1]
HAL_TIM_PWM_Init         0x800'021b   0x1a  Code  Gb  stm32f4xx_hal_tim.o [1]
HAL_TIM_PWM_Start_IT     0x800'0235   0x14  Code  Gb  stm32f4xx_hal_tim.o [1]
HAL_UART_IRQHandler      0x800'1357  0x152  Code  Gb  stm32f4xx_hal_uart.o [1]
HAL_UART_Init            0x800'12d5   0x1e  Code  Gb  stm32f4xx_hal_uart.o [1]
HAL_UART_MspInit         0x800'0929   0x70  Code  Gb  stm32f4xx_hal_msp.o [1]
HardFault_Handler        0x800'2067    0x2  Code  Gb  stm32f4xx_it.o [1]
MX_GPIO_Init             0x800'0fb3  0x1ea  Code  Lc  main.o [1]
MemManage_Handler        0x800'2069    0x2  Code  Gb  stm32f4xx_it.o [1]
NMI_Handler              0x800'2065    0x2  Code  Gb  stm32f4xx_it.o [1]
PendSV_Handler           0x800'2073    0x2  Code  Gb  stm32f4xx_it.o [1]
Region$$Table$$Base      0x800'2170          --   Gb  - Linker created -
Region$$Table$$Limit     0x800'2180          --   Gb  - Linker created -
SVC_Handler              0x800'206f    0x2  Code  Gb  stm32f4xx_it.o [1]
SysTick_Handler          0x800'2075    0x4  Code  Gb  stm32f4xx_it.o [1]
SystemClock_Config       0x800'0f25   0x8e  Code  Gb  main.o [1]
SystemCoreClock         0x2000'04e8    0x4  Data  Gb  system_stm32f4xx.o [1]
SystemInit               0x800'20f9   0x14  Code  Gb  system_stm32f4xx.o [1]
TIM3_IRQHandler          0x800'2091    0x6  Code  Gb  stm32f4xx_it.o [1]
TIM4_IRQHandler          0x800'2097    0x6  Code  Gb  stm32f4xx_it.o [1]
TIM_Base_SetConfig       0x800'05a3   0x96  Code  Gb  stm32f4xx_hal_tim.o [1]
TIM_CCxChannelCmd        0x800'082b   0x16  Code  Gb  stm32f4xx_hal_tim.o [1]
TIM_ETR_SetConfig        0x800'0817   0x14  Code  Gb  stm32f4xx_hal_tim.o [1]
TIM_ITRx_SetConfig       0x800'0807   0x10  Code  Lc  stm32f4xx_hal_tim.o [1]
TIM_OC1_SetConfig        0x800'0639   0x58  Code  Lc  stm32f4xx_hal_tim.o [1]
TIM_OC2_SetConfig        0x800'0691   0x60  Code  Gb  stm32f4xx_hal_tim.o [1]
TIM_OC3_SetConfig        0x800'06f1   0x5e  Code  Lc  stm32f4xx_hal_tim.o [1]
TIM_OC4_SetConfig        0x800'074f   0x46  Code  Lc  stm32f4xx_hal_tim.o [1]
TIM_TI1_ConfigInputStage
                         0x800'07c5   0x1e  Code  Lc  stm32f4xx_hal_tim.o [1]
TIM_TI2_ConfigInputStage
                         0x800'07e3   0x24  Code  Lc  stm32f4xx_hal_tim.o [1]
UART_DMAAbortOnError     0x800'14c5    0xc  Code  Lc  stm32f4xx_hal_uart.o [1]
UART_EndRxTransfer       0x800'14a9   0x1c  Code  Lc  stm32f4xx_hal_uart.o [1]
UART_Receive_IT          0x800'14d1   0x92  Code  Lc  stm32f4xx_hal_uart.o [1]
UART_SetConfig           0x800'1563   0xca  Code  Lc  stm32f4xx_hal_uart.o [1]
USART3_IRQHandler        0x800'209d    0x6  Code  Gb  stm32f4xx_it.o [1]
USB_CoreInit             0x800'1d5d   0x78  Code  Gb  stm32f4xx_ll_usb.o [1]
USB_CoreReset            0x800'1fbd   0x2a  Code  Lc  stm32f4xx_ll_usb.o [1]
USB_DevDisconnect        0x800'1fa5    0xc  Code  Gb  stm32f4xx_ll_usb.o [1]
USB_DevInit              0x800'1e09  0x154  Code  Gb  stm32f4xx_ll_usb.o [1]
USB_DisableGlobalInt     0x800'1dd5    0x6  Code  Gb  stm32f4xx_ll_usb.o [1]
USB_FlushRxFifo          0x800'1f7b   0x1a  Code  Gb  stm32f4xx_ll_usb.o [1]
USB_FlushTxFifo          0x800'1f5d   0x1e  Code  Gb  stm32f4xx_ll_usb.o [1]
USB_SetCurrentMode       0x800'1de1   0x28  Code  Gb  stm32f4xx_ll_usb.o [1]
USB_SetDevSpeed          0x800'1f95    0xa  Code  Gb  stm32f4xx_ll_usb.o [1]
UsageFault_Handler       0x800'206d    0x2  Code  Gb  stm32f4xx_it.o [1]
__NVIC_SetPriority       0x800'0a55   0x1a  Code  Lc  stm32f4xx_hal_cortex.o [1]
__aeabi_ldiv0            0x800'2039         Code  Gb  I64DivZer.o [4]
__aeabi_memclr4          0x800'0d35         Code  Gb  ABImemclr4.o [4]
__cmain                  0x800'2181         Code  Gb  cmain.o [4]
__exit                   0x800'21b5   0x14  Code  Gb  exit.o [5]
__iar_Memset4_word       0x800'0d3d         Code  Gb  ABImemset48.o [4]
__iar_Memset8_word       0x800'0d3d         Code  Gb  ABImemset48.o [4]
__iar_data_init3         0x800'2125   0x28  Code  Gb  data_init.o [4]
__iar_init_vfp           0x800'214d         Code  Gb  fpinit_M.o [3]
__iar_packbits_init_single3
                         0x800'20c1   0x38  Code  Gb  packbits_init_single.o [4]
__iar_program_start      0x800'21d9         Code  Gb  cstartup_M.o [4]
__iar_small_Memcpy       0x800'2019         Code  Gb  ABImemcpy_small.o [4]
__iar_small_memcpy       0x800'2015         Code  Gb  ABImemcpy_small.o [4]
__iar_small_memcpy4      0x800'2015         Code  Gb  ABImemcpy_small.o [4]
__iar_small_memcpy8      0x800'2015         Code  Gb  ABImemcpy_small.o [4]
__iar_small_uldivmod     0x800'1c55         Code  Gb  I64DivMod_small.o [4]
__low_level_init         0x800'219f    0x4  Code  Gb  low_level_init.o [2]
__vector_table           0x800'0000         Data  Gb  startup_stm32f429xx.o [1]
_call_main               0x800'218d         Code  Gb  cmain.o [4]
_exit                    0x800'21a9         Code  Gb  cexit.o [4]
_main                    0x800'219b         Code  Gb  cmain.o [4]
exit                     0x800'21a3    0x4  Code  Gb  exit.o [2]
hpcd_USB_OTG_FS         0x2000'0000  0x408  Data  Gb  main.o [1]
htim3                   0x2000'0448   0x40  Data  Gb  main.o [1]
htim4                   0x2000'0488   0x40  Data  Gb  main.o [1]
huart3                  0x2000'0408   0x40  Data  Gb  main.o [1]
main                     0x800'0d71  0x1ae  Code  Gb  main.o [1]
p0                      0x2000'04cc    0x4  Data  Gb  main.o [1]
p1                      0x2000'04d0    0x4  Data  Gb  main.o [1]
p2                      0x2000'04d4    0x4  Data  Gb  main.o [1]
psum                    0x2000'04d8    0x4  Data  Gb  main.o [1]
pulse                   0x2000'04c8    0x4  Data  Gb  main.o [1]
uwTick                  0x2000'04e0    0x4  Data  Gb  stm32f4xx_hal.o [1]
uwTickFreq              0x2000'04dc    0x1  Data  Gb  stm32f4xx_hal.o [1]
uwTickPrio              0x2000'04e4    0x4  Data  Gb  stm32f4xx_hal.o [1]


[1] = D:\CONTROLL\A2015132039CYU\NEWC\EWARM\NEWC\Obj
[2] = dl7M_tlf.a
[3] = m7M_tls.a
[4] = rt7M_tl.a
[5] = shb_l.a

  8 990 bytes of readonly  code memory
     63 bytes of readonly  data memory
  2 284 bytes of readwrite data memory

Errors: none
Warnings: none
